<html>
<body>
<pre>
<h1>µVision Build Log</h1>
<h2>Project:</h2>
F:\High-core\150805_1.1.7_150822\Blue_20150822_APP\Project\AKEY_Blue.uvprojx
Project File Date:  08/27/2015

<h2>Output:</h2>
Build target 'AKEY_Blue'
compiling main.c...
compiling stm32f4xx_it.c...
compiling Task_Communicate_protocol.c...
compiling system_stm32f4xx.c...
compiling Task_HardwareControl.c...
compiling bsp_Adc.c...
..\Sourcecode\BSP\src\bsp_Adc.c(127): warning:  #1035-D: single-precision operand implicitly converted to double-precision
                Bate=(float)((float)((200-index)-20)/180.0);
..\Sourcecode\BSP\src\bsp_Adc.c: 1 warning, 0 errors
compiling bsp_AesEcb256.c...
compiling bsp_Delay.c...
compiling bsp_FileSystem.c...
compiling bsp_Sdio.c...
compiling bsp_Usart.c...
compiling bsp_Gpio.c...
compiling bsp_RTC.c...
compiling bsp_MD5.c...
compiling usb_bsp.c...
compiling usb_core.c...
compiling usb_dcd.c...
compiling usb_dcd_int.c...
compiling usbd_core.c...
compiling usbd_desc.c...
compiling usbd_ioreq.c...
compiling usbd_msc_bot.c...
compiling usbd_msc_core.c...
compiling usbd_msc_data.c...
compiling usbd_msc_scsi.c...
compiling usbd_req.c...
compiling usbd_storage.c...
compiling usbd_usr.c...
compiling diskio.c...
..\Libirary\FATFS\diskio.c(91): warning:  #177-D: variable "status" was declared but never referenced
        BYTE status = USBH_MSC_OK;
..\Libirary\FATFS\diskio.c(131): warning:  #177-D: variable "status" was declared but never referenced
                          BYTE status = USBH_MSC_OK;
..\Libirary\FATFS\diskio.c: 2 warnings, 0 errors
compiling misc.c...
compiling stm32f4xx_adc.c...
compiling stm32f4xx_crc.c...
compiling stm32f4xx_dma.c...
compiling stm32f4xx_exti.c...
compiling stm32f4xx_flash.c...
compiling stm32f4xx_gpio.c...
compiling stm32f4xx_i2c.c...
compiling stm32f4xx_iwdg.c...
compiling stm32f4xx_pwr.c...
compiling stm32f4xx_rcc.c...
compiling stm32f4xx_rng.c...
compiling stm32f4xx_rtc.c...
compiling stm32f4xx_sdio.c...
compiling stm32f4xx_spi.c...
compiling stm32f4xx_syscfg.c...
compiling stm32f4xx_tim.c...
compiling stm32f4xx_usart.c...
linking...
Program Size: Code=83472 RO-data=8444 RW-data=7056 ZI-data=85752  
FromELF: creating hex file...
After Build - User command #1: C:\Keil_v5\ARM\ARMCC\bin\fromelf.exe --bin -o ./bin/Akey.bin ./Output/Akey_Blue.axf
".\Output\AKEY_Blue.axf" - 0 Error(s), 3 Warning(s).
</pre>
</body>
</html>
