Product: MDK-ARM Standard 5.10
Component: ARM Compiler 5.04 update 1 (build 49)
Tool: armlink [5040049]

==============================================================================

Section Cross References

    main.o(.text) refers to misc.o(.text) for NVIC_SetVectorTable
    main.o(.text) refers to bsp_md5.o(.text) for MD5_Test
    main.o(.text) refers to bsp_gpio.o(.text) for bsp_BTPWRInit
    main.o(.text) refers to bsp_delay.o(.text) for ForDelay_nms
    main.o(.text) refers to stm32f4xx_gpio.o(.text) for GPIO_ResetBits
    main.o(.text) refers to bsp_filesystem.o(.text) for bsp_ChangeAPPtoRun
    main.o(.text) refers to bsp_usart.o(.text) for USART2_Init
    main.o(.text) refers to bsp_adc.o(.text) for bsp_AdcInit
    main.o(.text) refers to bsp_rtc.o(.text) for RTC_Config
    main.o(.text) refers to queue.o(.text) for xQueueGenericCreate
    main.o(.text) refers to tasks.o(.text) for xTaskGenericCreate
    main.o(.text) refers to main.o(.data) for res
    main.o(.text) refers to system_stm32f4xx.o(.data) for SystemCoreClock
    main.o(.text) refers to task_hardwarecontrol.o(.text) for BSP_Task
    main.o(.text) refers to task_communicate_protocol.o(.text) for USART_L0_RXTask
    stm32f4xx_it.o(.text) refers to usb_dcd_int.o(.text) for USBD_OTG_ISR_Handler
    stm32f4xx_it.o(.text) refers to usb_bsp.o(.bss) for USB_OTG_Core
    task_communicate_protocol.o(.text) refers to tasks.o(.text) for xTaskGetTickCount
    task_communicate_protocol.o(.text) refers to rand.o(.text) for srand
    task_communicate_protocol.o(.text) refers to queue.o(.text) for xQueueGenericSend
    task_communicate_protocol.o(.text) refers to stm32f4xx_usart.o(.text) for USART_ITConfig
    task_communicate_protocol.o(.text) refers to bsp_delay.o(.text) for ForDelay_nms
    task_communicate_protocol.o(.text) refers to memcpya.o(.text) for __aeabi_memcpy
    task_communicate_protocol.o(.text) refers to task_hardwarecontrol.o(.text) for BT_Reset
    task_communicate_protocol.o(.text) refers to crypto.o(i.Crypto_DeInit) for Crypto_DeInit
    task_communicate_protocol.o(.text) refers to bsp_aesecb256.o(.text) for STM32_AES_ECB_Decrypt
    task_communicate_protocol.o(.text) refers to task_communicate_protocol.o(.constdata) for chCRCHTable
    task_communicate_protocol.o(.text) refers to task_communicate_protocol.o(.data) for L1_RxHeader
    task_communicate_protocol.o(.text) refers to main.o(.data) for L0_TxQue
    task_communicate_protocol.o(.text) refers to task_hardwarecontrol.o(.data) for SleepTime
    task_communicate_protocol.o(.text) refers to task_communicate_protocol.o(.bss) for L2_TxKeys
    task_communicate_protocol.o(.text) refers to bsp_aesecb256.o(.data) for Key
    task_communicate_protocol.o(.text) refers to bsp_filesystem.o(.data) for char_ManuName
    task_communicate_protocol.o(.text) refers to bsp_gpio.o(.text) for Ble_Discon
    task_communicate_protocol.o(.text) refers to bsp_filesystem.o(.text) for bsp_SysinfoSave
    task_communicate_protocol.o(.text) refers to bsp_adc.o(.data) for Battery_Level
    task_communicate_protocol.o(.text) refers to bsp_md5.o(.text) for STM32_MD5_HASH_DigestCompute
    task_communicate_protocol.o(.text) refers to bsp_usart.o(.data) for STX_Received
    task_communicate_protocol.o(.data) refers to task_communicate_protocol.o(.bss) for L1_RxBuffer
    system_stm32f4xx.o(.text) refers to system_stm32f4xx.o(.data) for SystemCoreClock
    task_hardwarecontrol.o(.text) refers to bsp_gpio.o(.text) for Ble_Discon
    task_hardwarecontrol.o(.text) refers to bsp_delay.o(.text) for ForDelay_nms
    task_hardwarecontrol.o(.text) refers to bsp_usart.o(.text) for USART2_Init
    task_hardwarecontrol.o(.text) refers to stm32f4xx_rcc.o(.text) for RCC_AHB2PeriphResetCmd
    task_hardwarecontrol.o(.text) refers to stm32f4xx_gpio.o(.text) for GPIO_Init
    task_hardwarecontrol.o(.text) refers to stm32f4xx_usart.o(.text) for USART_Cmd
    task_hardwarecontrol.o(.text) refers to stm32f4xx_adc.o(.text) for ADC_Cmd
    task_hardwarecontrol.o(.text) refers to stm32f4xx_sdio.o(.text) for SDIO_DeInit
    task_hardwarecontrol.o(.text) refers to bsp_sdio.o(.text) for SDIO_Register_Deinit
    task_hardwarecontrol.o(.text) refers to stm32f4xx_tim.o(.text) for TIM_Cmd
    task_hardwarecontrol.o(.text) refers to stm32f4xx_dma.o(.text) for DMA_Cmd
    task_hardwarecontrol.o(.text) refers to stm32f4xx_syscfg.o(.text) for SYSCFG_EXTILineConfig
    task_hardwarecontrol.o(.text) refers to stm32f4xx_exti.o(.text) for EXTI_Init
    task_hardwarecontrol.o(.text) refers to misc.o(.text) for NVIC_Init
    task_hardwarecontrol.o(.text) refers to usbd_core.o(.text) for USBD_DeInit
    task_hardwarecontrol.o(.text) refers to stm32f4xx_pwr.o(.text) for PWR_EnterSTOPMode
    task_hardwarecontrol.o(.text) refers to system_stm32f4xx.o(.text) for SetSysClock
    task_hardwarecontrol.o(.text) refers to bsp_adc.o(.text) for bsp_AdcInit
    task_hardwarecontrol.o(.text) refers to bsp_usart.o(.data) for BT_IsReady
[...]
    ADC_InjectedChannelConfig                0x0802e1e9   Thumb Code   130  stm32f4xx_adc.o(.text)
    ADC_InjectedSequencerLengthConfig        0x0802e26b   Thumb Code    24  stm32f4xx_adc.o(.text)
    ADC_SetInjectedOffset                    0x0802e283   Thumb Code    20  stm32f4xx_adc.o(.text)
    ADC_ExternalTrigInjectedConvConfig       0x0802e297   Thumb Code    16  stm32f4xx_adc.o(.text)
    ADC_ExternalTrigInjectedConvEdgeConfig   0x0802e2a7   Thumb Code    16  stm32f4xx_adc.o(.text)
    ADC_SoftwareStartInjectedConv            0x0802e2b7   Thumb Code    10  stm32f4xx_adc.o(.text)
    ADC_GetSoftwareStartInjectedConvCmdStatus 0x0802e2c1   Thumb Code    20  stm32f4xx_adc.o(.text)
    ADC_AutoInjectedConvCmd                  0x0802e2d5   Thumb Code    22  stm32f4xx_adc.o(.text)
    ADC_InjectedDiscModeCmd                  0x0802e2eb   Thumb Code    22  stm32f4xx_adc.o(.text)
    ADC_GetInjectedConversionValue           0x0802e301   Thumb Code    28  stm32f4xx_adc.o(.text)
    ADC_ITConfig                             0x0802e31d   Thumb Code    56  stm32f4xx_adc.o(.text)
    ADC_GetFlagStatus                        0x0802e355   Thumb Code    18  stm32f4xx_adc.o(.text)
    ADC_ClearFlag                            0x0802e367   Thumb Code     6  stm32f4xx_adc.o(.text)
    ADC_GetITStatus                          0x0802e36d   Thumb Code    38  stm32f4xx_adc.o(.text)
    ADC_ClearITPendingBit                    0x0802e393   Thumb Code    10  stm32f4xx_adc.o(.text)
    DMA_DeInit                               0x0802e39d   Thumb Code   324  stm32f4xx_dma.o(.text)
    DMA_Init                                 0x0802e4e1   Thumb Code    82  stm32f4xx_dma.o(.text)
    DMA_StructInit                           0x0802e533   Thumb Code    34  stm32f4xx_dma.o(.text)
    DMA_Cmd                                  0x0802e555   Thumb Code    22  stm32f4xx_dma.o(.text)
    DMA_PeriphIncOffsetSizeConfig            0x0802e56b   Thumb Code    22  stm32f4xx_dma.o(.text)
    DMA_FlowControllerConfig                 0x0802e581   Thumb Code    22  stm32f4xx_dma.o(.text)
    DMA_SetCurrDataCounter                   0x0802e597   Thumb Code     4  stm32f4xx_dma.o(.text)
    DMA_GetCurrDataCounter                   0x0802e59b   Thumb Code     8  stm32f4xx_dma.o(.text)
    DMA_DoubleBufferModeConfig               0x0802e5a3   Thumb Code    24  stm32f4xx_dma.o(.text)
    DMA_DoubleBufferModeCmd                  0x0802e5bb   Thumb Code    22  stm32f4xx_dma.o(.text)
    DMA_MemoryTargetConfig                   0x0802e5d1   Thumb Code    10  stm32f4xx_dma.o(.text)
    DMA_GetCurrentMemoryTarget               0x0802e5db   Thumb Code    20  stm32f4xx_dma.o(.text)
    DMA_GetCmdStatus                         0x0802e5ef   Thumb Code    20  stm32f4xx_dma.o(.text)
    DMA_GetFIFOStatus                        0x0802e603   Thumb Code    12  stm32f4xx_dma.o(.text)
    DMA_GetFlagStatus                        0x0802e60f   Thumb Code    56  stm32f4xx_dma.o(.text)
    DMA_ClearFlag                            0x0802e647   Thumb Code    40  stm32f4xx_dma.o(.text)
    DMA_ITConfig                             0x0802e66f   Thumb Code    58  stm32f4xx_dma.o(.text)
    DMA_GetITStatus                          0x0802e6a9   Thumb Code    84  stm32f4xx_dma.o(.text)
    DMA_ClearITPendingBit                    0x0802e6fd   Thumb Code    40  stm32f4xx_dma.o(.text)
    EXTI_DeInit                              0x0802e745   Thumb Code    28  stm32f4xx_exti.o(.text)
    EXTI_Init                                0x0802e761   Thumb Code   142  stm32f4xx_exti.o(.text)
    EXTI_StructInit                          0x0802e7ef   Thumb Code    16  stm32f4xx_exti.o(.text)
    EXTI_GenerateSWInterrupt                 0x0802e7ff   Thumb Code    16  stm32f4xx_exti.o(.text)
    EXTI_GetFlagStatus                       0x0802e80f   Thumb Code    22  stm32f4xx_exti.o(.text)
    EXTI_ClearFlag                           0x0802e825   Thumb Code     8  stm32f4xx_exti.o(.text)
    EXTI_GetITStatus                         0x0802e82d   Thumb Code    22  stm32f4xx_exti.o(.text)
    EXTI_ClearITPendingBit                   0x0802e843   Thumb Code     8  stm32f4xx_exti.o(.text)
    FLASH_SetLatency                         0x0802e855   Thumb Code     6  stm32f4xx_flash.o(.text)
    FLASH_PrefetchBufferCmd                  0x0802e85b   Thumb Code    30  stm32f4xx_flash.o(.text)
    FLASH_InstructionCacheCmd                0x0802e879   Thumb Code    30  stm32f4xx_flash.o(.text)
    FLASH_DataCacheCmd                       0x0802e897   Thumb Code    30  stm32f4xx_flash.o(.text)
    FLASH_InstructionCacheReset              0x0802e8b5   Thumb Code    14  stm32f4xx_flash.o(.text)
    FLASH_DataCacheReset                     0x0802e8c3   Thumb Code    14  stm32f4xx_flash.o(.text)
    FLASH_Unlock                             0x0802e8d1   Thumb Code    26  stm32f4xx_flash.o(.text)
    FLASH_Lock                               0x0802e8eb   Thumb Code    18  stm32f4xx_flash.o(.text)
    FLASH_GetStatus                          0x0802e8fd   Thumb Code    90  stm32f4xx_flash.o(.text)
    FLASH_WaitForLastOperation               0x0802e957   Thumb Code    34  stm32f4xx_flash.o(.text)
    FLASH_EraseSector                        0x0802e979   Thumb Code   140  stm32f4xx_flash.o(.text)
    FLASH_EraseAllSectors                    0x0802ea05   Thumb Code   112  stm32f4xx_flash.o(.text)
    FLASH_EraseAllBank1Sectors               0x0802ea75   Thumb Code   112  stm32f4xx_flash.o(.text)
    FLASH_EraseAllBank2Sectors               0x0802eae5   Thumb Code   112  stm32f4xx_flash.o(.text)
    FLASH_ProgramDoubleWord                  0x0802eb55   Thumb Code    86  stm32f4xx_flash.o(.text)
    FLASH_ProgramWord                        0x0802ebab   Thumb Code    82  stm32f4xx_flash.o(.text)
    FLASH_ProgramHalfWord                    0x0802ebfd   Thumb Code    96  stm32f4xx_flash.o(.text)
    FLASH_ProgramByte                        0x0802ec5d   Thumb Code    70  stm32f4xx_flash.o(.text)
    FLASH_OB_Unlock                          0x0802eca3   Thumb Code    26  stm32f4xx_flash.o(.text)
    FLASH_OB_Lock                            0x0802ecbd   Thumb Code    18  stm32f4xx_flash.o(.text)
    FLASH_OB_WRPConfig                       0x0802eccf   Thumb Code    54  stm32f4xx_flash.o(.text)
    FLASH_OB_WRP1Config                      0x0802ed05   Thumb Code    54  stm32f4xx_flash.o(.text)
    FLASH_OB_PCROPSelectionConfig            0x0802ed3b   Thumb Code    24  stm32f4xx_flash.o(.text)
    FLASH_OB_PCROPConfig                     0x0802ed53   Thumb Code    54  stm32f4xx_flash.o(.text)
    FLASH_OB_PCROP1Config                    0x0802ed89   Thumb Code    54  stm32f4xx_flash.o(.text)
    FLASH_OB_RDPConfig                       0x0802edbf   Thumb Code    24  stm32f4xx_flash.o(.text)
    FLASH_OB_UserConfig                      0x0802edd7   Thumb Code    46  stm32f4xx_flash.o(.text)
    FLASH_OB_BootConfig                      0x0802ee05   Thumb Code    26  stm32f4xx_flash.o(.text)
    FLASH_OB_BORConfig                       0x0802ee1f   Thumb Code    26  stm32f4xx_flash.o(.text)
    FLASH_OB_Launch                          0x0802ee39   Thumb Code    30  stm32f4xx_flash.o(.text)
    FLASH_OB_GetUser                         0x0802ee57   Thumb Code    12  stm32f4xx_flash.o(.text)
    FLASH_OB_GetWRP                          0x0802ee63   Thumb Code     8  stm32f4xx_flash.o(.text)
    FLASH_OB_GetWRP1                         0x0802ee6b   Thumb Code     8  stm32f4xx_flash.o(.text)
    FLASH_OB_GetPCROP                        0x0802ee73   Thumb Code     8  stm32f4xx_flash.o(.text)
    FLASH_OB_GetPCROP1                       0x0802ee7b   Thumb Code     8  stm32f4xx_flash.o(.text)
    FLASH_OB_GetRDP                          0x0802ee83   Thumb Code    20  stm32f4xx_flash.o(.text)
    FLASH_OB_GetBOR                          0x0802ee97   Thumb Code    12  stm32f4xx_flash.o(.text)
    FLASH_ITConfig                           0x0802eea3   Thumb Code    26  stm32f4xx_flash.o(.text)
    FLASH_GetFlagStatus                      0x0802eebd   Thumb Code    22  stm32f4xx_flash.o(.text)
    FLASH_ClearFlag                          0x0802eed3   Thumb Code     8  stm32f4xx_flash.o(.text)
    GPIO_DeInit                              0x0802eee9   Thumb Code   268  stm32f4xx_gpio.o(.text)
    GPIO_Init                                0x0802eff5   Thumb Code   144  stm32f4xx_gpio.o(.text)
    GPIO_StructInit                          0x0802f085   Thumb Code    18  stm32f4xx_gpio.o(.text)
    GPIO_PinLockConfig                       0x0802f097   Thumb Code    34  stm32f4xx_gpio.o(.text)
    GPIO_ReadInputDataBit                    0x0802f0b9   Thumb Code    18  stm32f4xx_gpio.o(.text)
    GPIO_ReadInputData                       0x0802f0cb   Thumb Code     8  stm32f4xx_gpio.o(.text)
    GPIO_ReadOutputDataBit                   0x0802f0d3   Thumb Code    18  stm32f4xx_gpio.o(.text)
    GPIO_ReadOutputData                      0x0802f0e5   Thumb Code     8  stm32f4xx_gpio.o(.text)
    GPIO_SetBits                             0x0802f0ed   Thumb Code     4  stm32f4xx_gpio.o(.text)
    GPIO_ResetBits                           0x0802f0f1   Thumb Code     4  stm32f4xx_gpio.o(.text)
    GPIO_WriteBit                            0x0802f0f5   Thumb Code    10  stm32f4xx_gpio.o(.text)
    GPIO_Write                               0x0802f0ff   Thumb Code     4  stm32f4xx_gpio.o(.text)
    GPIO_ToggleBits                          0x0802f103   Thumb Code     8  stm32f4xx_gpio.o(.text)
    GPIO_PinAFConfig                         0x0802f10b   Thumb Code    70  stm32f4xx_gpio.o(.text)
    IWDG_WriteAccessCmd                      0x0802f17d   Thumb Code     6  stm32f4xx_iwdg.o(.text)
    IWDG_SetPrescaler                        0x0802f183   Thumb Code     6  stm32f4xx_iwdg.o(.text)
    IWDG_SetReload                           0x0802f189   Thumb Code     6  stm32f4xx_iwdg.o(.text)
    IWDG_ReloadCounter                       0x0802f18f   Thumb Code    10  stm32f4xx_iwdg.o(.text)
    IWDG_Enable                              0x0802f199   Thumb Code    10  stm32f4xx_iwdg.o(.text)
    IWDG_GetFlagStatus                       0x0802f1a3   Thumb Code    20  stm32f4xx_iwdg.o(.text)
    PWR_DeInit                               0x0802f1bd   Thumb Code    22  stm32f4xx_pwr.o(.text)
    PWR_BackupAccessCmd                      0x0802f1d3   Thumb Code     6  stm32f4xx_pwr.o(.text)
    PWR_PVDLevelConfig                       0x0802f1d9   Thumb Code    18  stm32f4xx_pwr.o(.text)
    PWR_PVDCmd                               0x0802f1eb   Thumb Code     6  stm32f4xx_pwr.o(.text)
    PWR_WakeUpPinCmd                         0x0802f1f1   Thumb Code     8  stm32f4xx_pwr.o(.text)
    PWR_BackupRegulatorCmd                   0x0802f1f9   Thumb Code     8  stm32f4xx_pwr.o(.text)
    PWR_MainRegulatorModeConfig              0x0802f201   Thumb Code    18  stm32f4xx_pwr.o(.text)
    PWR_OverDriveCmd                         0x0802f213   Thumb Code     6  stm32f4xx_pwr.o(.text)
    PWR_OverDriveSWCmd                       0x0802f219   Thumb Code     6  stm32f4xx_pwr.o(.text)
    PWR_UnderDriveCmd                        0x0802f21f   Thumb Code    30  stm32f4xx_pwr.o(.text)
    PWR_MainRegulatorLowVoltageCmd           0x0802f23d   Thumb Code    18  stm32f4xx_pwr.o(.text)
    PWR_LowRegulatorLowVoltageCmd            0x0802f24f   Thumb Code    18  stm32f4xx_pwr.o(.text)
    PWR_FlashPowerDownCmd                    0x0802f261   Thumb Code     6  stm32f4xx_pwr.o(.text)
    PWR_EnterSTOPMode                        0x0802f267   Thumb Code    58  stm32f4xx_pwr.o(.text)
    PWR_EnterUnderDriveSTOPMode              0x0802f2a1   Thumb Code    58  stm32f4xx_pwr.o(.text)
    PWR_EnterSTANDBYMode                     0x0802f2db   Thumb Code    32  stm32f4xx_pwr.o(.text)
    PWR_GetFlagStatus                        0x0802f2fb   Thumb Code    20  stm32f4xx_pwr.o(.text)
    PWR_ClearFlag                            0x0802f30f   Thumb Code    14  stm32f4xx_pwr.o(.text)
    RCC_DeInit                               0x0802f329   Thumb Code    82  stm32f4xx_rcc.o(.text)
    RCC_HSEConfig                            0x0802f37b   Thumb Code    14  stm32f4xx_rcc.o(.text)
    RCC_GetFlagStatus                        0x0802f389   Thumb Code    60  stm32f4xx_rcc.o(.text)
    RCC_WaitForHSEStartUp                    0x0802f3c5   Thumb Code    56  stm32f4xx_rcc.o(.text)
    RCC_AdjustHSICalibrationValue            0x0802f3fd   Thumb Code    20  stm32f4xx_rcc.o(.text)
    RCC_HSICmd                               0x0802f411   Thumb Code     6  stm32f4xx_rcc.o(.text)
    RCC_LSEConfig                            0x0802f417   Thumb Code    46  stm32f4xx_rcc.o(.text)
    RCC_LSICmd                               0x0802f445   Thumb Code     6  stm32f4xx_rcc.o(.text)
    RCC_PLLConfig                            0x0802f44b   Thumb Code    32  stm32f4xx_rcc.o(.text)
    RCC_PLLCmd                               0x0802f46b   Thumb Code     6  stm32f4xx_rcc.o(.text)
    RCC_PLLI2SConfig                         0x0802f471   Thumb Code    18  stm32f4xx_rcc.o(.text)
    RCC_PLLI2SCmd                            0x0802f483   Thumb Code     6  stm32f4xx_rcc.o(.text)
    RCC_PLLSAIConfig                         0x0802f489   Thumb Code    20  stm32f4xx_rcc.o(.text)
    RCC_PLLSAICmd                            0x0802f49d   Thumb Code     6  stm32f4xx_rcc.o(.text)
    RCC_ClockSecuritySystemCmd               0x0802f4a3   Thumb Code     6  stm32f4xx_rcc.o(.text)
    RCC_MCO1Config                           0x0802f4a9   Thumb Code    28  stm32f4xx_rcc.o(.text)
    RCC_MCO2Config                           0x0802f4c5   Thumb Code    28  stm32f4xx_rcc.o(.text)
    RCC_SYSCLKConfig                         0x0802f4e1   Thumb Code    20  stm32f4xx_rcc.o(.text)
    RCC_GetSYSCLKSource                      0x0802f4f5   Thumb Code    12  stm32f4xx_rcc.o(.text)
    RCC_HCLKConfig                           0x0802f501   Thumb Code    20  stm32f4xx_rcc.o(.text)
    RCC_PCLK1Config                          0x0802f515   Thumb Code    20  stm32f4xx_rcc.o(.text)
    RCC_PCLK2Config                          0x0802f529   Thumb Code    22  stm32f4xx_rcc.o(.text)
    RCC_GetClocksFreq                        0x0802f53f   Thumb Code   222  stm32f4xx_rcc.o(.text)
    RCC_RTCCLKConfig                         0x0802f61d   Thumb Code    54  stm32f4xx_rcc.o(.text)
    RCC_RTCCLKCmd                            0x0802f653   Thumb Code     8  stm32f4xx_rcc.o(.text)
    RCC_BackupResetCmd                       0x0802f65b   Thumb Code     8  stm32f4xx_rcc.o(.text)
    RCC_I2SCLKConfig                         0x0802f663   Thumb Code     6  stm32f4xx_rcc.o(.text)
    RCC_SAIBlockACLKConfig                   0x0802f669   Thumb Code    20  stm32f4xx_rcc.o(.text)
    RCC_SAIBlockBCLKConfig                   0x0802f67d   Thumb Code    20  stm32f4xx_rcc.o(.text)
    RCC_SAIPLLI2SClkDivConfig                0x0802f691   Thumb Code    26  stm32f4xx_rcc.o(.text)
    RCC_SAIPLLSAIClkDivConfig                0x0802f6ab   Thumb Code    28  stm32f4xx_rcc.o(.text)
    RCC_LTDCCLKDivConfig                     0x0802f6c7   Thumb Code    20  stm32f4xx_rcc.o(.text)
    RCC_TIMCLKPresConfig                     0x0802f6db   Thumb Code     6  stm32f4xx_rcc.o(.text)
    RCC_AHB1PeriphClockCmd                   0x0802f6e1   Thumb Code    34  stm32f4xx_rcc.o(.text)
    RCC_AHB2PeriphClockCmd                   0x0802f703   Thumb Code    78  stm32f4xx_rcc.o(.text)
    RCC_APB1PeriphClockCmd                   0x0802f751   Thumb Code    34  stm32f4xx_rcc.o(.text)
    RCC_APB2PeriphClockCmd                   0x0802f773   Thumb Code    34  stm32f4xx_rcc.o(.text)
    RCC_AHB1PeriphResetCmd                   0x0802f795   Thumb Code    34  stm32f4xx_rcc.o(.text)
    RCC_AHB2PeriphResetCmd                   0x0802f7b7   Thumb Code    34  stm32f4xx_rcc.o(.text)
    RCC_APB1PeriphResetCmd                   0x0802f7d9   Thumb Code    34  stm32f4xx_rcc.o(.text)
    RCC_APB2PeriphResetCmd                   0x0802f7fb   Thumb Code    34  stm32f4xx_rcc.o(.text)
    RCC_AHB1PeriphClockLPModeCmd             0x0802f81d   Thumb Code    34  stm32f4xx_rcc.o(.text)
    RCC_AHB2PeriphClockLPModeCmd             0x0802f83f   Thumb Code    34  stm32f4xx_rcc.o(.text)
    RCC_APB1PeriphClockLPModeCmd             0x0802f861   Thumb Code    34  stm32f4xx_rcc.o(.text)
    RCC_APB2PeriphClockLPModeCmd             0x0802f883   Thumb Code    34  stm32f4xx_rcc.o(.text)
    RCC_LSEModeConfig                        0x0802f8a5   Thumb Code    40  stm32f4xx_rcc.o(.text)
    RCC_ITConfig                             0x0802f8cd   Thumb Code    34  stm32f4xx_rcc.o(.text)
    RCC_ClearFlag                            0x0802f8ef   Thumb Code    18  stm32f4xx_rcc.o(.text)
    RCC_GetITStatus                          0x0802f901   Thumb Code    22  stm32f4xx_rcc.o(.text)
    RCC_ClearITPendingBit                    0x0802f917   Thumb Code     8  stm32f4xx_rcc.o(.text)
    RTC_WaitForSynchro                       0x0802f925   Thumb Code    92  stm32f4xx_rtc.o(.text)
    RTC_EnterInitMode                        0x0802f981   Thumb Code    84  stm32f4xx_rtc.o(.text)
    RTC_DeInit                               0x0802f9d5   Thumb Code   204  stm32f4xx_rtc.o(.text)
    RTC_ExitInitMode                         0x0802faa1   Thumb Code    18  stm32f4xx_rtc.o(.text)
    RTC_Init                                 0x0802fab3   Thumb Code    94  stm32f4xx_rtc.o(.text)
    RTC_StructInit                           0x0802fb11   Thumb Code    14  stm32f4xx_rtc.o(.text)
    RTC_WriteProtectionCmd                   0x0802fb1f   Thumb Code    22  stm32f4xx_rtc.o(.text)
    RTC_RefClockCmd                          0x0802fb35   Thumb Code    76  stm32f4xx_rtc.o(.text)
    RTC_BypassShadowCmd                      0x0802fb81   Thumb Code    54  stm32f4xx_rtc.o(.text)
    RTC_SetTime                              0x0802fbe9   Thumb Code   200  stm32f4xx_rtc.o(.text)
    RTC_TimeStructInit                       0x0802fcb1   Thumb Code    12  stm32f4xx_rtc.o(.text)
    RTC_GetTime                              0x0802fcbd   Thumb Code    74  stm32f4xx_rtc.o(.text)
    RTC_GetSubSecond                         0x0802fd07   Thumb Code    30  stm32f4xx_rtc.o(.text)
    RTC_SetDate                              0x0802fd25   Thumb Code   190  stm32f4xx_rtc.o(.text)
    RTC_DateStructInit                       0x0802fde3   Thumb Code    14  stm32f4xx_rtc.o(.text)
    RTC_GetDate                              0x0802fdf1   Thumb Code    70  stm32f4xx_rtc.o(.text)
    RTC_SetAlarm                             0x0802fe37   Thumb Code   230  stm32f4xx_rtc.o(.text)
    RTC_AlarmStructInit                      0x0802ff1d   Thumb Code    22  stm32f4xx_rtc.o(.text)
    RTC_GetAlarm                             0x0802ff33   Thumb Code   114  stm32f4xx_rtc.o(.text)
    RTC_AlarmCmd                             0x0802ffa5   Thumb Code   112  stm32f4xx_rtc.o(.text)
    RTC_AlarmSubSecondConfig                 0x08030015   Thumb Code    46  stm32f4xx_rtc.o(.text)
    RTC_GetAlarmSubSecond                    0x08030043   Thumb Code    34  stm32f4xx_rtc.o(.text)
    RTC_WakeUpClockConfig                    0x08030065   Thumb Code    42  stm32f4xx_rtc.o(.text)
    RTC_SetWakeUpCounter                     0x0803008f   Thumb Code    22  stm32f4xx_rtc.o(.text)
    RTC_GetWakeUpCounter                     0x080300a5   Thumb Code    10  stm32f4xx_rtc.o(.text)
    RTC_WakeUpCmd                            0x080300af   Thumb Code   116  stm32f4xx_rtc.o(.text)
    RTC_DayLightSavingConfig                 0x08030123   Thumb Code    50  stm32f4xx_rtc.o(.text)
    RTC_GetStoreOperation                    0x08030155   Thumb Code    12  stm32f4xx_rtc.o(.text)
    RTC_OutputConfig                         0x08030161   Thumb Code    60  stm32f4xx_rtc.o(.text)
    RTC_CoarseCalibConfig                    0x0803019d   Thumb Code    52  stm32f4xx_rtc.o(.text)
    RTC_CoarseCalibCmd                       0x080301d1   Thumb Code    76  stm32f4xx_rtc.o(.text)
    RTC_CalibOutputCmd                       0x0803021d   Thumb Code    54  stm32f4xx_rtc.o(.text)
    RTC_CalibOutputConfig                    0x08030253   Thumb Code    42  stm32f4xx_rtc.o(.text)
    RTC_SmoothCalibConfig                    0x0803027d   Thumb Code    90  stm32f4xx_rtc.o(.text)
    RTC_TimeStampCmd                         0x080302d7   Thumb Code    54  stm32f4xx_rtc.o(.text)
    RTC_GetTimeStamp                         0x0803030d   Thumb Code   144  stm32f4xx_rtc.o(.text)
    RTC_GetTimeStampSubSecond                0x0803039d   Thumb Code     8  stm32f4xx_rtc.o(.text)
    RTC_TamperTriggerConfig                  0x080303a5   Thumb Code    38  stm32f4xx_rtc.o(.text)
    RTC_TamperCmd                            0x080303cb   Thumb Code    34  stm32f4xx_rtc.o(.text)
    RTC_TamperFilterConfig                   0x080303ed   Thumb Code    26  stm32f4xx_rtc.o(.text)
    RTC_TamperSamplingFreqConfig             0x08030407   Thumb Code    26  stm32f4xx_rtc.o(.text)
    RTC_TamperPinsPrechargeDuration          0x08030421   Thumb Code    26  stm32f4xx_rtc.o(.text)
    RTC_TimeStampOnTamperDetectionCmd        0x0803043b   Thumb Code    38  stm32f4xx_rtc.o(.text)
    RTC_TamperPullUpCmd                      0x08030461   Thumb Code    38  stm32f4xx_rtc.o(.text)
    RTC_WriteBackupRegister                  0x08030487   Thumb Code    26  stm32f4xx_rtc.o(.text)
    RTC_ReadBackupRegister                   0x080304a1   Thumb Code    28  stm32f4xx_rtc.o(.text)
    RTC_TamperPinSelection                   0x080304bd   Thumb Code    26  stm32f4xx_rtc.o(.text)
    RTC_TimeStampPinSelection                0x080304d7   Thumb Code    26  stm32f4xx_rtc.o(.text)
    RTC_OutputTypeConfig                     0x080304f1   Thumb Code    26  stm32f4xx_rtc.o(.text)
    RTC_SynchroShiftConfig                   0x0803050b   Thumb Code   130  stm32f4xx_rtc.o(.text)
    RTC_ITConfig                             0x0803058d   Thumb Code    94  stm32f4xx_rtc.o(.text)
    RTC_GetFlagStatus                        0x080305eb   Thumb Code    34  stm32f4xx_rtc.o(.text)
    RTC_ClearFlag                            0x0803060d   Thumb Code    28  stm32f4xx_rtc.o(.text)
    RTC_GetITStatus                          0x08030629   Thumb Code    60  stm32f4xx_rtc.o(.text)
    RTC_ClearITPendingBit                    0x08030665   Thumb Code    32  stm32f4xx_rtc.o(.text)
    SDIO_DeInit                              0x0803068d   Thumb Code    22  stm32f4xx_sdio.o(.text)
    SDIO_Init                                0x080306a3   Thumb Code    42  stm32f4xx_sdio.o(.text)
    SDIO_StructInit                          0x080306cd   Thumb Code    16  stm32f4xx_sdio.o(.text)
    SDIO_ClockCmd                            0x080306dd   Thumb Code     6  stm32f4xx_sdio.o(.text)
    SDIO_SetPowerState                       0x080306e3   Thumb Code     8  stm32f4xx_sdio.o(.text)
    SDIO_GetPowerState                       0x080306eb   Thumb Code    12  stm32f4xx_sdio.o(.text)
    SDIO_SendCommand                         0x080306f7   Thumb Code    42  stm32f4xx_sdio.o(.text)
    SDIO_CmdStructInit                       0x08030721   Thumb Code    14  stm32f4xx_sdio.o(.text)
    SDIO_GetCommandResponse                  0x0803072f   Thumb Code    10  stm32f4xx_sdio.o(.text)
    SDIO_GetResponse                         0x08030739   Thumb Code    22  stm32f4xx_sdio.o(.text)
    SDIO_DataConfig                          0x0803074f   Thumb Code    48  stm32f4xx_sdio.o(.text)
    SDIO_DataStructInit                      0x0803077f   Thumb Code    20  stm32f4xx_sdio.o(.text)
    SDIO_GetDataCounter                      0x08030793   Thumb Code     8  stm32f4xx_sdio.o(.text)
    SDIO_ReadData                            0x0803079b   Thumb Code     8  stm32f4xx_sdio.o(.text)
    SDIO_WriteData                           0x080307a3   Thumb Code     8  stm32f4xx_sdio.o(.text)
    SDIO_GetFIFOCount                        0x080307ab   Thumb Code     8  stm32f4xx_sdio.o(.text)
    SDIO_StartSDIOReadWait                   0x080307b3   Thumb Code     6  stm32f4xx_sdio.o(.text)
    SDIO_StopSDIOReadWait                    0x080307b9   Thumb Code     8  stm32f4xx_sdio.o(.text)
    SDIO_SetSDIOReadWaitMode                 0x080307c1   Thumb Code     8  stm32f4xx_sdio.o(.text)
    SDIO_SetSDIOOperation                    0x080307c9   Thumb Code     8  stm32f4xx_sdio.o(.text)
    SDIO_SendSDIOSuspendCmd                  0x080307d1   Thumb Code     6  stm32f4xx_sdio.o(.text)
    SDIO_CommandCompletionCmd                0x080307d7   Thumb Code     8  stm32f4xx_sdio.o(.text)
    SDIO_CEATAITCmd                          0x080307df   Thumb Code    12  stm32f4xx_sdio.o(.text)
    SDIO_SendCEATACmd                        0x080307eb   Thumb Code     8  stm32f4xx_sdio.o(.text)
    SDIO_DMACmd                              0x080307f3   Thumb Code     8  stm32f4xx_sdio.o(.text)
    SDIO_ITConfig                            0x080307fb   Thumb Code    34  stm32f4xx_sdio.o(.text)
    SDIO_GetFlagStatus                       0x0803081d   Thumb Code    22  stm32f4xx_sdio.o(.text)
    SDIO_ClearFlag                           0x08030833   Thumb Code     8  stm32f4xx_sdio.o(.text)
    SDIO_GetITStatus                         0x0803083b   Thumb Code    22  stm32f4xx_sdio.o(.text)
    SDIO_ClearITPendingBit                   0x08030851   Thumb Code     8  stm32f4xx_sdio.o(.text)
    SYSCFG_DeInit                            0x08030869   Thumb Code    22  stm32f4xx_syscfg.o(.text)
    SYSCFG_MemoryRemapConfig                 0x0803087f   Thumb Code     6  stm32f4xx_syscfg.o(.text)
    SYSCFG_MemorySwappingBank                0x08030885   Thumb Code     6  stm32f4xx_syscfg.o(.text)
    SYSCFG_EXTILineConfig                    0x0803088b   Thumb Code    66  stm32f4xx_syscfg.o(.text)
    SYSCFG_ETH_MediaInterfaceConfig          0x080308cd   Thumb Code     8  stm32f4xx_syscfg.o(.text)
    SYSCFG_CompensationCellCmd               0x080308d5   Thumb Code     6  stm32f4xx_syscfg.o(.text)
    SYSCFG_GetCompensationCellStatus         0x080308db   Thumb Code    22  stm32f4xx_syscfg.o(.text)
    TIM_DeInit                               0x080308fd   Thumb Code   346  stm32f4xx_tim.o(.text)
    TIM_TimeBaseInit                         0x08030a57   Thumb Code   104  stm32f4xx_tim.o(.text)
    TIM_TimeBaseStructInit                   0x08030abf   Thumb Code    18  stm32f4xx_tim.o(.text)
    TIM_PrescalerConfig                      0x08030ad1   Thumb Code     6  stm32f4xx_tim.o(.text)
    TIM_CounterModeConfig                    0x08030ad7   Thumb Code    18  stm32f4xx_tim.o(.text)
    TIM_SetCounter                           0x08030ae9   Thumb Code     4  stm32f4xx_tim.o(.text)
    TIM_SetAutoreload                        0x08030aed   Thumb Code     4  stm32f4xx_tim.o(.text)
    TIM_GetCounter                           0x08030af1   Thumb Code     6  stm32f4xx_tim.o(.text)
    TIM_GetPrescaler                         0x08030af7   Thumb Code     6  stm32f4xx_tim.o(.text)
    TIM_UpdateDisableConfig                  0x08030afd   Thumb Code    24  stm32f4xx_tim.o(.text)
    TIM_UpdateRequestConfig                  0x08030b15   Thumb Code    24  stm32f4xx_tim.o(.text)
    TIM_ARRPreloadConfig                     0x08030b2d   Thumb Code    24  stm32f4xx_tim.o(.text)
    TIM_SelectOnePulseMode                   0x08030b45   Thumb Code    18  stm32f4xx_tim.o(.text)
    TIM_SetClockDivision                     0x08030b57   Thumb Code    18  stm32f4xx_tim.o(.text)
    TIM_Cmd                                  0x08030b69   Thumb Code    24  stm32f4xx_tim.o(.text)
    TIM_OC1Init                              0x08030b81   Thumb Code   114  stm32f4xx_tim.o(.text)
    TIM_OC2Init                              0x08030bf3   Thumb Code   154  stm32f4xx_tim.o(.text)
    TIM_OC3Init                              0x08030c8d   Thumb Code   204  stm32f4xx_tim.o(.text)
    TIM_OC4Init                              0x08030d59   Thumb Code   112  stm32f4xx_tim.o(.text)
    TIM_OCStructInit                         0x08030dc9   Thumb Code    20  stm32f4xx_tim.o(.text)
    TIM_SelectOCxM                           0x08030ddd   Thumb Code    86  stm32f4xx_tim.o(.text)
    TIM_SetCompare1                          0x08030e33   Thumb Code     4  stm32f4xx_tim.o(.text)
    TIM_SetCompare2                          0x08030e37   Thumb Code     4  stm32f4xx_tim.o(.text)
    TIM_SetCompare3                          0x08030e3b   Thumb Code     4  stm32f4xx_tim.o(.text)
    TIM_SetCompare4                          0x08030e3f   Thumb Code     4  stm32f4xx_tim.o(.text)
    TIM_ForcedOC1Config                      0x08030e43   Thumb Code    18  stm32f4xx_tim.o(.text)
    TIM_ForcedOC2Config                      0x08030e55   Thumb Code    26  stm32f4xx_tim.o(.text)
    TIM_ForcedOC3Config                      0x08030e6f   Thumb Code    18  stm32f4xx_tim.o(.text)
    TIM_ForcedOC4Config                      0x08030e81   Thumb Code    26  stm32f4xx_tim.o(.text)
    TIM_OC1PreloadConfig                     0x08030e9b   Thumb Code    18  stm32f4xx_tim.o(.text)
    TIM_OC2PreloadConfig                     0x08030ead   Thumb Code    26  stm32f4xx_tim.o(.text)
    TIM_OC3PreloadConfig                     0x08030ec7   Thumb Code    18  stm32f4xx_tim.o(.text)
    TIM_OC4PreloadConfig                     0x08030ed9   Thumb Code    26  stm32f4xx_tim.o(.text)
    TIM_OC1FastConfig                        0x08030ef3   Thumb Code    18  stm32f4xx_tim.o(.text)
    TIM_OC2FastConfig                        0x08030f05   Thumb Code    26  stm32f4xx_tim.o(.text)
    TIM_OC3FastConfig                        0x08030f1f   Thumb Code    18  stm32f4xx_tim.o(.text)
    TIM_OC4FastConfig                        0x08030f31   Thumb Code    26  stm32f4xx_tim.o(.text)
    TIM_ClearOC1Ref                          0x08030f4b   Thumb Code    18  stm32f4xx_tim.o(.text)
    TIM_ClearOC2Ref                          0x08030f5d   Thumb Code    24  stm32f4xx_tim.o(.text)
    TIM_ClearOC3Ref                          0x08030f75   Thumb Code    18  stm32f4xx_tim.o(.text)
    TIM_ClearOC4Ref                          0x08030f87   Thumb Code    24  stm32f4xx_tim.o(.text)
    TIM_OC1PolarityConfig                    0x08030f9f   Thumb Code    18  stm32f4xx_tim.o(.text)
    TIM_OC1NPolarityConfig                   0x08030fb1   Thumb Code    18  stm32f4xx_tim.o(.text)
    TIM_OC2PolarityConfig                    0x08030fc3   Thumb Code    26  stm32f4xx_tim.o(.text)
    TIM_OC2NPolarityConfig                   0x08030fdd   Thumb Code    26  stm32f4xx_tim.o(.text)
    TIM_OC3PolarityConfig                    0x08030ff7   Thumb Code    26  stm32f4xx_tim.o(.text)
    TIM_OC3NPolarityConfig                   0x08031011   Thumb Code    26  stm32f4xx_tim.o(.text)
    TIM_OC4PolarityConfig                    0x0803102b   Thumb Code    26  stm32f4xx_tim.o(.text)
    TIM_CCxCmd                               0x08031045   Thumb Code    30  stm32f4xx_tim.o(.text)
    TIM_CCxNCmd                              0x08031063   Thumb Code    30  stm32f4xx_tim.o(.text)
    TIM_SetIC4Prescaler                      0x08031081   Thumb Code    26  stm32f4xx_tim.o(.text)
    TIM_SetIC3Prescaler                      0x080310eb   Thumb Code    18  stm32f4xx_tim.o(.text)
    TIM_SetIC2Prescaler                      0x08031145   Thumb Code    26  stm32f4xx_tim.o(.text)
    TIM_SetIC1Prescaler                      0x080311b9   Thumb Code    18  stm32f4xx_tim.o(.text)
    TIM_ICInit                               0x08031205   Thumb Code   110  stm32f4xx_tim.o(.text)
    TIM_ICStructInit                         0x08031273   Thumb Code    18  stm32f4xx_tim.o(.text)
    TIM_PWMIConfig                           0x08031285   Thumb Code   124  stm32f4xx_tim.o(.text)
    TIM_GetCapture1                          0x08031301   Thumb Code     6  stm32f4xx_tim.o(.text)
    TIM_GetCapture2                          0x08031307   Thumb Code     6  stm32f4xx_tim.o(.text)
    TIM_GetCapture3                          0x0803130d   Thumb Code     6  stm32f4xx_tim.o(.text)
    TIM_GetCapture4                          0x08031313   Thumb Code     6  stm32f4xx_tim.o(.text)
    TIM_BDTRConfig                           0x08031319   Thumb Code    32  stm32f4xx_tim.o(.text)
    TIM_BDTRStructInit                       0x08031339   Thumb Code    18  stm32f4xx_tim.o(.text)
    TIM_CtrlPWMOutputs                       0x0803134b   Thumb Code    30  stm32f4xx_tim.o(.text)
    TIM_SelectCOM                            0x08031369   Thumb Code    24  stm32f4xx_tim.o(.text)
    TIM_CCPreloadControl                     0x08031381   Thumb Code    24  stm32f4xx_tim.o(.text)
    TIM_ITConfig                             0x08031399   Thumb Code    18  stm32f4xx_tim.o(.text)
    TIM_GenerateEvent                        0x080313ab   Thumb Code     4  stm32f4xx_tim.o(.text)
    TIM_GetFlagStatus                        0x080313af   Thumb Code    18  stm32f4xx_tim.o(.text)
    TIM_ClearFlag                            0x080313c1   Thumb Code     6  stm32f4xx_tim.o(.text)
    TIM_GetITStatus                          0x080313c7   Thumb Code    34  stm32f4xx_tim.o(.text)
    TIM_ClearITPendingBit                    0x080313e9   Thumb Code     6  stm32f4xx_tim.o(.text)
    TIM_DMAConfig                            0x080313ef   Thumb Code    10  stm32f4xx_tim.o(.text)
    TIM_DMACmd                               0x080313f9   Thumb Code    18  stm32f4xx_tim.o(.text)
    TIM_SelectCCDMA                          0x0803140b   Thumb Code    24  stm32f4xx_tim.o(.text)
    TIM_InternalClockConfig                  0x08031423   Thumb Code    12  stm32f4xx_tim.o(.text)
    TIM_SelectInputTrigger                   0x0803142f   Thumb Code    18  stm32f4xx_tim.o(.text)
    TIM_ITRxExternalClockConfig              0x08031441   Thumb Code    24  stm32f4xx_tim.o(.text)
    TIM_TIxExternalClockConfig               0x08031459   Thumb Code    62  stm32f4xx_tim.o(.text)
    TIM_ETRConfig                            0x08031497   Thumb Code    28  stm32f4xx_tim.o(.text)
    TIM_ETRClockMode1Config                  0x080314b3   Thumb Code    54  stm32f4xx_tim.o(.text)
    TIM_ETRClockMode2Config                  0x080314e9   Thumb Code    32  stm32f4xx_tim.o(.text)
    TIM_SelectOutputTrigger                  0x08031509   Thumb Code    18  stm32f4xx_tim.o(.text)
    TIM_SelectSlaveMode                      0x0803151b   Thumb Code    18  stm32f4xx_tim.o(.text)
    TIM_SelectMasterSlaveMode                0x0803152d   Thumb Code    18  stm32f4xx_tim.o(.text)
    TIM_EncoderInterfaceConfig               0x0803153f   Thumb Code    66  stm32f4xx_tim.o(.text)
    TIM_SelectHallSensor                     0x08031581   Thumb Code    24  stm32f4xx_tim.o(.text)
    TIM_RemapConfig                          0x08031599   Thumb Code     6  stm32f4xx_tim.o(.text)
    USART_DeInit                             0x080315a1   Thumb Code   206  stm32f4xx_usart.o(.text)
    USART_Init                               0x0803166f   Thumb Code   204  stm32f4xx_usart.o(.text)
    USART_StructInit                         0x0803173b   Thumb Code    24  stm32f4xx_usart.o(.text)
    USART_ClockInit                          0x08031753   Thumb Code    32  stm32f4xx_usart.o(.text)
    USART_ClockStructInit                    0x08031773   Thumb Code    12  stm32f4xx_usart.o(.text)
    USART_Cmd                                0x0803177f   Thumb Code    24  stm32f4xx_usart.o(.text)
    USART_SetPrescaler                       0x08031797   Thumb Code    16  stm32f4xx_usart.o(.text)
    USART_OverSampling8Cmd                   0x080317a7   Thumb Code    22  stm32f4xx_usart.o(.text)
    USART_OneBitMethodCmd                    0x080317bd   Thumb Code    24  stm32f4xx_usart.o(.text)
    USART_SendData                           0x080317d5   Thumb Code     8  stm32f4xx_usart.o(.text)
    USART_ReceiveData                        0x080317dd   Thumb Code    10  stm32f4xx_usart.o(.text)
    USART_SetAddress                         0x080317e7   Thumb Code    18  stm32f4xx_usart.o(.text)
    USART_ReceiverWakeUpCmd                  0x080317f9   Thumb Code    24  stm32f4xx_usart.o(.text)
    USART_WakeUpConfig                       0x08031811   Thumb Code    18  stm32f4xx_usart.o(.text)
    USART_LINBreakDetectLengthConfig         0x08031823   Thumb Code    18  stm32f4xx_usart.o(.text)
    USART_LINCmd                             0x08031835   Thumb Code    24  stm32f4xx_usart.o(.text)
    USART_SendBreak                          0x0803184d   Thumb Code    10  stm32f4xx_usart.o(.text)
    USART_HalfDuplexCmd                      0x08031857   Thumb Code    24  stm32f4xx_usart.o(.text)
    USART_SetGuardTime                       0x0803186f   Thumb Code    16  stm32f4xx_usart.o(.text)
    USART_SmartCardCmd                       0x0803187f   Thumb Code    24  stm32f4xx_usart.o(.text)
    USART_SmartCardNACKCmd                   0x08031897   Thumb Code    24  stm32f4xx_usart.o(.text)
    USART_IrDAConfig                         0x080318af   Thumb Code    18  stm32f4xx_usart.o(.text)
    USART_IrDACmd                            0x080318c1   Thumb Code    24  stm32f4xx_usart.o(.text)
    USART_DMACmd                             0x080318d9   Thumb Code    18  stm32f4xx_usart.o(.text)
    USART_ITConfig                           0x080318eb   Thumb Code    74  stm32f4xx_usart.o(.text)
    USART_GetFlagStatus                      0x08031935   Thumb Code    26  stm32f4xx_usart.o(.text)
    USART_ClearFlag                          0x0803194f   Thumb Code    18  stm32f4xx_usart.o(.text)
    USART_GetITStatus                        0x08031961   Thumb Code   118  stm32f4xx_usart.o(.text)
    USART_ClearITPendingBit                  0x080319d7   Thumb Code    30  stm32f4xx_usart.o(.text)
    __aeabi_ldivmod                          0x080319f5   Thumb Code    90  ldiv.o(.text)
    rand                                     0x08031a51   Thumb Code    20  rand.o(.text)
    srand                                    0x08031a65   Thumb Code     6  rand.o(.text)
    __aeabi_memcpy                           0x08031a75   Thumb Code    36  memcpya.o(.text)
    __aeabi_memcpy4                          0x08031a75   Thumb Code     0  memcpya.o(.text)
    __aeabi_memcpy8                          0x08031a75   Thumb Code     0  memcpya.o(.text)
    __aeabi_memset                           0x08031a99   Thumb Code    14  memseta.o(.text)
    __aeabi_memset4                          0x08031a99   Thumb Code     0  memseta.o(.text)
    __aeabi_memset8                          0x08031a99   Thumb Code     0  memseta.o(.text)
    __aeabi_memclr                           0x08031aa7   Thumb Code     4  memseta.o(.text)
    __aeabi_memclr4                          0x08031aa7   Thumb Code     0  memseta.o(.text)
    __aeabi_memclr8                          0x08031aa7   Thumb Code     0  memseta.o(.text)
    _memset$wrapper                          0x08031aab   Thumb Code    18  memseta.o(.text)
    __aeabi_dadd                             0x08031abd   Thumb Code   322  dadd.o(.text)
    __aeabi_dsub                             0x08031bff   Thumb Code     6  dadd.o(.text)
    __aeabi_drsub                            0x08031c05   Thumb Code     6  dadd.o(.text)
    __aeabi_dmul                             0x08031c0b   Thumb Code   228  dmul.o(.text)
    __aeabi_ddiv                             0x08031cef   Thumb Code   222  ddiv.o(.text)
    __aeabi_ui2d                             0x08031dcd   Thumb Code    26  dfltui.o(.text)
    __aeabi_d2uiz                            0x08031de7   Thumb Code    50  dfixui.o(.text)
    __aeabi_f2d                              0x08031e19   Thumb Code    38  f2d.o(.text)
    __aeabi_cdrcmple                         0x08031e41   Thumb Code    38  cdrcmple.o(.text)
    __aeabi_d2f                              0x08031e69   Thumb Code    56  d2f.o(.text)
    __aeabi_uldivmod                         0x08031ea1   Thumb Code    98  uldiv.o(.text)
    __aeabi_llsl                             0x08031f03   Thumb Code    30  llshl.o(.text)
    _ll_shift_l                              0x08031f03   Thumb Code     0  llshl.o(.text)
    __aeabi_llsr                             0x08031f21   Thumb Code    32  llushr.o(.text)
    _ll_ushift_r                             0x08031f21   Thumb Code     0  llushr.o(.text)
    __aeabi_lasr                             0x08031f41   Thumb Code    36  llsshr.o(.text)
    _ll_sshift_r                             0x08031f41   Thumb Code     0  llsshr.o(.text)
    __I$use$fp                               0x08031f65   Thumb Code     0  iusefp.o(.text)
    _float_round                             0x08031f65   Thumb Code    18  fepilogue.o(.text)
    _float_epilogue                          0x08031f77   Thumb Code    92  fepilogue.o(.text)
    _double_round                            0x08031fd3   Thumb Code    26  depilogue.o(.text)
    _double_epilogue                         0x08031fed   Thumb Code   156  depilogue.o(.text)
    __scatterload                            0x08032089   Thumb Code    28  init.o(.text)
    __scatterload_rt2                        0x08032089   Thumb Code     0  init.o(.text)
    __decompress                             0x080320ad   Thumb Code     0  __dczerorl2.o(.text)
    __decompress1                            0x080320ad   Thumb Code    86  __dczerorl2.o(.text)
    AES128_decrypt                           0x08032105   Thumb Code   758  crypto.o(i.AES128_decrypt)
    AES128_encrypt                           0x08032409   Thumb Code   776  crypto.o(i.AES128_encrypt)
    AES128_keyschedule_dec                   0x0803271d   Thumb Code   302  crypto.o(i.AES128_keyschedule_dec)
    AES128_keyschedule_enc                   0x08032851   Thumb Code   112  crypto.o(i.AES128_keyschedule_enc)
    AES192_decrypt                           0x080328c5   Thumb Code   754  crypto.o(i.AES192_decrypt)
    AES192_encrypt                           0x08032bc5   Thumb Code   776  crypto.o(i.AES192_encrypt)
    AES192_keyschedule_dec                   0x08032ed9   Thumb Code   284  crypto.o(i.AES192_keyschedule_dec)
    AES192_keyschedule_enc                   0x08032ff9   Thumb Code   148  crypto.o(i.AES192_keyschedule_enc)
    AES256_decrypt                           0x08033091   Thumb Code   758  crypto.o(i.AES256_decrypt)
    AES256_encrypt                           0x08033395   Thumb Code   778  crypto.o(i.AES256_encrypt)
    AES256_keyschedule_dec                   0x080336ad   Thumb Code   284  crypto.o(i.AES256_keyschedule_dec)
    AES256_keyschedule_enc                   0x080337cd   Thumb Code   210  crypto.o(i.AES256_keyschedule_enc)
    AES_ECB_Decrypt_Append                   0x080338a9   Thumb Code   196  crypto.o(i.AES_ECB_Decrypt_Append)
    AES_ECB_Decrypt_Finish                   0x0803396d   Thumb Code    26  crypto.o(i.AES_ECB_Decrypt_Finish)
    AES_ECB_Decrypt_Init                     0x08033987   Thumb Code     6  crypto.o(i.AES_ECB_Decrypt_Init)
    AES_ECB_Encrypt_Append                   0x0803398d   Thumb Code   196  crypto.o(i.AES_ECB_Encrypt_Append)
    AES_ECB_Encrypt_Finish                   0x08033a51   Thumb Code    26  crypto.o(i.AES_ECB_Encrypt_Finish)
    AES_ECB_Encrypt_Init                     0x08033a6b   Thumb Code     6  crypto.o(i.AES_ECB_Encrypt_Init)
    Crypto_DeInit                            0x08033c15   Thumb Code     8  crypto.o(i.Crypto_DeInit)
    MD5_Append                               0x08033c1d   Thumb Code    42  crypto.o(i.MD5_Append)
    MD5_Finish                               0x08033c47   Thumb Code   144  crypto.o(i.MD5_Finish)
    MD5_Init                                 0x08033cd9   Thumb Code    44  crypto.o(i.MD5_Init)
    __0printf$2                              0x08033d15   Thumb Code    22  printf2.o(i.__0printf$2)
    __1printf$2                              0x08033d15   Thumb Code     0  printf2.o(i.__0printf$2)
    __2printf                                0x08033d15   Thumb Code     0  printf2.o(i.__0printf$2)
    __scatterload_copy                       0x08033d35   Thumb Code    14  handlers.o(i.__scatterload_copy)
    __scatterload_null                       0x08033d43   Thumb Code     2  handlers.o(i.__scatterload_null)
    __scatterload_zeroinit                   0x08033d45   Thumb Code    14  handlers.o(i.__scatterload_zeroinit)
    crl_u_MD5_Finish                         0x08033e29   Thumb Code   210  crypto.o(i.crl_u_MD5_Finish)
    crl_u_MD5_Update                         0x08033f01   Thumb Code   150  crypto.o(i.crl_u_MD5_Update)
    chCRCHTable                              0x080347a8   Data         256  task_communicate_protocol.o(.constdata)
    chCRCLTable                              0x080348a8   Data         256  task_communicate_protocol.o(.constdata)
    InputMessage                             0x080349a8   Data           8  bsp_md5.o(.constdata)
    Expected_OutputMessage                   0x080349b0   Data          16  bsp_md5.o(.constdata)
    MSC_Page00_Inquiry_Data                  0x080349c0   Data           7  usbd_msc_data.o(.constdata)
    MSC_Mode_Sense6_data                     0x080349c7   Data           8  usbd_msc_data.o(.constdata)
    MSC_Mode_Sense10_data                    0x080349cf   Data           8  usbd_msc_data.o(.constdata)
    Sbox                                     0x08034f54   Data         256  crypto.o(.constdata)
    InvSbox                                  0x08035054   Data         256  crypto.o(.constdata)
    rcon                                     0x08035154   Data          40  crypto.o(.constdata)
    enc_table                                0x0803517c   Data        1024  crypto.o(.constdata)
    dec_table                                0x0803557c   Data        1024  crypto.o(.constdata)
    SP1                                      0x08035b9c   Data         256  crypto.o(.constdata)
    SP2                                      0x08035c9c   Data         256  crypto.o(.constdata)
    SP3                                      0x08035d9c   Data         256  crypto.o(.constdata)
    SP4                                      0x08035e9c   Data         256  crypto.o(.constdata)
    SP5                                      0x08035f9c   Data         256  crypto.o(.constdata)
    SP6                                      0x0803609c   Data         256  crypto.o(.constdata)
    SP7                                      0x0803619c   Data         256  crypto.o(.constdata)
    SP8                                      0x0803629c   Data         256  crypto.o(.constdata)
    K256                                     0x0803639c   Data         256  crypto.o(.constdata)
    Region$$Table$$Base                      0x080366ec   Number         0  anon$$obj.o(Region$$Table)
    Region$$Table$$Limit                     0x0803670c   Number         0  anon$$obj.o(Region$$Table)
    BSP_Task_Handle                          0x20000000   Data           4  main.o(.data)
    USART_Task_Handle                        0x20000004   Data           4  main.o(.data)
    USB_Task_Handle                          0x20000008   Data           4  main.o(.data)
    USART_L0_RXTask_Handle                   0x2000000c   Data           4  main.o(.data)
    USART_L0_TXTask_Handle                   0x20000010   Data           4  main.o(.data)
    USART_L1_RXTask_Handle                   0x20000014   Data           4  main.o(.data)
    USART_L1_TXTask_Handle                   0x20000018   Data           4  main.o(.data)
    L0_RxQue                                 0x2000001c   Data           4  main.o(.data)
    L0_TxQue                                 0x20000020   Data           4  main.o(.data)
    L1_TxQue                                 0x20000024   Data           4  main.o(.data)
    usart1_TxQue                             0x20000028   Data           4  main.o(.data)
    res                                      0x2000002c   Data           1  main.o(.data)
    i                                        0x20000030   Data           4  main.o(.data)
    L1_TxBuffer                              0x20000034   Data        2100  task_communicate_protocol.o(.data)
    L2_TxBuffer                              0x20000868   Data           4  task_communicate_protocol.o(.data)
    L2_RxBuffer                              0x2000086c   Data           4  task_communicate_protocol.o(.data)
    L2_TxKeyBuffer                           0x20000870   Data           4  task_communicate_protocol.o(.data)
    SD_IN                                    0x20000874   Data           1  task_communicate_protocol.o(.data)
    L1_ACK_Buffer                            0x20000875   Data          20  task_communicate_protocol.o(.data)
    L1_RcvSta                                0x20000889   Data           1  task_communicate_protocol.o(.data)
    L1_TxSta                                 0x2000088a   Data           1  task_communicate_protocol.o(.data)
    L1_RxHeader                              0x2000088c   Data           8  task_communicate_protocol.o(.data)
    L1_TxHeader                              0x20000894   Data           8  task_communicate_protocol.o(.data)
    L2_RxHeader                              0x2000089c   Data           6  task_communicate_protocol.o(.data)
    L2_TxHeader                              0x200008a2   Data           6  task_communicate_protocol.o(.data)
    ACCESS_STATUS                            0x200008a8   Data           1  task_communicate_protocol.o(.data)
    L1_Resend_Times                          0x200008a9   Data           1  task_communicate_protocol.o(.data)
    L1_Tx_Sempaphore                         0x200008aa   Data           1  task_communicate_protocol.o(.data)
    L2_TxKeys_Number                         0x200008ab   Data           1  task_communicate_protocol.o(.data)
    Crp_Sta                                  0x200008ac   Data           4  task_communicate_protocol.o(.data)
    Crp_Length                               0x200008b0   Data           4  task_communicate_protocol.o(.data)
    RNG_Number                               0x200008b4   Data           4  task_communicate_protocol.o(.data)
    KN_Rcv                                   0x200008b8   Data           4  task_communicate_protocol.o(.data)
    Tx_SequenceID                            0x200008bc   Data           2  task_communicate_protocol.o(.data)
    Delay_20Bytes                            0x200008be   Data           1  task_communicate_protocol.o(.data)
    WAKEUPSEMA_RCV                           0x200008bf   Data           1  task_communicate_protocol.o(.data)
    WAKEUPSEMA_SEND                          0x200008c0   Data           1  task_communicate_protocol.o(.data)
    Battery_Test                             0x200008c1   Data           2  task_communicate_protocol.o(.data)
    MCU_ReadLength                           0x200008c4   Data           2  task_communicate_protocol.o(.data)
    controlkey                               0x200008c8   Data           4  task_communicate_protocol.o(.data)
    controlkeyindex                          0x200008cc   Data           1  task_communicate_protocol.o(.data)
    image_length_expected                    0x200008d0   Data           4  task_communicate_protocol.o(.data)
    Firmware_Write_Len                       0x200008d4   Data           4  task_communicate_protocol.o(.data)
    Firmware_Writed_Len                      0x200008d8   Data           4  task_communicate_protocol.o(.data)
    Firmware_Write_Ptr                       0x200008dc   Data           4  task_communicate_protocol.o(.data)
    MD5_status                               0x200008e0   Data           4  task_communicate_protocol.o(.data)
    MD5_Calculated_Length                    0x200008e4   Data           4  task_communicate_protocol.o(.data)
    SystemCoreClock                          0x200008f0   Data           4  system_stm32f4xx.o(.data)
    AHBPrescTable                            0x200008f4   Data          16  system_stm32f4xx.o(.data)
    LEDRed                                   0x20000904   Data          16  task_hardwarecontrol.o(.data)
    LEDGreen                                 0x20000914   Data          16  task_hardwarecontrol.o(.data)
    LEDBlue                                  0x20000924   Data          16  task_hardwarecontrol.o(.data)
    LEDRed_APPCon                            0x20000934   Data          16  task_hardwarecontrol.o(.data)
    LEDGreen_APPCon                          0x20000944   Data          16  task_hardwarecontrol.o(.data)
    LEDBlue_APPCon                           0x20000954   Data          16  task_hardwarecontrol.o(.data)
    LEDRed_Act                               0x20000964   Data           4  task_hardwarecontrol.o(.data)
    LEDGreen_Act                             0x20000968   Data           4  task_hardwarecontrol.o(.data)
    LEDBlue_Act                              0x2000096c   Data           4  task_hardwarecontrol.o(.data)
    BUZZ                                     0x20000970   Data          16  task_hardwarecontrol.o(.data)
    BUZZ_APPCon                              0x20000980   Data          16  task_hardwarecontrol.o(.data)
    BUZZ_Act                                 0x20000990   Data           4  task_hardwarecontrol.o(.data)
    MCU_JUSTEXITStop_Flag                    0x20000994   Data           1  task_hardwarecontrol.o(.data)
    BlinkStepR                               0x20000995   Data           1  task_hardwarecontrol.o(.data)
    BlinkStepG                               0x20000996   Data           1  task_hardwarecontrol.o(.data)
    BlinkStepB                               0x20000997   Data           1  task_hardwarecontrol.o(.data)
    BeepStep                                 0x20000998   Data           1  task_hardwarecontrol.o(.data)
    BT_NameFlag                              0x20000999   Data           1  task_hardwarecontrol.o(.data)
    BT_Machine                               0x2000099a   Data           1  task_hardwarecontrol.o(.data)
    ledrticks                                0x2000099c   Data           2  task_hardwarecontrol.o(.data)
    beepticks                                0x2000099e   Data           2  task_hardwarecontrol.o(.data)
    ledgticks                                0x200009a0   Data           2  task_hardwarecontrol.o(.data)
    ledbticks                                0x200009a2   Data           2  task_hardwarecontrol.o(.data)
    batteryticks                             0x200009a4   Data           2  task_hardwarecontrol.o(.data)
    buttonticks                              0x200009a6   Data           2  task_hardwarecontrol.o(.data)
    onoffticks                               0x200009a8   Data           2  task_hardwarecontrol.o(.data)
    rcvticks                                 0x200009aa   Data           2  task_hardwarecontrol.o(.data)
    BTticks                                  0x200009ac   Data           2  task_hardwarecontrol.o(.data)
    accesstick                               0x200009ae   Data           2  task_hardwarecontrol.o(.data)
    BT_ADV_Time                              0x200009b0   Data           2  task_hardwarecontrol.o(.data)
    ExitClear_Time                           0x200009b2   Data           2  task_hardwarecontrol.o(.data)
    SleepTime                                0x200009b4   Data           2  task_hardwarecontrol.o(.data)
    timesbeeped                              0x200009b6   Data           1  task_hardwarecontrol.o(.data)
    timesledrblinked                         0x200009b7   Data           1  task_hardwarecontrol.o(.data)
    timesledgblinked                         0x200009b8   Data           1  task_hardwarecontrol.o(.data)
    timesledbblinked                         0x200009b9   Data           1  task_hardwarecontrol.o(.data)
    BT_Timeout                               0x200009ba   Data           2  task_hardwarecontrol.o(.data)
    Battery_Alarmed                          0x200009bc   Data           1  task_hardwarecontrol.o(.data)
    ButtonControl                            0x200009bd   Data           1  task_hardwarecontrol.o(.data)
    LEDRControl                              0x200009be   Data           1  task_hardwarecontrol.o(.data)
    ButtonFirstRelease                       0x200009bf   Data           1  task_hardwarecontrol.o(.data)
    MCU_STOP_Flag                            0x200009c0   Data           1  task_hardwarecontrol.o(.data)
    ControlNeedStop                          0x200009c1   Data           1  task_hardwarecontrol.o(.data)
    BTtimes                                  0x200009c2   Data           2  task_hardwarecontrol.o(.data)
    USB_INIT_FINISHED                        0x200009c4   Data           1  task_hardwarecontrol.o(.data)
    blue_bw                                  0x200009c8   Data           4  task_hardwarecontrol.o(.data)
    blue_res                                 0x200009cc   Data           1  task_hardwarecontrol.o(.data)
    BT_State_ascii                           0x200009cd   Data           1  task_hardwarecontrol.o(.data)
    BT_Initialed                             0x200009ce   Data           1  task_hardwarecontrol.o(.data)
    VoltagetoCapacity                        0x200009d0   Data         724  bsp_adc.o(.data)
    Battery_Level                            0x20000ca4   Data           1  bsp_adc.o(.data)
    Battery_Voltage                          0x20000ca8   Data           8  bsp_adc.o(.data)
    FilteredADC                              0x20000cb0   Data           2  bsp_adc.o(.data)
    Battery_Voltage_Test                     0x20000cb2   Data           2  bsp_adc.o(.data)
    VotperCount                              0x20000cb4   Data           4  bsp_adc.o(.data)
    Key                                      0x20000cb8   Data          32  bsp_aesecb256.o(.data)
    bw                                       0x20000cd8   Data           4  bsp_filesystem.o(.data)
    br                                       0x20000cdc   Data           4  bsp_filesystem.o(.data)
    char_ManuName                            0x20000ce0   Data           5  bsp_filesystem.o(.data)
    char_ModelNum                            0x20000ce5   Data           6  bsp_filesystem.o(.data)
    char_SN                                  0x20000ceb   Data          13  bsp_filesystem.o(.data)
    char_HardRev                             0x20000cf8   Data           6  bsp_filesystem.o(.data)
    char_FirmRev                             0x20000cfe   Data           6  bsp_filesystem.o(.data)
    char_SoftRev                             0x20000d04   Data           6  bsp_filesystem.o(.data)
    char_SysID                               0x20000d0a   Data           6  bsp_filesystem.o(.data)
    MCU_WriteStatus                          0x20000d10   Data           1  bsp_filesystem.o(.data)
    MCU_ReadStatus                           0x20000d11   Data           1  bsp_filesystem.o(.data)
    char_SysID_Length                        0x20000d12   Data           1  bsp_filesystem.o(.data)
    Key_Sound                                0x20000d13   Data           1  bsp_filesystem.o(.data)
    Battery_Threshold                        0x20000d14   Data           1  bsp_filesystem.o(.data)
    SDTEST_WriteBuffer                       0x20000d15   Data         512  bsp_filesystem.o(.data)
    SDTEST_ReadBuffer                        0x20000f15   Data         512  bsp_filesystem.o(.data)
    Sysinfo                                  0x20001118   Data          32  bsp_filesystem.o(.data)
    TransferError                            0x20001142   Data           1  bsp_sdio.o(.data)
    TransferEnd                              0x20001143   Data           1  bsp_sdio.o(.data)
    tempbuff                                 0x20001144   Data           4  bsp_sdio.o(.data)
    BT_CMDBufferIndex                        0x20001148   Data           1  bsp_usart.o(.data)
    DTS                                      0x20001149   Data           1  bsp_usart.o(.data)
    L0_RxCount                               0x2000114a   Data           1  bsp_usart.o(.data)
    L0_TxCount                               0x2000114b   Data           1  bsp_usart.o(.data)
    BT_IsReady                               0x2000114c   Data           1  bsp_usart.o(.data)
    BT_State                                 0x2000114d   Data           1  bsp_usart.o(.data)
    BT_State_old                             0x2000114e   Data           1  bsp_usart.o(.data)
    BT_CMDBuffer_Index                       0x2000114f   Data           1  bsp_usart.o(.data)
    BTCMD_State                              0x20001150   Data           1  bsp_usart.o(.data)
    BT_Respond                               0x20001151   Data           1  bsp_usart.o(.data)
    STX_Received                             0x20001152   Data           1  bsp_usart.o(.data)
    Version_Received                         0x20001153   Data           1  bsp_usart.o(.data)
    BT_INIT_FINISHED                         0x20001154   Data           1  bsp_usart.o(.data)
    BT_SLDN_FINISHED                         0x20001155   Data           1  bsp_usart.o(.data)
    BT_RST_FINISHED                          0x20001156   Data           1  bsp_usart.o(.data)
    BT_ADV_FINISHED                          0x20001157   Data           1  bsp_usart.o(.data)
    BT_STATE_FINISHED                        0x20001158   Data           1  bsp_usart.o(.data)
    BT_ADDRESS_FINISHED                      0x20001159   Data           1  bsp_usart.o(.data)
    APPTest_Buffer                           0x2000115a   Data        2097  bsp_usart.o(.data)
    __stdout                                 0x2000198c   Data           4  bsp_usart.o(.data)
    PowerOn_Released                         0x20001990   Data           1  bsp_gpio.o(.data)
    EXIT_FromRTC                             0x20001991   Data           1  bsp_rtc.o(.data)
    InputLength                              0x20001994   Data           4  bsp_md5.o(.data)
    MessageDigestLength                      0x20001998   Data           4  bsp_md5.o(.data)
    pxCurrentTCB                             0x200019b8   Data           4  tasks.o(.data)
    USB_MS                                   0x200019f0   Data           3  usb_bsp.o(.data)
    SET_TEST_MODE                            0x200019f4   Data           4  usbd_core.o(.data)
    USBD_DCD_INT_cb                          0x200019f8   Data          44  usbd_core.o(.data)
    USBD_DCD_INT_fops                        0x20001a24   Data           4  usbd_core.o(.data)
    USR_desc                                 0x20001a28   Data          28  usbd_desc.o(.data)
    USBD_DeviceDesc                          0x20001a44   Data          18  usbd_desc.o(.data)
    USBD_DeviceQualifierDesc                 0x20001a56   Data          10  usbd_desc.o(.data)
    USBD_LangIDDesc                          0x20001a60   Data           4  usbd_desc.o(.data)
    MSC_BOT_DataLen                          0x20001a64   Data           2  usbd_msc_bot.o(.data)
    MSC_BOT_State                            0x20001a66   Data           1  usbd_msc_bot.o(.data)
    MSC_BOT_Status                           0x20001a67   Data           1  usbd_msc_bot.o(.data)
    USBD_MSC_cb                              0x20001a68   Data          44  usbd_msc_core.o(.data)
    USBD_MSC_CfgDesc                         0x20001a94   Data          32  usbd_msc_core.o(.data)
    SCSI_Sense_Head                          0x20001ab8   Data           1  usbd_msc_scsi.o(.data)
    SCSI_Sense_Tail                          0x20001ab9   Data           1  usbd_msc_scsi.o(.data)
    SCSI_blk_size                            0x20001abc   Data           4  usbd_msc_scsi.o(.data)
    SCSI_blk_nbr                             0x20001ac0   Data           4  usbd_msc_scsi.o(.data)
    SCSI_blk_addr                            0x20001ac4   Data           4  usbd_msc_scsi.o(.data)
    SCSI_blk_len                             0x20001ac8   Data           4  usbd_msc_scsi.o(.data)
    cdev                                     0x20001acc   Data           4  usbd_msc_scsi.o(.data)
    USBD_ep_status                           0x20001ad0   Data           4  usbd_req.o(.data)
    USBD_default_cfg                         0x20001ad4   Data           4  usbd_req.o(.data)
    USBD_cfg_status                          0x20001ad8   Data           4  usbd_req.o(.data)
    USB_STATUS_REG                           0x20001ae0   Data           1  usbd_storage.o(.data)
    STORAGE_Inquirydata                      0x20001ae1   Data          72  usbd_storage.o(.data)
    USBD_MICRO_SDIO_fops                     0x20001b2c   Data          32  usbd_storage.o(.data)
    USBD_STORAGE_fops                        0x20001b4c   Data           4  usbd_storage.o(.data)
    UDISK_CONNECTED                          0x20001b50   Data           1  usbd_usr.o(.data)
    UDISK_SUSPENDED                          0x20001b51   Data           1  usbd_usr.o(.data)
    USRD_cb                                  0x20001b54   Data          28  usbd_usr.o(.data)
    L0_RxBuffer                              0x20001b90   Data          20  task_communicate_protocol.o(.bss)
    L0_RxBuffer_Temp                         0x20001ba4   Data          20  task_communicate_protocol.o(.bss)
    L0_TxBuffer                              0x20001bb8   Data          20  task_communicate_protocol.o(.bss)
    L0_TxBuffer_Temp                         0x20001bcc   Data          20  task_communicate_protocol.o(.bss)
    L1_RxBuffer                              0x20001be0   Data        2100  task_communicate_protocol.o(.bss)
    L2_RxKeys                                0x20002414   Data          80  task_communicate_protocol.o(.bss)
    L2_TxKeys                                0x20002464   Data          80  task_communicate_protocol.o(.bss)
    Decrp_Buffer                             0x200024b4   Data          32  task_communicate_protocol.o(.bss)
    Encrp_Buffer                             0x200024d4   Data          32  task_communicate_protocol.o(.bss)
    image_MD5_expected                       0x200024f4   Data          16  task_communicate_protocol.o(.bss)
    image_MD5_Calculated                     0x20002504   Data          16  task_communicate_protocol.o(.bss)
    Blank_Buffer                             0x20002514   Data          11  task_hardwarecontrol.o(.bss)
    BT_ADDRESS                               0x2000251f   Data          12  task_hardwarecontrol.o(.bss)
    file_blue                                0x2000252c   Data         552  task_hardwarecontrol.o(.bss)
    fatfs_SDCARD                             0x20002754   Data         560  bsp_filesystem.o(.bss)
    fatfs_USBDISK                            0x20002984   Data         560  bsp_filesystem.o(.bss)
    file_sdif                                0x20002bb4   Data         552  bsp_filesystem.o(.bss)
    file_read                                0x20002ddc   Data         552  bsp_filesystem.o(.bss)
    file_write                               0x20003004   Data         552  bsp_filesystem.o(.bss)
    file_info                                0x2000322c   Data         552  bsp_filesystem.o(.bss)
    file_test                                0x20003454   Data         552  bsp_filesystem.o(.bss)
    SDIF_Read                                0x2000367c   Data        2049  bsp_filesystem.o(.bss)
    MCU_ROM_Read                             0x20003e7d   Data         513  bsp_filesystem.o(.bss)
    MCU_ROM_Write                            0x2000407e   Data        1040  bsp_filesystem.o(.bss)
    SDTEST_BlankBuffer                       0x2000448e   Data         512  bsp_filesystem.o(.bss)
    SDIO_InitStructure                       0x20004690   Data          24  bsp_sdio.o(.bss)
    SDIO_CmdInitStructure                    0x200046a8   Data          20  bsp_sdio.o(.bss)
    SDIO_DataInitStructure                   0x200046bc   Data          24  bsp_sdio.o(.bss)
    SDCardInfo                               0x200046f8   Data          88  bsp_sdio.o(.bss)
    SDIO_DATA_BUFFER                         0x20004750   Data         512  bsp_sdio.o(.bss)
    BT_CMDBufferRx                           0x20004950   Data          40  bsp_usart.o(.bss)
    Button                                   0x20004978   Data          12  bsp_gpio.o(.bss)
    MessageDigest                            0x20004984   Data          16  bsp_md5.o(.bss)
    xQueueRegistry                           0x20014994   Data          64  queue.o(.bss)
    USB_OTG_Core                             0x20014b64   Data        2704  usb_bsp.o(.bss)
    MSC_BOT_Data                             0x200155f4   Data        4096  usbd_msc_bot.o(.bss)
    MSC_BOT_cbw                              0x200165f4   Data          32  usbd_msc_bot.o(.bss)
    MSC_BOT_csw                              0x20016614   Data          16  usbd_msc_bot.o(.bss)
    SCSI_Sense                               0x20016624   Data          32  usbd_msc_scsi.o(.bss)
    USBD_StrDesc                             0x20016644   Data          64  usbd_req.o(.bss)
    __initial_sp                             0x20016a88   Data           0  startup_stm32f411xe.o(STACK)



==============================================================================

Memory Map of the image

  Image Entry point : 0x08020199

  Load Region LR_IROM1 (Base: 0x08020000, Size: 0x0001829c, Max: 0x00020000, ABSOLUTE, COMPRESSED[0x00016bf4])

    Execution Region ER_IROM1 (Base: 0x08020000, Size: 0x0001670c, Max: 0x00020000, ABSOLUTE)

    Base Addr    Size         Type   Attr      Idx    E Section Name        Object

    0x08020000   0x00000198   Data   RO          660    RESET               startup_stm32f411xe.o
    0x08020198   0x00000000   Code   RO         2103  * .ARM.Collect$$$$00000000  mc_w.l(entry.o)
    0x08020198   0x00000004   Code   RO         2394    .ARM.Collect$$$$00000001  mc_w.l(entry2.o)
    0x0802019c   0x00000004   Code   RO         2397    .ARM.Collect$$$$00000004  mc_w.l(entry5.o)
    0x080201a0   0x00000000   Code   RO         2399    .ARM.Collect$$$$00000008  mc_w.l(entry7b.o)
    0x080201a0   0x00000000   Code   RO         2401    .ARM.Collect$$$$0000000A  mc_w.l(entry8b.o)
    0x080201a0   0x00000008   Code   RO         2402    .ARM.Collect$$$$0000000B  mc_w.l(entry9a.o)
    0x080201a8   0x00000000   Code   RO         2404    .ARM.Collect$$$$0000000D  mc_w.l(entry10a.o)
    0x080201a8   0x00000000   Code   RO         2406    .ARM.Collect$$$$0000000F  mc_w.l(entry11a.o)
    0x080201a8   0x00000004   Code   RO         2395    .ARM.Collect$$$$00002712  mc_w.l(entry2.o)
    0x080201ac   0x000000c6   Code   RO          779    .emb_text           port.o
    0x08020272   0x00000002   PAD
    0x08020274   0x00000194   Code   RO            3    .text               main.o
    0x08020408   0x00000024   Code   RO          327    .text               stm32f4xx_it.o
    0x0802042c   0x000016c8   Code   RO          364    .text               task_communicate_protocol.o
    0x08021af4   0x000001f4   Code   RO          402    .text               system_stm32f4xx.o
    0x08021ce8   0x00001300   Code   RO          428    .text               task_hardwarecontrol.o
    0x08022fe8   0x000003d8   Code   RO          460    .text               bsp_adc.o
    0x080233c0   0x000000ec   Code   RO          486    .text               bsp_aesecb256.o
    0x080234ac   0x0000004a   Code   RO          515    .text               bsp_delay.o
    0x080234f6   0x00000002   PAD
    0x080234f8   0x00000438   Code   RO          538    .text               bsp_filesystem.o
    0x08023930   0x00001d8c   Code   RO          570    .text               bsp_sdio.o
    0x080256bc   0x00000528   Code   RO          597    .text               bsp_usart.o
    0x08025be4   0x00000440   Code   RO          632    .text               bsp_gpio.o
    0x08026024   0x00000024   Code   RO          661    .text               startup_stm32f411xe.o
    0x08026048   0x000000f8   Code   RO          667    .text               bsp_rtc.o
    0x08026140   0x000000a4   Code   RO          695    .text               bsp_md5.o
    0x080261e4   0x00000124   Code   RO          718    .text               heap_2.o
    0x08026308   0x00000094   Code   RO          767    .text               list.o
    0x0802639c   0x000000fc   Code   RO          780    .text               port.o
    0x08026498   0x000005b0   Code   RO          803    .text               queue.o
    0x08026a48   0x00000ba8   Code   RO          824    .text               tasks.o
    0x080275f0   0x000000d8   Code   RO          848    .text               usb_bsp.o
    0x080276c8   0x00001786   Code   RO          880    .text               usb_core.o
    0x08028e4e   0x0000037e   Code   RO          900    .text               usb_dcd.o
    0x080291cc   0x00000770   Code   RO          920    .text               usb_dcd_int.o
    0x0802993c   0x000002f8   Code   RO          940    .text               usbd_core.o
    0x08029c34   0x0000013c   Code   RO          969    .text               usbd_desc.o
    0x08029d70   0x000000f4   Code   RO          996    .text               usbd_ioreq.o
    0x08029e64   0x00000294   Code   RO         1016    .text               usbd_msc_bot.o
    0x0802a0f8   0x000001a4   Code   RO         1052    .text               usbd_msc_core.o
    0x0802a29c   0x00000750   Code   RO         1102    .text               usbd_msc_scsi.o
    0x0802a9ec   0x000006c0   Code   RO         1134    .text               usbd_req.o
    0x0802b0ac   0x00000100   Code   RO         1163    .text               usbd_storage.o
    0x0802b1ac   0x00000054   Code   RO         1193    .text               usbd_usr.o
    0x0802b200   0x00000130   Code   RO         1221    .text               diskio.o
    0x0802b330   0x00002aa6   Code   RO         1249    .text               ff.o
    0x0802ddd6   0x00000002   PAD
    0x0802ddd8   0x00000080   Code   RO         1279    .text               unicode.o
    0x0802de58   0x000000e0   Code   RO         1298    .text               misc.o
    0x0802df38   0x00000464   Code   RO         1318    .text               stm32f4xx_adc.o
    0x0802e39c   0x000003a8   Code   RO         1358    .text               stm32f4xx_dma.o
    0x0802e744   0x00000110   Code   RO         1378    .text               stm32f4xx_exti.o
    0x0802e854   0x00000694   Code   RO         1398    .text               stm32f4xx_flash.o
    0x0802eee8   0x00000294   Code   RO         1418    .text               stm32f4xx_gpio.o
    0x0802f17c   0x00000040   Code   RO         1461    .text               stm32f4xx_iwdg.o
    0x0802f1bc   0x0000016c   Code   RO         1481    .text               stm32f4xx_pwr.o
    0x0802f328   0x000005fc   Code   RO         1501    .text               stm32f4xx_rcc.o
    0x0802f924   0x00000d68   Code   RO         1543    .text               stm32f4xx_rtc.o
    0x0803068c   0x000001dc   Code   RO         1563    .text               stm32f4xx_sdio.o
    0x08030868   0x00000094   Code   RO         1606    .text               stm32f4xx_syscfg.o
    0x080308fc   0x00000ca2   Code   RO         1626    .text               stm32f4xx_tim.o
    0x0803159e   0x00000002   PAD
    0x080315a0   0x00000454   Code   RO         1646    .text               stm32f4xx_usart.o
    0x080319f4   0x0000005a   Code   RO         2106    .text               mc_w.l(ldiv.o)
    0x08031a4e   0x00000002   PAD
    0x08031a50   0x00000024   Code   RO         2108    .text               mc_w.l(rand.o)
    0x08031a74   0x00000024   Code   RO         2111    .text               mc_w.l(memcpya.o)
    0x08031a98   0x00000024   Code   RO         2113    .text               mc_w.l(memseta.o)
    0x08031abc   0x0000014e   Code   RO         2378    .text               mf_w.l(dadd.o)
    0x08031c0a   0x000000e4   Code   RO         2380    .text               mf_w.l(dmul.o)
    0x08031cee   0x000000de   Code   RO         2382    .text               mf_w.l(ddiv.o)
    0x08031dcc   0x0000001a   Code   RO         2384    .text               mf_w.l(dfltui.o)
    0x08031de6   0x00000032   Code   RO         2386    .text               mf_w.l(dfixui.o)
    0x08031e18   0x00000026   Code   RO         2388    .text               mf_w.l(f2d.o)
    0x08031e3e   0x00000002   PAD
    0x08031e40   0x00000028   Code   RO         2390    .text               mf_w.l(cdrcmple.o)
    0x08031e68   0x00000038   Code   RO         2392    .text               mf_w.l(d2f.o)
    0x08031ea0   0x00000062   Code   RO         2410    .text               mc_w.l(uldiv.o)
    0x08031f02   0x0000001e   Code   RO         2412    .text               mc_w.l(llshl.o)
    0x08031f20   0x00000020   Code   RO         2414    .text               mc_w.l(llushr.o)
    0x08031f40   0x00000024   Code   RO         2416    .text               mc_w.l(llsshr.o)
    0x08031f64   0x00000000   Code   RO         2418    .text               mc_w.l(iusefp.o)
    0x08031f64   0x0000006e   Code   RO         2419    .text               mf_w.l(fepilogue.o)
    0x08031fd2   0x000000b6   Code   RO         2421    .text               mf_w.l(depilogue.o)
    0x08032088   0x00000024   Code   RO         2425    .text               mc_w.l(init.o)
    0x080320ac   0x00000056   Code   RO         2435    .text               mc_w.l(__dczerorl2.o)
    0x08032102   0x00000002   PAD
    0x08032104   0x00000304   Code   RO         1666    i.AES128_decrypt    M4_CryptoFW_RngHW_2_0_6.lib(crypto.o)
    0x08032408   0x00000314   Code   RO         1667    i.AES128_encrypt    M4_CryptoFW_RngHW_2_0_6.lib(crypto.o)
    0x0803271c   0x00000134   Code   RO         1668    i.AES128_keyschedule_dec  M4_CryptoFW_RngHW_2_0_6.lib(crypto.o)
    0x08032850   0x00000074   Code   RO         1669    i.AES128_keyschedule_enc  M4_CryptoFW_RngHW_2_0_6.lib(crypto.o)
    0x080328c4   0x00000300   Code   RO         1670    i.AES192_decrypt    M4_CryptoFW_RngHW_2_0_6.lib(crypto.o)
    0x08032bc4   0x00000314   Code   RO         1671    i.AES192_encrypt    M4_CryptoFW_RngHW_2_0_6.lib(crypto.o)
    0x08032ed8   0x00000120   Code   RO         1672    i.AES192_keyschedule_dec  M4_CryptoFW_RngHW_2_0_6.lib(crypto.o)
    0x08032ff8   0x00000098   Code   RO         1673    i.AES192_keyschedule_enc  M4_CryptoFW_RngHW_2_0_6.lib(crypto.o)
    0x08033090   0x00000304   Code   RO         1674    i.AES256_decrypt    M4_CryptoFW_RngHW_2_0_6.lib(crypto.o)
    0x08033394   0x00000318   Code   RO         1675    i.AES256_encrypt    M4_CryptoFW_RngHW_2_0_6.lib(crypto.o)
    0x080336ac   0x00000120   Code   RO         1676    i.AES256_keyschedule_dec  M4_CryptoFW_RngHW_2_0_6.lib(crypto.o)
    0x080337cc   0x000000dc   Code   RO         1677    i.AES256_keyschedule_enc  M4_CryptoFW_RngHW_2_0_6.lib(crypto.o)
    0x080338a8   0x000000c4   Code   RO         1703    i.AES_ECB_Decrypt_Append  M4_CryptoFW_RngHW_2_0_6.lib(crypto.o)
    0x0803396c   0x0000001a   Code   RO         1704    i.AES_ECB_Decrypt_Finish  M4_CryptoFW_RngHW_2_0_6.lib(crypto.o)
    0x08033986   0x00000006   Code   RO         1705    i.AES_ECB_Decrypt_Init  M4_CryptoFW_RngHW_2_0_6.lib(crypto.o)
    0x0803398c   0x000000c4   Code   RO         1706    i.AES_ECB_Encrypt_Append  M4_CryptoFW_RngHW_2_0_6.lib(crypto.o)
    0x08033a50   0x0000001a   Code   RO         1707    i.AES_ECB_Encrypt_Finish  M4_CryptoFW_RngHW_2_0_6.lib(crypto.o)
    0x08033a6a   0x00000006   Code   RO         1708    i.AES_ECB_Encrypt_Init  M4_CryptoFW_RngHW_2_0_6.lib(crypto.o)
    0x08033a70   0x000001a4   Code   RO         1724    i.AESstdInit        M4_CryptoFW_RngHW_2_0_6.lib(crypto.o)
    0x08033c14   0x00000008   Code   RO         1739    i.Crypto_DeInit     M4_CryptoFW_RngHW_2_0_6.lib(crypto.o)
    0x08033c1c   0x0000002a   Code   RO         1804    i.MD5_Append        M4_CryptoFW_RngHW_2_0_6.lib(crypto.o)
    0x08033c46   0x00000090   Code   RO         1805    i.MD5_Finish        M4_CryptoFW_RngHW_2_0_6.lib(crypto.o)
    0x08033cd6   0x00000002   PAD
    0x08033cd8   0x0000003c   Code   RO         1806    i.MD5_Init          M4_CryptoFW_RngHW_2_0_6.lib(crypto.o)
    0x08033d14   0x00000020   Code   RO         2184    i.__0printf$2       mc_w.l(printf2.o)
    0x08033d34   0x0000000e   Code   RO         2429    i.__scatterload_copy  mc_w.l(handlers.o)
    0x08033d42   0x00000002   Code   RO         2430    i.__scatterload_null  mc_w.l(handlers.o)
    0x08033d44   0x0000000e   Code   RO         2431    i.__scatterload_zeroinit  mc_w.l(handlers.o)
    0x08033d52   0x000000d6   Code   RO         2191    i._printf_core      mc_w.l(printf2.o)
    0x08033e28   0x000000d8   Code   RO         1876    i.crl_u_MD5_Finish  M4_CryptoFW_RngHW_2_0_6.lib(crypto.o)
    0x08033f00   0x00000096   Code   RO         1878    i.crl_u_MD5_Update  M4_CryptoFW_RngHW_2_0_6.lib(crypto.o)
    0x08033f96   0x00000002   PAD
    0x08033f98   0x00000810   Code   RO         1882    i.md5_process       M4_CryptoFW_RngHW_2_0_6.lib(crypto.o)
    0x080347a8   0x00000200   Data   RO          366    .constdata          task_communicate_protocol.o
    0x080349a8   0x00000018   Data   RO          697    .constdata          bsp_md5.o
    0x080349c0   0x00000017   Data   RO         1082    .constdata          usbd_msc_data.o
    0x080349d7   0x00000001   PAD
    0x080349d8   0x000000ba   Data   RO         1250    .constdata          ff.o
    0x08034a92   0x000004c0   Data   RO         1280    .constdata          unicode.o
    0x08034f52   0x00000002   PAD
    0x08034f54   0x00001798   Data   RO         1883    .constdata          M4_CryptoFW_RngHW_2_0_6.lib(crypto.o)
    0x080366ec   0x00000020   Data   RO         2427    Region$$Table       anon$$obj.o


    Execution Region RW_IRAM1 (Base: 0x20000000, Size: 0x00016a88, Max: 0x00020000, ABSOLUTE, COMPRESSED[0x000004e8])

    Base Addr    Size         Type   Attr      Idx    E Section Name        Object

    0x20000000   0x00000034   Data   RW            4    .data               main.o
    0x20000034   0x000008b9   Data   RW          367    .data               task_communicate_protocol.o
    0x200008ed   0x00000003   PAD
    0x200008f0   0x00000014   Data   RW          403    .data               system_stm32f4xx.o
    0x20000904   0x000000cb   Data   RW          430    .data               task_hardwarecontrol.o
    0x200009cf   0x00000001   PAD
    0x200009d0   0x000002e8   Data   RW          461    .data               bsp_adc.o
    0x20000cb8   0x00000020   Data   RW          487    .data               bsp_aesecb256.o
    0x20000cd8   0x00000460   Data   RW          541    .data               bsp_filesystem.o
    0x20001138   0x00000010   Data   RW          572    .data               bsp_sdio.o
    0x20001148   0x00000848   Data   RW          599    .data               bsp_usart.o
    0x20001990   0x00000001   Data   RW          634    .data               bsp_gpio.o
    0x20001991   0x00000001   Data   RW          668    .data               bsp_rtc.o
    0x20001992   0x00000002   PAD
    0x20001994   0x00000008   Data   RW          698    .data               bsp_md5.o
    0x2000199c   0x00000018   Data   RW          720    .data               heap_2.o
    0x200019b4   0x00000004   Data   RW          781    .data               port.o
    0x200019b8   0x00000038   Data   RW          826    .data               tasks.o
    0x200019f0   0x00000003   Data   RW          850    .data               usb_bsp.o
    0x200019f3   0x00000001   PAD
    0x200019f4   0x00000034   Data   RW          941    .data               usbd_core.o
    0x20001a28   0x0000003c   Data   RW          970    .data               usbd_desc.o
    0x20001a64   0x00000004   Data   RW         1018    .data               usbd_msc_bot.o
    0x20001a68   0x0000004e   Data   RW         1053    .data               usbd_msc_core.o
    0x20001ab6   0x00000002   PAD
    0x20001ab8   0x00000018   Data   RW         1104    .data               usbd_msc_scsi.o
    0x20001ad0   0x0000000d   Data   RW         1136    .data               usbd_req.o
    0x20001add   0x00000003   PAD
    0x20001ae0   0x00000070   Data   RW         1164    .data               usbd_storage.o
    0x20001b50   0x00000020   Data   RW         1194    .data               usbd_usr.o
    0x20001b70   0x0000000a   Data   RW         1251    .data               ff.o
    0x20001b7a   0x00000010   Data   RW         1502    .data               stm32f4xx_rcc.o
    0x20001b8a   0x00000002   PAD
    0x20001b8c   0x00000004   Data   RW         2109    .data               mc_w.l(rand.o)
    0x20001b90   0x00000984   Zero   RW          365    .bss                task_communicate_protocol.o
    0x20002514   0x00000240   Zero   RW          429    .bss                task_hardwarecontrol.o
    0x20002754   0x00001f3a   Zero   RW          539    .bss                bsp_filesystem.o
    0x2000468e   0x00000002   PAD
    0x20004690   0x000002c0   Zero   RW          571    .bss                bsp_sdio.o
    0x20004950   0x00000028   Zero   RW          598    .bss                bsp_usart.o
    0x20004978   0x0000000c   Zero   RW          633    .bss                bsp_gpio.o
    0x20004984   0x00000010   Zero   RW          696    .bss                bsp_md5.o
    0x20004994   0x00010000   Zero   RW          719    .bss                heap_2.o
    0x20014994   0x00000040   Zero   RW          804    .bss                queue.o
    0x200149d4   0x00000190   Zero   RW          825    .bss                tasks.o
    0x20014b64   0x00000a90   Zero   RW          849    .bss                usb_bsp.o
    0x200155f4   0x00001030   Zero   RW         1017    .bss                usbd_msc_bot.o
    0x20016624   0x00000020   Zero   RW         1103    .bss                usbd_msc_scsi.o
    0x20016644   0x00000040   Zero   RW         1135    .bss                usbd_req.o
    0x20016684   0x00000004   PAD
    0x20016688   0x00000400   Zero   RW          658    STACK               startup_stm32f411xe.o


==============================================================================

Image component sizes


      Code (inc. data)   RO Data    RW Data    ZI Data      Debug   Object Name

       984        138          0        744          0       2621   bsp_adc.o
       236          0          0         32          0       2591   bsp_aesecb256.o
        74          0          0          0          0       1230   bsp_delay.o
      1080        106          0       1120       7994       8260   bsp_filesystem.o
      1088         28          0          1         12       4929   bsp_gpio.o
       164         20         24          8         16       2354   bsp_md5.o
       248          6          0          1          0       1242   bsp_rtc.o
      7564        288          0         16        704      25566   bsp_sdio.o
      1320        144          0       2120         40       5919   bsp_usart.o
       304         10          0          0          0       3766   diskio.o
     10918        144        186         10          0      36292   ff.o
       292         20          0         24      65536      14820   heap_2.o
       148          0          0          0          0       2026   list.o
       404         80          0         52          0     391652   main.o
       224         20          0          0          0       1921   misc.o
       450         38          0          4          0       4903   port.o
      1456          6          0          0         64      12091   queue.o
        36          8        408          0       1024        868   startup_stm32f411xe.o
      1124         24          0          0          0      10594   stm32f4xx_adc.o
       936         32          0          0          0       6393   stm32f4xx_dma.o
       272         10          0          0          0       2367   stm32f4xx_exti.o
      1684         28          0          0          0       9254   stm32f4xx_flash.o
       660         44          0          0          0       4193   stm32f4xx_gpio.o
        36          6          0          0          0       3505   stm32f4xx_it.o
        64          6          0          0          0       1369   stm32f4xx_iwdg.o
       364         12          0          0          0       3779   stm32f4xx_pwr.o
      1532         54          0         16          0      12453   stm32f4xx_rcc.o
      3432         44          0          0          0      15152   stm32f4xx_rtc.o
       476         16          0          0          0       7488   stm32f4xx_sdio.o
       148         12          0          0          0       1889   stm32f4xx_syscfg.o
      3234         60          0          0          0      22396   stm32f4xx_tim.o
      1108         34          0          0          0       7896   stm32f4xx_usart.o
       500         44          0         20          0       1855   system_stm32f4xx.o
      5832        616        512       2233       2436       8802   task_communicate_protocol.o
      4864        642          0        203        576      35734   task_hardwarecontrol.o
      2984        200          0         56        400      13972   tasks.o
       128         12       1216          0          0       1633   unicode.o
       216          6          0          3       2704      29940   usb_bsp.o
      6022         10          0          0          0      16894   usb_core.o
       894          0          0          0          0       4420   usb_dcd.o
      1904         22          0          0          0       4943   usb_dcd_int.o
       760          6          0         52          0       5326   usbd_core.o
       316        140          0         60          0       3616   usbd_desc.o
       244          0          0          0          0       2666   usbd_ioreq.o
       660         36          0          4       4144       4517   usbd_msc_bot.o
       420         18          0         78          0       2883   usbd_msc_core.o
         0          0         23          0          0        773   usbd_msc_data.o
      1872        104          0         24         32       8515   usbd_msc_scsi.o
      1728         50          0         13         64       5401   usbd_req.o
       256          8          0        112          0       3973   usbd_storage.o
        84         16          0         32          0       1810   usbd_usr.o

    ----------------------------------------------------------------------
     71752       3368       2404       7052      85752     789452   Object Totals
         0          0         32          0          0          0   (incl. Generated)
         8          0          3         14          6          0   (incl. Padding)

    ----------------------------------------------------------------------

      Code (inc. data)   RO Data    RW Data    ZI Data      Debug   Library Member Name

      9612        394       6040          0          0       3548   crypto.o
        86          0          0          0          0          0   __dczerorl2.o
         0          0          0          0          0          0   entry.o
         0          0          0          0          0          0   entry10a.o
         0          0          0          0          0          0   entry11a.o
         8          4          0          0          0          0   entry2.o
         4          0          0          0          0          0   entry5.o
         0          0          0          0          0          0   entry7b.o
         0          0          0          0          0          0   entry8b.o
         8          4          0          0          0          0   entry9a.o
        30          0          0          0          0          0   handlers.o
        36          8          0          0          0         68   init.o
         0          0          0          0          0          0   iusefp.o
        90          0          0          0          0         84   ldiv.o
        30          0          0          0          0         68   llshl.o
        36          0          0          0          0         68   llsshr.o
        32          0          0          0          0         68   llushr.o
        36          0          0          0          0         68   memcpya.o
        36          0          0          0          0        108   memseta.o
       246         10          0          0          0        176   printf2.o
        36         10          0          4          0        136   rand.o
        98          0          0          0          0         92   uldiv.o
        40          2          0          0          0         68   cdrcmple.o
        56          0          0          0          0         88   d2f.o
       334          0          0          0          0        148   dadd.o
       222          0          0          0          0        100   ddiv.o
       182          0          0          0          0        176   depilogue.o
        50          0          0          0          0         76   dfixui.o
        26          0          0          0          0         76   dfltui.o
       228          0          0          0          0         96   dmul.o
        38          0          0          0          0         68   f2d.o
       110          0          0          0          0        168   fepilogue.o

    ----------------------------------------------------------------------
     11720        432       6040          4          0       5548   Library Totals
        10          0          0          0          0          0   (incl. Padding)

    ----------------------------------------------------------------------

      Code (inc. data)   RO Data    RW Data    ZI Data      Debug   Library Name

      9612        394       6040          0          0       3548   M4_CryptoFW_RngHW_2_0_6.lib
       812         36          0          4          0        936   mc_w.l
      1286          2          0          0          0       1064   mf_w.l

    ----------------------------------------------------------------------
     11720        432       6040          4          0       5548   Library Totals

    ----------------------------------------------------------------------

==============================================================================


      Code (inc. data)   RO Data    RW Data    ZI Data      Debug   

     83472       3800       8444       7056      85752     778596   Grand Totals
     83472       3800       8444       1256      85752     778596   ELF Image Totals (compressed)
     83472       3800       8444       1256          0          0   ROM Totals

==============================================================================

    Total RO  Size (Code + RO Data)                91916 (  89.76kB)
    Total RW  Size (RW Data + ZI Data)             92808 (  90.63kB)
    Total ROM Size (Code + RO Data + RW Data)      93172 (  90.99kB)

==============================================================================

