Component: ARM Compiler 5.05 update 1 (build 106) Tool: armlink [4d0efa]

==============================================================================

Section Cross References

    main.o(.text) refers to misc.o(.text) for NVIC_PriorityGroupConfig
    main.o(.text) refers to bsp_gpio.o(.text) for bsp_GpioInit
    main.o(.text) refers to stm32f4xx_gpio.o(.text) for GPIO_ResetBits
    main.o(.text) refers to bsp_adc.o(.text) for bsp_AdcInit
    main.o(.text) refers to bsp_delay.o(.text) for ForDelay_nms
    main.o(.text) refers to flash_if.o(.text) for FLASH_If_FlashUnlock
    main.o(.text) refers to bsp_filesystem.o(.text) for bsp_FSInit
    main.o(.text) refers to ff.o(.text) for f_mount
    main.o(.text) refers to stm32f4xx_sdio.o(.text) for SDIO_DeInit
    main.o(.text) refers to bsp_sdio.o(.text) for SDIO_Register_Deinit
    main.o(.text) refers to stm32f4xx_dma.o(.text) for DMA_Cmd
    main.o(.text) refers to stm32f4xx_rcc.o(.text) for RCC_AHB1PeriphClockCmd
    main.o(.text) refers to command.o(.text) for COMMAND_DOWNLOAD
    main.o(.text) refers to main.o(.data) for ADCindex
    system_stm32f4xx.o(.text) refers to system_stm32f4xx.o(.data) for SystemCoreClock
    bsp_filesystem.o(.text) refers to bsp_sdio.o(.text) for SD_Init
    bsp_filesystem.o(.text) refers to ff.o(.text) for f_mount
    bsp_filesystem.o(.text) refers to bsp_filesystem.o(.bss) for fatfs_SDCARD
    bsp_gpio.o(.text) refers to stm32f4xx_rcc.o(.text) for RCC_APB2PeriphClockCmd
    bsp_gpio.o(.text) refers to stm32f4xx_gpio.o(.text) for GPIO_Init
    bsp_gpio.o(.text) refers to stm32f4xx_syscfg.o(.text) for SYSCFG_EXTILineConfig
    bsp_gpio.o(.text) refers to stm32f4xx_exti.o(.text) for EXTI_Init
    bsp_gpio.o(.text) refers to misc.o(.text) for NVIC_Init
    bsp_gpio.o(.text) refers to bsp_delay.o(.text) for ForDelay_nms
    bsp_gpio.o(.text) refers to bsp_gpio.o(.data) for Button
    bsp_sdio.o(.text) refers to stm32f4xx_sdio.o(.text) for SDIO_ClearFlag
    bsp_sdio.o(.text) refers to bsp_delay.o(.text) for ForDelay_nus
    bsp_sdio.o(.text) refers to bsp_sdio.o(.data) for DeviceMode
    bsp_sdio.o(.text) refers to bsp_sdio.o(.bss) for SDIO_CmdInitStructure
    bsp_sdio.o(.text) refers to stm32f4xx_rcc.o(.text) for RCC_AHB1PeriphClockCmd
    bsp_sdio.o(.text) refers to stm32f4xx_gpio.o(.text) for GPIO_Init
    bsp_sdio.o(.text) refers to misc.o(.text) for NVIC_Init
    bsp_sdio.o(.text) refers to stm32f4xx_dma.o(.text) for DMA_GetCmdStatus
    bsp_sdio.o(.text) refers to rt_memcpy_v6.o(.text) for __aeabi_memcpy
    startup_stm32f411xe.o(STACK) refers (Special) to heapauxi.o(.text) for __use_two_region_memory
    startup_stm32f411xe.o(HEAP) refers (Special) to heapauxi.o(.text) for __use_two_region_memory
    startup_stm32f411xe.o(RESET) refers (Special) to heapauxi.o(.text) for __use_two_region_memory
    startup_stm32f411xe.o(RESET) refers to startup_stm32f411xe.o(STACK) for __initial_sp
    startup_stm32f411xe.o(RESET) refers to startup_stm32f411xe.o(.text) for Reset_Handler
    startup_stm32f411xe.o(RESET) refers to stm32f4xx_it.o(.text) for NMI_Handler
    startup_stm32f411xe.o(RESET) refers to bsp_gpio.o(.text) for EXTI9_5_IRQHandler
    startup_stm32f411xe.o(RESET) refers to bsp_sdio.o(.text) for SDIO_IRQHandler
    startup_stm32f411xe.o(.text) refers (Special) to heapauxi.o(.text) for __use_two_region_memory
    startup_stm32f411xe.o(.text) refers to system_stm32f4xx.o(.text) for SystemInit
    startup_stm32f411xe.o(.text) refers to __main.o(!!!main) for __main
    startup_stm32f411xe.o(.text) refers to startup_stm32f411xe.o(HEAP) for Heap_Mem
    startup_stm32f411xe.o(.text) refers to startup_stm32f411xe.o(STACK) for Stack_Mem
    command.o(.text) refers to ff.o(.text) for f_read
    command.o(.text) refers to bsp_gpio.o(.text) for bsp_LED2On
    command.o(.text) refers to flash_if.o(.text) for FLASH_If_ProgramWord
    command.o(.text) refers to command.o(.bss) for RAM_Buf
    command.o(.text) refers to command.o(.data) for RamAddress
    flash_if.o(.text) refers to stm32f4xx_flash.o(.text) for FLASH_Unlock
    flash_if.o(.text) refers to bsp_gpio.o(.text) for bsp_LED2Off
    bsp_adc.o(.text) refers to stm32f4xx_adc.o(.text) for ADC_SoftwareStartConv
    bsp_adc.o(.text) refers to f2d.o(x$fpl$f2d) for __aeabi_f2d
    bsp_adc.o(.text) refers to dflt_clz.o(x$fpl$dfltu) for __aeabi_ui2d
    bsp_adc.o(.text) refers to dmul.o(x$fpl$dmul) for __aeabi_dmul
    bsp_adc.o(.text) refers to drleqf.o(x$fpl$drleqf) for __aeabi_cdrcmple
    bsp_adc.o(.text) refers to daddsub_clz.o(x$fpl$dadd) for __aeabi_dadd
    bsp_adc.o(.text) refers to dfixu.o(x$fpl$dfixu) for __aeabi_d2uiz
    bsp_adc.o(.text) refers to stm32f4xx_rcc.o(.text) for RCC_APB2PeriphClockCmd
    bsp_adc.o(.text) refers to stm32f4xx_gpio.o(.text) for GPIO_Init
    bsp_adc.o(.text) refers to bsp_adc.o(.bss) for ADC_Value
    bsp_adc.o(.text) refers to bsp_adc.o(.data) for FilteredADC
    stm32f4xx_gpio.o(.text) refers to stm32f4xx_rcc.o(.text) for RCC_AHB1PeriphResetCmd
[...]
    ..\Libirary\STM32_FWLIB\src\stm32f4xx_adc.c 0x00000000   Number         0  stm32f4xx_adc.o ABSOLUTE
    ..\Libirary\STM32_FWLIB\src\stm32f4xx_dma.c 0x00000000   Number         0  stm32f4xx_dma.o ABSOLUTE
    ..\Libirary\STM32_FWLIB\src\stm32f4xx_exti.c 0x00000000   Number         0  stm32f4xx_exti.o ABSOLUTE
    ..\Libirary\STM32_FWLIB\src\stm32f4xx_flash.c 0x00000000   Number         0  stm32f4xx_flash.o ABSOLUTE
    ..\Libirary\STM32_FWLIB\src\stm32f4xx_gpio.c 0x00000000   Number         0  stm32f4xx_gpio.o ABSOLUTE
    ..\Libirary\STM32_FWLIB\src\stm32f4xx_pwr.c 0x00000000   Number         0  stm32f4xx_pwr.o ABSOLUTE
    ..\Libirary\STM32_FWLIB\src\stm32f4xx_rcc.c 0x00000000   Number         0  stm32f4xx_rcc.o ABSOLUTE
    ..\Libirary\STM32_FWLIB\src\stm32f4xx_sdio.c 0x00000000   Number         0  stm32f4xx_sdio.o ABSOLUTE
    ..\Libirary\STM32_FWLIB\src\stm32f4xx_syscfg.c 0x00000000   Number         0  stm32f4xx_syscfg.o ABSOLUTE
    ..\Libirary\startup_stm32f411xe.s        0x00000000   Number         0  startup_stm32f411xe.o ABSOLUTE
    ..\Sourcecode\BSP\src\bsp_Adc.c          0x00000000   Number         0  bsp_adc.o ABSOLUTE
    ..\Sourcecode\BSP\src\bsp_Delay.c        0x00000000   Number         0  bsp_delay.o ABSOLUTE
    ..\Sourcecode\BSP\src\bsp_FileSystem.c   0x00000000   Number         0  bsp_filesystem.o ABSOLUTE
    ..\Sourcecode\BSP\src\bsp_Gpio.c         0x00000000   Number         0  bsp_gpio.o ABSOLUTE
    ..\Sourcecode\BSP\src\bsp_Sdio.c         0x00000000   Number         0  bsp_sdio.o ABSOLUTE
    ..\Sourcecode\BSP\src\command.c          0x00000000   Number         0  command.o ABSOLUTE
    ..\Sourcecode\BSP\src\flash_if.c         0x00000000   Number         0  flash_if.o ABSOLUTE
    ..\Sourcecode\main.c                     0x00000000   Number         0  main.o ABSOLUTE
    ..\Sourcecode\stm32f4xx_it.c             0x00000000   Number         0  stm32f4xx_it.o ABSOLUTE
    ..\Sourcecode\system_stm32f4xx.c         0x00000000   Number         0  system_stm32f4xx.o ABSOLUTE
    ..\\Libirary\\FATFS\\diskio.c            0x00000000   Number         0  diskio.o ABSOLUTE
    ..\\Libirary\\STM32_FWLIB\\src\\misc.c   0x00000000   Number         0  misc.o ABSOLUTE
    ..\\Libirary\\STM32_FWLIB\\src\\stm32f4xx_adc.c 0x00000000   Number         0  stm32f4xx_adc.o ABSOLUTE
    ..\\Libirary\\STM32_FWLIB\\src\\stm32f4xx_dma.c 0x00000000   Number         0  stm32f4xx_dma.o ABSOLUTE
    ..\\Libirary\\STM32_FWLIB\\src\\stm32f4xx_exti.c 0x00000000   Number         0  stm32f4xx_exti.o ABSOLUTE
    ..\\Libirary\\STM32_FWLIB\\src\\stm32f4xx_flash.c 0x00000000   Number         0  stm32f4xx_flash.o ABSOLUTE
    ..\\Libirary\\STM32_FWLIB\\src\\stm32f4xx_gpio.c 0x00000000   Number         0  stm32f4xx_gpio.o ABSOLUTE
    ..\\Libirary\\STM32_FWLIB\\src\\stm32f4xx_pwr.c 0x00000000   Number         0  stm32f4xx_pwr.o ABSOLUTE
    ..\\Libirary\\STM32_FWLIB\\src\\stm32f4xx_rcc.c 0x00000000   Number         0  stm32f4xx_rcc.o ABSOLUTE
    ..\\Libirary\\STM32_FWLIB\\src\\stm32f4xx_sdio.c 0x00000000   Number         0  stm32f4xx_sdio.o ABSOLUTE
    ..\\Libirary\\STM32_FWLIB\\src\\stm32f4xx_syscfg.c 0x00000000   Number         0  stm32f4xx_syscfg.o ABSOLUTE
    ..\\Sourcecode\\BSP\\src\\bsp_Adc.c      0x00000000   Number         0  bsp_adc.o ABSOLUTE
    ..\\Sourcecode\\BSP\\src\\bsp_Delay.c    0x00000000   Number         0  bsp_delay.o ABSOLUTE
    ..\\Sourcecode\\BSP\\src\\bsp_FileSystem.c 0x00000000   Number         0  bsp_filesystem.o ABSOLUTE
    ..\\Sourcecode\\BSP\\src\\bsp_Gpio.c     0x00000000   Number         0  bsp_gpio.o ABSOLUTE
    ..\\Sourcecode\\BSP\\src\\bsp_Sdio.c     0x00000000   Number         0  bsp_sdio.o ABSOLUTE
    ..\\Sourcecode\\BSP\\src\\command.c      0x00000000   Number         0  command.o ABSOLUTE
    ..\\Sourcecode\\BSP\\src\\flash_if.c     0x00000000   Number         0  flash_if.o ABSOLUTE
    ..\\Sourcecode\\main.c                   0x00000000   Number         0  main.o ABSOLUTE
    ..\\Sourcecode\\stm32f4xx_it.c           0x00000000   Number         0  stm32f4xx_it.o ABSOLUTE
    ..\\Sourcecode\\system_stm32f4xx.c       0x00000000   Number         0  system_stm32f4xx.o ABSOLUTE
    dc.s                                     0x00000000   Number         0  dc.o ABSOLUTE
    RESET                                    0x08000000   Section      408  startup_stm32f411xe.o(RESET)
    !!!main                                  0x08000198   Section        8  __main.o(!!!main)
    !!!scatter                               0x080001a0   Section       52  __scatter.o(!!!scatter)
    !!handler_copy                           0x080001d4   Section       26  __scatter_copy.o(!!handler_copy)
    !!handler_zi                             0x080001f0   Section       28  __scatter_zi.o(!!handler_zi)
    .ARM.Collect$$libinit$$00000000          0x0800020c   Section        2  libinit.o(.ARM.Collect$$libinit$$00000000)
    .ARM.Collect$$libinit$$00000001          0x0800020e   Section        4  libinit2.o(.ARM.Collect$$libinit$$00000001)
    .ARM.Collect$$libinit$$00000004          0x08000212   Section        0  libinit2.o(.ARM.Collect$$libinit$$00000004)
    .ARM.Collect$$libinit$$0000000A          0x08000212   Section        0  libinit2.o(.ARM.Collect$$libinit$$0000000A)
    .ARM.Collect$$libinit$$0000000C          0x08000212   Section        0  libinit2.o(.ARM.Collect$$libinit$$0000000C)
    .ARM.Collect$$libinit$$0000000E          0x08000212   Section        0  libinit2.o(.ARM.Collect$$libinit$$0000000E)
    .ARM.Collect$$libinit$$00000011          0x08000212   Section        0  libinit2.o(.ARM.Collect$$libinit$$00000011)
    .ARM.Collect$$libinit$$00000013          0x08000212   Section        0  libinit2.o(.ARM.Collect$$libinit$$00000013)
    .ARM.Collect$$libinit$$00000015          0x08000212   Section        0  libinit2.o(.ARM.Collect$$libinit$$00000015)
    .ARM.Collect$$libinit$$00000017          0x08000212   Section        0  libinit2.o(.ARM.Collect$$libinit$$00000017)
    .ARM.Collect$$libinit$$00000019          0x08000212   Section        0  libinit2.o(.ARM.Collect$$libinit$$00000019)
    .ARM.Collect$$libinit$$0000001B          0x08000212   Section        0  libinit2.o(.ARM.Collect$$libinit$$0000001B)
    .ARM.Collect$$libinit$$0000001D          0x08000212   Section        0  libinit2.o(.ARM.Collect$$libinit$$0000001D)
    .ARM.Collect$$libinit$$0000001F          0x08000212   Section        0  libinit2.o(.ARM.Collect$$libinit$$0000001F)
    .ARM.Collect$$libinit$$00000021          0x08000212   Section        0  libinit2.o(.ARM.Collect$$libinit$$00000021)
    .ARM.Collect$$libinit$$00000023          0x08000212   Section        0  libinit2.o(.ARM.Collect$$libinit$$00000023)
    .ARM.Collect$$libinit$$00000025          0x08000212   Section        0  libinit2.o(.ARM.Collect$$libinit$$00000025)
    .ARM.Collect$$libinit$$0000002C          0x08000212   Section        0  libinit2.o(.ARM.Collect$$libinit$$0000002C)
    .ARM.Collect$$libinit$$0000002E          0x08000212   Section        0  libinit2.o(.ARM.Collect$$libinit$$0000002E)
    .ARM.Collect$$libinit$$00000030          0x08000212   Section        0  libinit2.o(.ARM.Collect$$libinit$$00000030)
    .ARM.Collect$$libinit$$00000032          0x08000212   Section        0  libinit2.o(.ARM.Collect$$libinit$$00000032)
    .ARM.Collect$$libinit$$00000033          0x08000212   Section        2  libinit2.o(.ARM.Collect$$libinit$$00000033)
    .ARM.Collect$$libshutdown$$00000000      0x08000214   Section        2  libshutdown.o(.ARM.Collect$$libshutdown$$00000000)
    .ARM.Collect$$libshutdown$$00000003      0x08000216   Section        0  libshutdown2.o(.ARM.Collect$$libshutdown$$00000003)
    .ARM.Collect$$libshutdown$$00000006      0x08000216   Section        0  libshutdown2.o(.ARM.Collect$$libshutdown$$00000006)
    .ARM.Collect$$libshutdown$$00000009      0x08000216   Section        0  libshutdown2.o(.ARM.Collect$$libshutdown$$00000009)
    .ARM.Collect$$libshutdown$$0000000B      0x08000216   Section        0  libshutdown2.o(.ARM.Collect$$libshutdown$$0000000B)
    .ARM.Collect$$libshutdown$$0000000E      0x08000216   Section        0  libshutdown2.o(.ARM.Collect$$libshutdown$$0000000E)
    .ARM.Collect$$libshutdown$$0000000F      0x08000216   Section        2  libshutdown2.o(.ARM.Collect$$libshutdown$$0000000F)
    .ARM.Collect$$rtentry$$00000000          0x08000218   Section        0  __rtentry.o(.ARM.Collect$$rtentry$$00000000)
    .ARM.Collect$$rtentry$$00000002          0x08000218   Section        0  __rtentry2.o(.ARM.Collect$$rtentry$$00000002)
    .ARM.Collect$$rtentry$$00000004          0x08000218   Section        6  __rtentry4.o(.ARM.Collect$$rtentry$$00000004)
    .ARM.Collect$$rtentry$$00000009          0x0800021e   Section        0  __rtentry2.o(.ARM.Collect$$rtentry$$00000009)
    .ARM.Collect$$rtentry$$0000000A          0x0800021e   Section        4  __rtentry2.o(.ARM.Collect$$rtentry$$0000000A)
    .ARM.Collect$$rtentry$$0000000C          0x08000222   Section        0  __rtentry2.o(.ARM.Collect$$rtentry$$0000000C)
    .ARM.Collect$$rtentry$$0000000D          0x08000222   Section        8  __rtentry2.o(.ARM.Collect$$rtentry$$0000000D)
    .ARM.Collect$$rtexit$$00000000           0x0800022a   Section        2  rtexit.o(.ARM.Collect$$rtexit$$00000000)
    .ARM.Collect$$rtexit$$00000002           0x0800022c   Section        0  rtexit2.o(.ARM.Collect$$rtexit$$00000002)
    .ARM.Collect$$rtexit$$00000003           0x0800022c   Section        4  rtexit2.o(.ARM.Collect$$rtexit$$00000003)
    .ARM.Collect$$rtexit$$00000004           0x08000230   Section        6  rtexit2.o(.ARM.Collect$$rtexit$$00000004)
    .text                                    0x08000238   Section        0  main.o(.text)
    .text                                    0x0800040c   Section        0  stm32f4xx_it.o(.text)
    .text                                    0x08000424   Section        0  system_stm32f4xx.o(.text)
    SetSysClock                              0x08000425   Thumb Code   216  system_stm32f4xx.o(.text)
    .text                                    0x08000618   Section        0  bsp_delay.o(.text)
    .text                                    0x08000664   Section        0  bsp_filesystem.o(.text)
    .text                                    0x080006b4   Section        0  bsp_gpio.o(.text)
    .text                                    0x080008e0   Section        0  bsp_sdio.o(.text)
    .text                                    0x080026d4   Section       64  startup_stm32f411xe.o(.text)
    $v0                                      0x080026d4   Number         0  startup_stm32f411xe.o(.text)
    .text                                    0x08002714   Section        0  command.o(.text)
    .text                                    0x08002834   Section        0  flash_if.o(.text)
    FLASH_If_GetSectorNumber                 0x08002853   Thumb Code   118  flash_if.o(.text)
    .text                                    0x08002948   Section        0  bsp_adc.o(.text)
    .text                                    0x08002bb4   Section        0  misc.o(.text)
    .text                                    0x08002c94   Section        0  stm32f4xx_dma.o(.text)
    .text                                    0x0800303c   Section        0  stm32f4xx_exti.o(.text)
    .text                                    0x0800314c   Section        0  stm32f4xx_gpio.o(.text)
    .text                                    0x080033e0   Section        0  stm32f4xx_rcc.o(.text)
    .text                                    0x080039dc   Section        0  stm32f4xx_sdio.o(.text)
    .text                                    0x08003bb8   Section        0  stm32f4xx_syscfg.o(.text)
    .text                                    0x08003c4c   Section        0  diskio.o(.text)
    .text                                    0x08003d6c   Section        0  ff.o(.text)
    mem_cpy                                  0x08003d6d   Thumb Code    46  ff.o(.text)
    mem_set                                  0x08003d9b   Thumb Code    20  ff.o(.text)
    mem_cmp                                  0x08003daf   Thumb Code    38  ff.o(.text)
    chk_chr                                  0x08003dd5   Thumb Code    20  ff.o(.text)
    sync_window                              0x08003de9   Thumb Code    76  ff.o(.text)
    move_window                              0x08003e35   Thumb Code    50  ff.o(.text)
    sync_fs                                  0x08003e67   Thumb Code   110  ff.o(.text)
    remove_chain                             0x080040c9   Thumb Code   108  ff.o(.text)
    create_chain                             0x08004135   Thumb Code   214  ff.o(.text)
    clmt_clust                               0x0800420b   Thumb Code    50  ff.o(.text)
    dir_sdi                                  0x0800423d   Thumb Code   168  ff.o(.text)
    dir_next                                 0x080042e5   Thumb Code   272  ff.o(.text)
    dir_alloc                                0x080043f5   Thumb Code    92  ff.o(.text)
    ld_clust                                 0x08004451   Thumb Code    18  ff.o(.text)
    st_clust                                 0x08004463   Thumb Code     8  ff.o(.text)
    cmp_lfn                                  0x0800446b   Thumb Code   124  ff.o(.text)
    pick_lfn                                 0x080044e7   Thumb Code   100  ff.o(.text)
    fit_lfn                                  0x0800454b   Thumb Code    92  ff.o(.text)
    gen_numname                              0x080045a7   Thumb Code   172  ff.o(.text)
    sum_sfn                                  0x08004653   Thumb Code    32  ff.o(.text)
    dir_find                                 0x08004673   Thumb Code   222  ff.o(.text)
    dir_read                                 0x08004751   Thumb Code   196  ff.o(.text)
    dir_register                             0x08004815   Thumb Code   308  ff.o(.text)
    dir_remove                               0x08004949   Thumb Code   106  ff.o(.text)
    get_fileinfo                             0x080049b3   Thumb Code   224  ff.o(.text)
    create_name                              0x08004a93   Thumb Code   534  ff.o(.text)
    follow_path                              0x08004ca9   Thumb Code   144  ff.o(.text)
    get_ldnumber                             0x08004d39   Thumb Code    74  ff.o(.text)
    check_fs                                 0x08004d83   Thumb Code    84  ff.o(.text)
    find_volume                              0x08004dd7   Thumb Code   664  ff.o(.text)
    validate                                 0x0800506f   Thumb Code    54  ff.o(.text)
    putc_bfd                                 0x080064c7   Thumb Code    68  ff.o(.text)
    .text                                    0x08006814   Section        0  unicode.o(.text)
    .text                                    0x08006894   Section        0  stm32f4xx_flash.o(.text)
    .text                                    0x08006f28   Section        0  stm32f4xx_adc.o(.text)
    .text                                    0x0800738c   Section       72  llsdiv.o(.text)
    .text                                    0x080073d4   Section      138  rt_memcpy_v6.o(.text)
    .text                                    0x0800745e   Section        0  heapauxi.o(.text)
    .text                                    0x08007464   Section      238  lludivv7m.o(.text)
    .text                                    0x08007552   Section      100  rt_memcpy_w.o(.text)
    .text                                    0x080075b6   Section       74  sys_stackheap_outer.o(.text)
    .text                                    0x08007600   Section        0  exit.o(.text)
    .text                                    0x0800760c   Section        8  libspace.o(.text)
    .text                                    0x08007614   Section        0  sys_exit.o(.text)
    .text                                    0x08007620   Section        2  use_no_semi.o(.text)
    .text                                    0x08007622   Section        0  indicate_semi.o(.text)
    x$fpl$dadd                               0x08007624   Section      336  daddsub_clz.o(x$fpl$dadd)
    $v0                                      0x08007624   Number         0  daddsub_clz.o(x$fpl$dadd)
    _dadd1                                   0x08007635   Thumb Code     0  daddsub_clz.o(x$fpl$dadd)
    x$fpl$dcmpinf                            0x08007774   Section       24  dcmpi.o(x$fpl$dcmpinf)
    $v0                                      0x08007774   Number         0  dcmpi.o(x$fpl$dcmpinf)
    x$fpl$dfixu                              0x0800778c   Section       90  dfixu.o(x$fpl$dfixu)
    $v0                                      0x0800778c   Number         0  dfixu.o(x$fpl$dfixu)
    x$fpl$dfltu                              0x080077e6   Section       38  dflt_clz.o(x$fpl$dfltu)
    $v0                                      0x080077e6   Number         0  dflt_clz.o(x$fpl$dfltu)
    x$fpl$dleqf                              0x0800780c   Section      120  dleqf.o(x$fpl$dleqf)
    $v0                                      0x0800780c   Number         0  dleqf.o(x$fpl$dleqf)
    x$fpl$dmul                               0x08007884   Section      340  dmul.o(x$fpl$dmul)
    $v0                                      0x08007884   Number         0  dmul.o(x$fpl$dmul)
    x$fpl$dnaninf                            0x080079d8   Section      156  dnaninf.o(x$fpl$dnaninf)
    $v0                                      0x080079d8   Number         0  dnaninf.o(x$fpl$dnaninf)
    x$fpl$dretinf                            0x08007a74   Section       12  dretinf.o(x$fpl$dretinf)
    $v0                                      0x08007a74   Number         0  dretinf.o(x$fpl$dretinf)
    x$fpl$drleqf                             0x08007a80   Section      108  drleqf.o(x$fpl$drleqf)
    $v0                                      0x08007a80   Number         0  drleqf.o(x$fpl$drleqf)
    x$fpl$dsub                               0x08007aec   Section      468  daddsub_clz.o(x$fpl$dsub)
    $v0                                      0x08007aec   Number         0  daddsub_clz.o(x$fpl$dsub)
    _dsub1                                   0x08007afd   Thumb Code     0  daddsub_clz.o(x$fpl$dsub)
    x$fpl$f2d                                0x08007cc0   Section       86  f2d.o(x$fpl$f2d)
    $v0                                      0x08007cc0   Number         0  f2d.o(x$fpl$f2d)
    x$fpl$fnaninf                            0x08007d16   Section      140  fnaninf.o(x$fpl$fnaninf)
    $v0                                      0x08007d16   Number         0  fnaninf.o(x$fpl$fnaninf)
    x$fpl$fpinit                             0x08007da2   Section       10  fpinit.o(x$fpl$fpinit)
    $v0                                      0x08007da2   Number         0  fpinit.o(x$fpl$fpinit)
    .constdata                               0x08007dac   Section      186  ff.o(.constdata)
    x$fpl$usenofp                            0x08007dac   Section        0  usenofp.o(x$fpl$usenofp)
    ExCvt                                    0x08007dac   Data         128  ff.o(.constdata)
    LfnOfs                                   0x08007e2c   Data          13  ff.o(.constdata)
    vst                                      0x08007e3a   Data          22  ff.o(.constdata)
    cst                                      0x08007e50   Data          22  ff.o(.constdata)
    .constdata                               0x08007e66   Section     1216  unicode.o(.constdata)
    Tbl                                      0x08007e66   Data         256  unicode.o(.constdata)
    tbl_lower                                0x08007f66   Data         480  unicode.o(.constdata)
    tbl_upper                                0x08008146   Data         480  unicode.o(.constdata)
    .data                                    0x20000000   Section       24  main.o(.data)
    .data                                    0x20000018   Section       20  system_stm32f4xx.o(.data)
    .data                                    0x2000002c   Section        3  bsp_gpio.o(.data)
    .data                                    0x20000030   Section       16  bsp_sdio.o(.data)
    CardType                                 0x20000030   Data           1  bsp_sdio.o(.data)
    RCA                                      0x20000034   Data           4  bsp_sdio.o(.data)
    DeviceMode                               0x20000038   Data           1  bsp_sdio.o(.data)
    StopCondition                            0x20000039   Data           1  bsp_sdio.o(.data)
    .data                                    0x20000040   Section       16  command.o(.data)
    TmpProgramCounter                        0x20000040   Data           4  command.o(.data)
    TmpReadSize                              0x20000044   Data           4  command.o(.data)
    RamAddress                               0x20000048   Data           4  command.o(.data)
    LastPGAddress                            0x2000004c   Data           4  command.o(.data)
    .data                                    0x20000050   Section       24  bsp_adc.o(.data)
    .data                                    0x20000068   Section       16  stm32f4xx_rcc.o(.data)
    APBAHBPrescTable                         0x20000068   Data          16  stm32f4xx_rcc.o(.data)
    .data                                    0x20000078   Section       10  ff.o(.data)
    FatFs                                    0x20000078   Data           8  ff.o(.data)
    Fsid                                     0x20000080   Data           2  ff.o(.data)
    .bss                                     0x20000084   Section     3328  bsp_filesystem.o(.bss)
    .bss                                     0x20000d88   Section      704  bsp_sdio.o(.bss)
    CSD_Tab                                  0x20000dcc   Data          16  bsp_sdio.o(.bss)
    CID_Tab                                  0x20000ddc   Data          16  bsp_sdio.o(.bss)
    .bss                                     0x20001048   Section    33388  command.o(.bss)
    RAM_Buf                                  0x20001048   Data       32768  command.o(.bss)
    .bss                                     0x200092b4   Section      200  bsp_adc.o(.bss)
    .bss                                     0x2000937c   Section       96  libspace.o(.bss)
    HEAP                                     0x200093e0   Section      512  startup_stm32f411xe.o(HEAP)
    Heap_Mem                                 0x200093e0   Data         512  startup_stm32f411xe.o(HEAP)
    STACK                                    0x200095e0   Section     1024  startup_stm32f411xe.o(STACK)
    Stack_Mem                                0x200095e0   Data        1024  startup_stm32f411xe.o(STACK)
    __initial_sp                             0x200099e0   Data           0  startup_stm32f411xe.o(STACK)

    Global Symbols

    Symbol Name                              Value     Ov Type        Size  Object(Section)

    BuildAttributes$$THM_ISAv4$E$P$D$K$B$S$7EM$VFPi3$EXTD16$VFPS$VFMA$PE$A:L22UL41UL21$X:L11$S22US41US21$IEEE1$IW$USESV6$~STKCKD$USESV7$~SHL$OSPACE$ROPI$EBA8$UX$STANDARDLIB$REQ8$PRES8$EABIv2 0x00000000   Number         0  anon$$obj.o ABSOLUTE
    __ARM_use_no_argv                        0x00000000   Number         0  main.o ABSOLUTE
    __ARM_exceptions_init                     - Undefined Weak Reference
    __alloca_initialize                       - Undefined Weak Reference
    __arm_preinit_                            - Undefined Weak Reference
    __cpp_initialize__aeabi_                  - Undefined Weak Reference
    __cxa_finalize                            - Undefined Weak Reference
    __rt_locale                               - Undefined Weak Reference
    __sigvec_lookup                           - Undefined Weak Reference
    _atexit_init                              - Undefined Weak Reference
    _call_atexit_fns                          - Undefined Weak Reference
    _clock_init                               - Undefined Weak Reference
    _fp_trap_init                             - Undefined Weak Reference
    _fp_trap_shutdown                         - Undefined Weak Reference
    _get_lc_collate                           - Undefined Weak Reference
    _get_lc_ctype                             - Undefined Weak Reference
    _get_lc_monetary                          - Undefined Weak Reference
    _get_lc_numeric                           - Undefined Weak Reference
    _get_lc_time                              - Undefined Weak Reference
    _getenv_init                              - Undefined Weak Reference
    _handle_redirection                       - Undefined Weak Reference
    _init_alloc                               - Undefined Weak Reference
    _init_user_alloc                          - Undefined Weak Reference
    _initio                                   - Undefined Weak Reference
    _rand_init                                - Undefined Weak Reference
    _signal_finish                            - Undefined Weak Reference
    _signal_init                              - Undefined Weak Reference
    _terminate_alloc                          - Undefined Weak Reference
    _terminate_user_alloc                     - Undefined Weak Reference
    _terminateio                              - Undefined Weak Reference
    __Vectors_Size                           0x00000198   Number         0  startup_stm32f411xe.o ABSOLUTE
    __Vectors                                0x08000000   Data           4  startup_stm32f411xe.o(RESET)
    __Vectors_End                            0x08000198   Data           0  startup_stm32f411xe.o(RESET)
    __main                                   0x08000199   Thumb Code     8  __main.o(!!!main)
    __scatterload                            0x080001a1   Thumb Code     0  __scatter.o(!!!scatter)
    __scatterload_rt2                        0x080001a1   Thumb Code    44  __scatter.o(!!!scatter)
    __scatterload_rt2_thumb_only             0x080001a1   Thumb Code     0  __scatter.o(!!!scatter)
    __scatterload_null                       0x080001af   Thumb Code     0  __scatter.o(!!!scatter)
    __scatterload_copy                       0x080001d5   Thumb Code    26  __scatter_copy.o(!!handler_copy)
    __scatterload_zeroinit                   0x080001f1   Thumb Code    28  __scatter_zi.o(!!handler_zi)
    __rt_lib_init                            0x0800020d   Thumb Code     0  libinit.o(.ARM.Collect$$libinit$$00000000)
    __rt_lib_init_fp_1                       0x0800020f   Thumb Code     0  libinit2.o(.ARM.Collect$$libinit$$00000001)
    __rt_lib_init_alloca_1                   0x08000213   Thumb Code     0  libinit2.o(.ARM.Collect$$libinit$$0000002E)
    __rt_lib_init_argv_1                     0x08000213   Thumb Code     0  libinit2.o(.ARM.Collect$$libinit$$0000002C)
    __rt_lib_init_atexit_1                   0x08000213   Thumb Code     0  libinit2.o(.ARM.Collect$$libinit$$0000001B)
    __rt_lib_init_clock_1                    0x08000213   Thumb Code     0  libinit2.o(.ARM.Collect$$libinit$$00000021)
    __rt_lib_init_cpp_1                      0x08000213   Thumb Code     0  libinit2.o(.ARM.Collect$$libinit$$00000032)
    __rt_lib_init_exceptions_1               0x08000213   Thumb Code     0  libinit2.o(.ARM.Collect$$libinit$$00000030)
    __rt_lib_init_fp_trap_1                  0x08000213   Thumb Code     0  libinit2.o(.ARM.Collect$$libinit$$0000001F)
    __rt_lib_init_getenv_1                   0x08000213   Thumb Code     0  libinit2.o(.ARM.Collect$$libinit$$00000023)
    __rt_lib_init_heap_1                     0x08000213   Thumb Code     0  libinit2.o(.ARM.Collect$$libinit$$0000000A)
    __rt_lib_init_lc_collate_1               0x08000213   Thumb Code     0  libinit2.o(.ARM.Collect$$libinit$$00000011)
    __rt_lib_init_lc_ctype_1                 0x08000213   Thumb Code     0  libinit2.o(.ARM.Collect$$libinit$$00000013)
    __rt_lib_init_lc_monetary_1              0x08000213   Thumb Code     0  libinit2.o(.ARM.Collect$$libinit$$00000015)
    __rt_lib_init_lc_numeric_1               0x08000213   Thumb Code     0  libinit2.o(.ARM.Collect$$libinit$$00000017)
    __rt_lib_init_lc_time_1                  0x08000213   Thumb Code     0  libinit2.o(.ARM.Collect$$libinit$$00000019)
    __rt_lib_init_preinit_1                  0x08000213   Thumb Code     0  libinit2.o(.ARM.Collect$$libinit$$00000004)
    __rt_lib_init_rand_1                     0x08000213   Thumb Code     0  libinit2.o(.ARM.Collect$$libinit$$0000000E)
    __rt_lib_init_return                     0x08000213   Thumb Code     0  libinit2.o(.ARM.Collect$$libinit$$00000033)
    __rt_lib_init_signal_1                   0x08000213   Thumb Code     0  libinit2.o(.ARM.Collect$$libinit$$0000001D)
    __rt_lib_init_stdio_1                    0x08000213   Thumb Code     0  libinit2.o(.ARM.Collect$$libinit$$00000025)
    __rt_lib_init_user_alloc_1               0x08000213   Thumb Code     0  libinit2.o(.ARM.Collect$$libinit$$0000000C)
    __rt_lib_shutdown                        0x08000215   Thumb Code     0  libshutdown.o(.ARM.Collect$$libshutdown$$00000000)
    __rt_lib_shutdown_fp_trap_1              0x08000217   Thumb Code     0  libshutdown2.o(.ARM.Collect$$libshutdown$$00000006)
    __rt_lib_shutdown_heap_1                 0x08000217   Thumb Code     0  libshutdown2.o(.ARM.Collect$$libshutdown$$0000000E)
    __rt_lib_shutdown_return                 0x08000217   Thumb Code     0  libshutdown2.o(.ARM.Collect$$libshutdown$$0000000F)
    __rt_lib_shutdown_signal_1               0x08000217   Thumb Code     0  libshutdown2.o(.ARM.Collect$$libshutdown$$00000009)
    __rt_lib_shutdown_stdio_1                0x08000217   Thumb Code     0  libshutdown2.o(.ARM.Collect$$libshutdown$$00000003)
    __rt_lib_shutdown_user_alloc_1           0x08000217   Thumb Code     0  libshutdown2.o(.ARM.Collect$$libshutdown$$0000000B)
    __rt_entry                               0x08000219   Thumb Code     0  __rtentry.o(.ARM.Collect$$rtentry$$00000000)
    __rt_entry_presh_1                       0x08000219   Thumb Code     0  __rtentry2.o(.ARM.Collect$$rtentry$$00000002)
    __rt_entry_sh                            0x08000219   Thumb Code     0  __rtentry4.o(.ARM.Collect$$rtentry$$00000004)
    __rt_entry_li                            0x0800021f   Thumb Code     0  __rtentry2.o(.ARM.Collect$$rtentry$$0000000A)
    __rt_entry_postsh_1                      0x0800021f   Thumb Code     0  __rtentry2.o(.ARM.Collect$$rtentry$$00000009)
    __rt_entry_main                          0x08000223   Thumb Code     0  __rtentry2.o(.ARM.Collect$$rtentry$$0000000D)
    __rt_entry_postli_1                      0x08000223   Thumb Code     0  __rtentry2.o(.ARM.Collect$$rtentry$$0000000C)
    __rt_exit                                0x0800022b   Thumb Code     0  rtexit.o(.ARM.Collect$$rtexit$$00000000)
    __rt_exit_ls                             0x0800022d   Thumb Code     0  rtexit2.o(.ARM.Collect$$rtexit$$00000003)
    __rt_exit_prels_1                        0x0800022d   Thumb Code     0  rtexit2.o(.ARM.Collect$$rtexit$$00000002)
    __rt_exit_exit                           0x08000231   Thumb Code     0  rtexit2.o(.ARM.Collect$$rtexit$$00000004)
    main                                     0x08000239   Thumb Code   390  main.o(.text)
    NMI_Handler                              0x0800040d   Thumb Code     2  stm32f4xx_it.o(.text)
    HardFault_Handler                        0x0800040f   Thumb Code     4  stm32f4xx_it.o(.text)
    MemManage_Handler                        0x08000413   Thumb Code     4  stm32f4xx_it.o(.text)
    BusFault_Handler                         0x08000417   Thumb Code     4  stm32f4xx_it.o(.text)
    UsageFault_Handler                       0x0800041b   Thumb Code     4  stm32f4xx_it.o(.text)
    DebugMon_Handler                         0x0800041f   Thumb Code     2  stm32f4xx_it.o(.text)
    OTG_FS_IRQHandler                        0x08000421   Thumb Code     2  stm32f4xx_it.o(.text)
    SystemInit                               0x080004fd   Thumb Code    88  system_stm32f4xx.o(.text)
    SystemCoreClockUpdate                    0x08000555   Thumb Code   152  system_stm32f4xx.o(.text)
    ForDelay_1us                             0x08000619   Thumb Code    12  bsp_delay.o(.text)
    ForDelay_1ms                             0x08000625   Thumb Code    22  bsp_delay.o(.text)
    ForDelay_nus                             0x0800063b   Thumb Code    20  bsp_delay.o(.text)
    ForDelay_nms                             0x0800064f   Thumb Code    20  bsp_delay.o(.text)
    bsp_FSInit                               0x08000665   Thumb Code    54  bsp_filesystem.o(.text)
    bsp_GpioInit                             0x080006b5   Thumb Code   260  bsp_gpio.o(.text)
    EXTI9_5_IRQHandler                       0x080007b9   Thumb Code   108  bsp_gpio.o(.text)
    bsp_LED0On                               0x08000825   Thumb Code    14  bsp_gpio.o(.text)
    bsp_LED0Off                              0x08000833   Thumb Code    14  bsp_gpio.o(.text)
    bsp_LED1On                               0x08000841   Thumb Code    12  bsp_gpio.o(.text)
    bsp_LED1Off                              0x0800084d   Thumb Code    12  bsp_gpio.o(.text)
    bsp_LED2On                               0x08000859   Thumb Code    12  bsp_gpio.o(.text)
    bsp_LED2Off                              0x08000865   Thumb Code    12  bsp_gpio.o(.text)
    bsp_SDPWROn                              0x08000871   Thumb Code    20  bsp_gpio.o(.text)
    bsp_SDPWROff                             0x08000885   Thumb Code    74  bsp_gpio.o(.text)
    INTX_DISABLE                             0x080008e1   Thumb Code    10  bsp_sdio.o(.text)
    INTX_ENABLE                              0x080008eb   Thumb Code    10  bsp_sdio.o(.text)
    SDIO_Register_Deinit                     0x080008f5   Thumb Code    48  bsp_sdio.o(.text)
    SD_SetDeviceMode                         0x08000925   Thumb Code    20  bsp_sdio.o(.text)
    SDIO_Clock_Set                           0x08000939   Thumb Code    18  bsp_sdio.o(.text)
    CmdResp1Error                            0x0800094b   Thumb Code   132  bsp_sdio.o(.text)
    FindSCR                                  0x080009cf   Thumb Code   396  bsp_sdio.o(.text)
    SDEnWideBus                              0x08000b5b   Thumb Code   160  bsp_sdio.o(.text)
    SD_EnableWideBusOperation                0x08000bfb   Thumb Code    98  bsp_sdio.o(.text)
    SD_SelectDeselect                        0x08000c5d   Thumb Code    42  bsp_sdio.o(.text)
    SD_GetCardInfo                           0x08000c87   Thumb Code   806  bsp_sdio.o(.text)
    CmdResp2Error                            0x08000fad   Thumb Code    80  bsp_sdio.o(.text)
    CmdResp6Error                            0x08000ffd   Thumb Code   182  bsp_sdio.o(.text)
    SD_InitializeCards                       0x080010b3   Thumb Code   354  bsp_sdio.o(.text)
    CmdResp3Error                            0x08001215   Thumb Code    84  bsp_sdio.o(.text)
    CmdResp7Error                            0x08001269   Thumb Code    72  bsp_sdio.o(.text)
    CmdError                                 0x080012b1   Thumb Code    48  bsp_sdio.o(.text)
    SD_PowerON                               0x080012e1   Thumb Code   460  bsp_sdio.o(.text)
    SD_Init                                  0x080014ad   Thumb Code   334  bsp_sdio.o(.text)
    SD_PowerOFF                              0x080015fb   Thumb Code    12  bsp_sdio.o(.text)
    SD_DMA_Config                            0x08001607   Thumb Code   118  bsp_sdio.o(.text)
    convert_from_bytes_to_power_of_two       0x0800167d   Thumb Code    18  bsp_sdio.o(.text)
    SD_ReadBlock                             0x0800168f   Thumb Code   578  bsp_sdio.o(.text)
    SD_ReadMultiBlocks                       0x080018d1   Thumb Code   762  bsp_sdio.o(.text)
    IsCardProgramming                        0x08001bcb   Thumb Code   150  bsp_sdio.o(.text)
    SD_WriteBlock                            0x08001c61   Thumb Code   914  bsp_sdio.o(.text)
    SD_WriteMultiBlocks                      0x08001ff3   Thumb Code   976  bsp_sdio.o(.text)
    SD_ProcessIRQSrc                         0x080023c3   Thumb Code   322  bsp_sdio.o(.text)
    SDIO_IRQHandler                          0x08002505   Thumb Code     8  bsp_sdio.o(.text)
    SD_SendStatus                            0x0800250d   Thumb Code    74  bsp_sdio.o(.text)
    SD_GetState                              0x08002557   Thumb Code    26  bsp_sdio.o(.text)
    SD_ReadDisk                              0x08002571   Thumb Code   194  bsp_sdio.o(.text)
    SD_WriteDisk                             0x08002633   Thumb Code   152  bsp_sdio.o(.text)
    Reset_Handler                            0x080026d5   Thumb Code     8  startup_stm32f411xe.o(.text)
    SVC_Handler                              0x080026e7   Thumb Code     2  startup_stm32f411xe.o(.text)
    PendSV_Handler                           0x080026eb   Thumb Code     2  startup_stm32f411xe.o(.text)
    SysTick_Handler                          0x080026ed   Thumb Code     2  startup_stm32f411xe.o(.text)
    ADC_IRQHandler                           0x080026ef   Thumb Code     0  startup_stm32f411xe.o(.text)
    DMA1_Stream0_IRQHandler                  0x080026ef   Thumb Code     0  startup_stm32f411xe.o(.text)
    DMA1_Stream1_IRQHandler                  0x080026ef   Thumb Code     0  startup_stm32f411xe.o(.text)
    DMA1_Stream2_IRQHandler                  0x080026ef   Thumb Code     0  startup_stm32f411xe.o(.text)
    DMA1_Stream3_IRQHandler                  0x080026ef   Thumb Code     0  startup_stm32f411xe.o(.text)
    DMA1_Stream4_IRQHandler                  0x080026ef   Thumb Code     0  startup_stm32f411xe.o(.text)
    DMA1_Stream5_IRQHandler                  0x080026ef   Thumb Code     0  startup_stm32f411xe.o(.text)
    DMA1_Stream6_IRQHandler                  0x080026ef   Thumb Code     0  startup_stm32f411xe.o(.text)
    DMA1_Stream7_IRQHandler                  0x080026ef   Thumb Code     0  startup_stm32f411xe.o(.text)
    DMA2_Stream0_IRQHandler                  0x080026ef   Thumb Code     0  startup_stm32f411xe.o(.text)
    DMA2_Stream1_IRQHandler                  0x080026ef   Thumb Code     0  startup_stm32f411xe.o(.text)
    DMA2_Stream2_IRQHandler                  0x080026ef   Thumb Code     0  startup_stm32f411xe.o(.text)
    DMA2_Stream3_IRQHandler                  0x080026ef   Thumb Code     0  startup_stm32f411xe.o(.text)
    DMA2_Stream4_IRQHandler                  0x080026ef   Thumb Code     0  startup_stm32f411xe.o(.text)
    DMA2_Stream5_IRQHandler                  0x080026ef   Thumb Code     0  startup_stm32f411xe.o(.text)
    DMA2_Stream6_IRQHandler                  0x080026ef   Thumb Code     0  startup_stm32f411xe.o(.text)
    DMA2_Stream7_IRQHandler                  0x080026ef   Thumb Code     0  startup_stm32f411xe.o(.text)
    EXTI0_IRQHandler                         0x080026ef   Thumb Code     0  startup_stm32f411xe.o(.text)
    EXTI15_10_IRQHandler                     0x080026ef   Thumb Code     0  startup_stm32f411xe.o(.text)
    EXTI1_IRQHandler                         0x080026ef   Thumb Code     0  startup_stm32f411xe.o(.text)
    EXTI2_IRQHandler                         0x080026ef   Thumb Code     0  startup_stm32f411xe.o(.text)
    EXTI3_IRQHandler                         0x080026ef   Thumb Code     0  startup_stm32f411xe.o(.text)
    EXTI4_IRQHandler                         0x080026ef   Thumb Code     0  startup_stm32f411xe.o(.text)
    FLASH_IRQHandler                         0x080026ef   Thumb Code     0  startup_stm32f411xe.o(.text)
    FPU_IRQHandler                           0x080026ef   Thumb Code     0  startup_stm32f411xe.o(.text)
    I2C1_ER_IRQHandler                       0x080026ef   Thumb Code     0  startup_stm32f411xe.o(.text)
    I2C1_EV_IRQHandler                       0x080026ef   Thumb Code     0  startup_stm32f411xe.o(.text)
    I2C2_ER_IRQHandler                       0x080026ef   Thumb Code     0  startup_stm32f411xe.o(.text)
    I2C2_EV_IRQHandler                       0x080026ef   Thumb Code     0  startup_stm32f411xe.o(.text)
    I2C3_ER_IRQHandler                       0x080026ef   Thumb Code     0  startup_stm32f411xe.o(.text)
    I2C3_EV_IRQHandler                       0x080026ef   Thumb Code     0  startup_stm32f411xe.o(.text)
    OTG_FS_WKUP_IRQHandler                   0x080026ef   Thumb Code     0  startup_stm32f411xe.o(.text)
    PVD_IRQHandler                           0x080026ef   Thumb Code     0  startup_stm32f411xe.o(.text)
    RCC_IRQHandler                           0x080026ef   Thumb Code     0  startup_stm32f411xe.o(.text)
    RTC_Alarm_IRQHandler                     0x080026ef   Thumb Code     0  startup_stm32f411xe.o(.text)
    RTC_WKUP_IRQHandler                      0x080026ef   Thumb Code     0  startup_stm32f411xe.o(.text)
    SPI1_IRQHandler                          0x080026ef   Thumb Code     0  startup_stm32f411xe.o(.text)
    SPI2_IRQHandler                          0x080026ef   Thumb Code     0  startup_stm32f411xe.o(.text)
    SPI3_IRQHandler                          0x080026ef   Thumb Code     0  startup_stm32f411xe.o(.text)
    SPI4_IRQHandler                          0x080026ef   Thumb Code     0  startup_stm32f411xe.o(.text)
    SPI5_IRQHandler                          0x080026ef   Thumb Code     0  startup_stm32f411xe.o(.text)
    TAMP_STAMP_IRQHandler                    0x080026ef   Thumb Code     0  startup_stm32f411xe.o(.text)
    TIM1_BRK_TIM9_IRQHandler                 0x080026ef   Thumb Code     0  startup_stm32f411xe.o(.text)
    TIM1_CC_IRQHandler                       0x080026ef   Thumb Code     0  startup_stm32f411xe.o(.text)
    TIM1_TRG_COM_TIM11_IRQHandler            0x080026ef   Thumb Code     0  startup_stm32f411xe.o(.text)
    TIM1_UP_TIM10_IRQHandler                 0x080026ef   Thumb Code     0  startup_stm32f411xe.o(.text)
    TIM2_IRQHandler                          0x080026ef   Thumb Code     0  startup_stm32f411xe.o(.text)
    TIM3_IRQHandler                          0x080026ef   Thumb Code     0  startup_stm32f411xe.o(.text)
    TIM4_IRQHandler                          0x080026ef   Thumb Code     0  startup_stm32f411xe.o(.text)
    TIM5_IRQHandler                          0x080026ef   Thumb Code     0  startup_stm32f411xe.o(.text)
    USART1_IRQHandler                        0x080026ef   Thumb Code     0  startup_stm32f411xe.o(.text)
    USART2_IRQHandler                        0x080026ef   Thumb Code     0  startup_stm32f411xe.o(.text)
    USART6_IRQHandler                        0x080026ef   Thumb Code     0  startup_stm32f411xe.o(.text)
    WWDG_IRQHandler                          0x080026ef   Thumb Code     0  startup_stm32f411xe.o(.text)
    __user_initial_stackheap                 0x080026f1   Thumb Code     0  startup_stm32f411xe.o(.text)
    COMMAND_ProgramFlashMemory               0x08002715   Thumb Code   136  command.o(.text)
    COMMAND_DOWNLOAD                         0x0800279d   Thumb Code    68  command.o(.text)
    COMMAND_JUMP                             0x080027e1   Thumb Code    34  command.o(.text)
    FLASH_If_FlashUnlock                     0x08002835   Thumb Code     8  flash_if.o(.text)
    FLASH_If_ReadOutProtectionStatus         0x0800283d   Thumb Code    22  flash_if.o(.text)
    FLASH_If_EraseSectors                    0x080028c9   Thumb Code    76  flash_if.o(.text)
    FLASH_If_ProgramWord                     0x08002915   Thumb Code    22  flash_if.o(.text)
    Get_Adc                                  0x08002949   Thumb Code   162  bsp_adc.o(.text)
    Get_Battery                              0x080029eb   Thumb Code   250  bsp_adc.o(.text)
    bsp_AdcInit                              0x08002ae5   Thumb Code   122  bsp_adc.o(.text)
    NVIC_PriorityGroupConfig                 0x08002bb5   Thumb Code    10  misc.o(.text)
    NVIC_Init                                0x08002bbf   Thumb Code   106  misc.o(.text)
    NVIC_SetVectorTable                      0x08002c29   Thumb Code    14  misc.o(.text)
    NVIC_SystemLPConfig                      0x08002c37   Thumb Code    34  misc.o(.text)
    SysTick_CLKSourceConfig                  0x08002c59   Thumb Code    40  misc.o(.text)
    DMA_DeInit                               0x08002c95   Thumb Code   324  stm32f4xx_dma.o(.text)
    DMA_Init                                 0x08002dd9   Thumb Code    82  stm32f4xx_dma.o(.text)
    DMA_StructInit                           0x08002e2b   Thumb Code    34  stm32f4xx_dma.o(.text)
    DMA_Cmd                                  0x08002e4d   Thumb Code    22  stm32f4xx_dma.o(.text)
    DMA_PeriphIncOffsetSizeConfig            0x08002e63   Thumb Code    22  stm32f4xx_dma.o(.text)
    DMA_FlowControllerConfig                 0x08002e79   Thumb Code    22  stm32f4xx_dma.o(.text)
    DMA_SetCurrDataCounter                   0x08002e8f   Thumb Code     4  stm32f4xx_dma.o(.text)
    DMA_GetCurrDataCounter                   0x08002e93   Thumb Code     8  stm32f4xx_dma.o(.text)
    DMA_DoubleBufferModeConfig               0x08002e9b   Thumb Code    24  stm32f4xx_dma.o(.text)
    DMA_DoubleBufferModeCmd                  0x08002eb3   Thumb Code    22  stm32f4xx_dma.o(.text)
    DMA_MemoryTargetConfig                   0x08002ec9   Thumb Code    10  stm32f4xx_dma.o(.text)
    DMA_GetCurrentMemoryTarget               0x08002ed3   Thumb Code    20  stm32f4xx_dma.o(.text)
    DMA_GetCmdStatus                         0x08002ee7   Thumb Code    20  stm32f4xx_dma.o(.text)
    DMA_GetFIFOStatus                        0x08002efb   Thumb Code    12  stm32f4xx_dma.o(.text)
    DMA_GetFlagStatus                        0x08002f07   Thumb Code    56  stm32f4xx_dma.o(.text)
    DMA_ClearFlag                            0x08002f3f   Thumb Code    40  stm32f4xx_dma.o(.text)
    DMA_ITConfig                             0x08002f67   Thumb Code    58  stm32f4xx_dma.o(.text)
    DMA_GetITStatus                          0x08002fa1   Thumb Code    84  stm32f4xx_dma.o(.text)
    DMA_ClearITPendingBit                    0x08002ff5   Thumb Code    40  stm32f4xx_dma.o(.text)
    EXTI_DeInit                              0x0800303d   Thumb Code    28  stm32f4xx_exti.o(.text)
    EXTI_Init                                0x08003059   Thumb Code   142  stm32f4xx_exti.o(.text)
    EXTI_StructInit                          0x080030e7   Thumb Code    16  stm32f4xx_exti.o(.text)
    EXTI_GenerateSWInterrupt                 0x080030f7   Thumb Code    16  stm32f4xx_exti.o(.text)
    EXTI_GetFlagStatus                       0x08003107   Thumb Code    22  stm32f4xx_exti.o(.text)
    EXTI_ClearFlag                           0x0800311d   Thumb Code     8  stm32f4xx_exti.o(.text)
    EXTI_GetITStatus                         0x08003125   Thumb Code    22  stm32f4xx_exti.o(.text)
    EXTI_ClearITPendingBit                   0x0800313b   Thumb Code     8  stm32f4xx_exti.o(.text)
    GPIO_DeInit                              0x0800314d   Thumb Code   268  stm32f4xx_gpio.o(.text)
    GPIO_Init                                0x08003259   Thumb Code   144  stm32f4xx_gpio.o(.text)
    GPIO_StructInit                          0x080032e9   Thumb Code    18  stm32f4xx_gpio.o(.text)
    GPIO_PinLockConfig                       0x080032fb   Thumb Code    34  stm32f4xx_gpio.o(.text)
    GPIO_ReadInputDataBit                    0x0800331d   Thumb Code    18  stm32f4xx_gpio.o(.text)
    GPIO_ReadInputData                       0x0800332f   Thumb Code     8  stm32f4xx_gpio.o(.text)
    GPIO_ReadOutputDataBit                   0x08003337   Thumb Code    18  stm32f4xx_gpio.o(.text)
    GPIO_ReadOutputData                      0x08003349   Thumb Code     8  stm32f4xx_gpio.o(.text)
    GPIO_SetBits                             0x08003351   Thumb Code     4  stm32f4xx_gpio.o(.text)
    GPIO_ResetBits                           0x08003355   Thumb Code     4  stm32f4xx_gpio.o(.text)
    GPIO_WriteBit                            0x08003359   Thumb Code    10  stm32f4xx_gpio.o(.text)
    GPIO_Write                               0x08003363   Thumb Code     4  stm32f4xx_gpio.o(.text)
    GPIO_ToggleBits                          0x08003367   Thumb Code     8  stm32f4xx_gpio.o(.text)
    GPIO_PinAFConfig                         0x0800336f   Thumb Code    70  stm32f4xx_gpio.o(.text)
    RCC_DeInit                               0x080033e1   Thumb Code    82  stm32f4xx_rcc.o(.text)
    RCC_HSEConfig                            0x08003433   Thumb Code    14  stm32f4xx_rcc.o(.text)
    RCC_GetFlagStatus                        0x08003441   Thumb Code    60  stm32f4xx_rcc.o(.text)
    RCC_WaitForHSEStartUp                    0x0800347d   Thumb Code    56  stm32f4xx_rcc.o(.text)
    RCC_AdjustHSICalibrationValue            0x080034b5   Thumb Code    20  stm32f4xx_rcc.o(.text)
    RCC_HSICmd                               0x080034c9   Thumb Code     6  stm32f4xx_rcc.o(.text)
    RCC_LSEConfig                            0x080034cf   Thumb Code    46  stm32f4xx_rcc.o(.text)
    RCC_LSICmd                               0x080034fd   Thumb Code     6  stm32f4xx_rcc.o(.text)
    RCC_PLLConfig                            0x08003503   Thumb Code    32  stm32f4xx_rcc.o(.text)
    RCC_PLLCmd                               0x08003523   Thumb Code     6  stm32f4xx_rcc.o(.text)
    RCC_PLLI2SConfig                         0x08003529   Thumb Code    18  stm32f4xx_rcc.o(.text)
    RCC_PLLI2SCmd                            0x0800353b   Thumb Code     6  stm32f4xx_rcc.o(.text)
    RCC_PLLSAIConfig                         0x08003541   Thumb Code    20  stm32f4xx_rcc.o(.text)
    RCC_PLLSAICmd                            0x08003555   Thumb Code     6  stm32f4xx_rcc.o(.text)
    RCC_ClockSecuritySystemCmd               0x0800355b   Thumb Code     6  stm32f4xx_rcc.o(.text)
    RCC_MCO1Config                           0x08003561   Thumb Code    28  stm32f4xx_rcc.o(.text)
    RCC_MCO2Config                           0x0800357d   Thumb Code    28  stm32f4xx_rcc.o(.text)
    RCC_SYSCLKConfig                         0x08003599   Thumb Code    20  stm32f4xx_rcc.o(.text)
    RCC_GetSYSCLKSource                      0x080035ad   Thumb Code    12  stm32f4xx_rcc.o(.text)
    RCC_HCLKConfig                           0x080035b9   Thumb Code    20  stm32f4xx_rcc.o(.text)
    RCC_PCLK1Config                          0x080035cd   Thumb Code    20  stm32f4xx_rcc.o(.text)
    RCC_PCLK2Config                          0x080035e1   Thumb Code    22  stm32f4xx_rcc.o(.text)
    RCC_GetClocksFreq                        0x080035f7   Thumb Code   222  stm32f4xx_rcc.o(.text)
    RCC_RTCCLKConfig                         0x080036d5   Thumb Code    54  stm32f4xx_rcc.o(.text)
    RCC_RTCCLKCmd                            0x0800370b   Thumb Code     8  stm32f4xx_rcc.o(.text)
    RCC_BackupResetCmd                       0x08003713   Thumb Code     8  stm32f4xx_rcc.o(.text)
    RCC_I2SCLKConfig                         0x0800371b   Thumb Code     6  stm32f4xx_rcc.o(.text)
    RCC_SAIBlockACLKConfig                   0x08003721   Thumb Code    20  stm32f4xx_rcc.o(.text)
    RCC_SAIBlockBCLKConfig                   0x08003735   Thumb Code    20  stm32f4xx_rcc.o(.text)
    RCC_SAIPLLI2SClkDivConfig                0x08003749   Thumb Code    26  stm32f4xx_rcc.o(.text)
    RCC_SAIPLLSAIClkDivConfig                0x08003763   Thumb Code    28  stm32f4xx_rcc.o(.text)
    RCC_LTDCCLKDivConfig                     0x0800377f   Thumb Code    20  stm32f4xx_rcc.o(.text)
    RCC_TIMCLKPresConfig                     0x08003793   Thumb Code     6  stm32f4xx_rcc.o(.text)
    RCC_AHB1PeriphClockCmd                   0x08003799   Thumb Code    34  stm32f4xx_rcc.o(.text)
    RCC_AHB2PeriphClockCmd                   0x080037bb   Thumb Code    78  stm32f4xx_rcc.o(.text)
    RCC_APB1PeriphClockCmd                   0x08003809   Thumb Code    34  stm32f4xx_rcc.o(.text)
    RCC_APB2PeriphClockCmd                   0x0800382b   Thumb Code    34  stm32f4xx_rcc.o(.text)
    RCC_AHB1PeriphResetCmd                   0x0800384d   Thumb Code    34  stm32f4xx_rcc.o(.text)
    RCC_AHB2PeriphResetCmd                   0x0800386f   Thumb Code    34  stm32f4xx_rcc.o(.text)
    RCC_APB1PeriphResetCmd                   0x08003891   Thumb Code    34  stm32f4xx_rcc.o(.text)
    RCC_APB2PeriphResetCmd                   0x080038b3   Thumb Code    34  stm32f4xx_rcc.o(.text)
    RCC_AHB1PeriphClockLPModeCmd             0x080038d5   Thumb Code    34  stm32f4xx_rcc.o(.text)
    RCC_AHB2PeriphClockLPModeCmd             0x080038f7   Thumb Code    34  stm32f4xx_rcc.o(.text)
    RCC_APB1PeriphClockLPModeCmd             0x08003919   Thumb Code    34  stm32f4xx_rcc.o(.text)
    RCC_APB2PeriphClockLPModeCmd             0x0800393b   Thumb Code    34  stm32f4xx_rcc.o(.text)
    RCC_LSEModeConfig                        0x0800395d   Thumb Code    40  stm32f4xx_rcc.o(.text)
    RCC_ITConfig                             0x08003985   Thumb Code    34  stm32f4xx_rcc.o(.text)
    RCC_ClearFlag                            0x080039a7   Thumb Code    18  stm32f4xx_rcc.o(.text)
    RCC_GetITStatus                          0x080039b9   Thumb Code    22  stm32f4xx_rcc.o(.text)
    RCC_ClearITPendingBit                    0x080039cf   Thumb Code     8  stm32f4xx_rcc.o(.text)
    SDIO_DeInit                              0x080039dd   Thumb Code    22  stm32f4xx_sdio.o(.text)
    SDIO_Init                                0x080039f3   Thumb Code    42  stm32f4xx_sdio.o(.text)
    SDIO_StructInit                          0x08003a1d   Thumb Code    16  stm32f4xx_sdio.o(.text)
    SDIO_ClockCmd                            0x08003a2d   Thumb Code     6  stm32f4xx_sdio.o(.text)
    SDIO_SetPowerState                       0x08003a33   Thumb Code     8  stm32f4xx_sdio.o(.text)
    SDIO_GetPowerState                       0x08003a3b   Thumb Code    12  stm32f4xx_sdio.o(.text)
    SDIO_SendCommand                         0x08003a47   Thumb Code    42  stm32f4xx_sdio.o(.text)
    SDIO_CmdStructInit                       0x08003a71   Thumb Code    14  stm32f4xx_sdio.o(.text)
    SDIO_GetCommandResponse                  0x08003a7f   Thumb Code    10  stm32f4xx_sdio.o(.text)
    SDIO_GetResponse                         0x08003a89   Thumb Code    22  stm32f4xx_sdio.o(.text)
    SDIO_DataConfig                          0x08003a9f   Thumb Code    48  stm32f4xx_sdio.o(.text)
    SDIO_DataStructInit                      0x08003acf   Thumb Code    20  stm32f4xx_sdio.o(.text)
    SDIO_GetDataCounter                      0x08003ae3   Thumb Code     8  stm32f4xx_sdio.o(.text)
    SDIO_ReadData                            0x08003aeb   Thumb Code     8  stm32f4xx_sdio.o(.text)
    SDIO_WriteData                           0x08003af3   Thumb Code     8  stm32f4xx_sdio.o(.text)
    SDIO_GetFIFOCount                        0x08003afb   Thumb Code     8  stm32f4xx_sdio.o(.text)
    SDIO_StartSDIOReadWait                   0x08003b03   Thumb Code     6  stm32f4xx_sdio.o(.text)
    SDIO_StopSDIOReadWait                    0x08003b09   Thumb Code     8  stm32f4xx_sdio.o(.text)
    SDIO_SetSDIOReadWaitMode                 0x08003b11   Thumb Code     8  stm32f4xx_sdio.o(.text)
    SDIO_SetSDIOOperation                    0x08003b19   Thumb Code     8  stm32f4xx_sdio.o(.text)
    SDIO_SendSDIOSuspendCmd                  0x08003b21   Thumb Code     6  stm32f4xx_sdio.o(.text)
    SDIO_CommandCompletionCmd                0x08003b27   Thumb Code     8  stm32f4xx_sdio.o(.text)
    SDIO_CEATAITCmd                          0x08003b2f   Thumb Code    12  stm32f4xx_sdio.o(.text)
    SDIO_SendCEATACmd                        0x08003b3b   Thumb Code     8  stm32f4xx_sdio.o(.text)
    SDIO_DMACmd                              0x08003b43   Thumb Code     8  stm32f4xx_sdio.o(.text)
    SDIO_ITConfig                            0x08003b4b   Thumb Code    34  stm32f4xx_sdio.o(.text)
    SDIO_GetFlagStatus                       0x08003b6d   Thumb Code    22  stm32f4xx_sdio.o(.text)
    SDIO_ClearFlag                           0x08003b83   Thumb Code     8  stm32f4xx_sdio.o(.text)
    SDIO_GetITStatus                         0x08003b8b   Thumb Code    22  stm32f4xx_sdio.o(.text)
    SDIO_ClearITPendingBit                   0x08003ba1   Thumb Code     8  stm32f4xx_sdio.o(.text)
    SYSCFG_DeInit                            0x08003bb9   Thumb Code    22  stm32f4xx_syscfg.o(.text)
    SYSCFG_MemoryRemapConfig                 0x08003bcf   Thumb Code     6  stm32f4xx_syscfg.o(.text)
    SYSCFG_MemorySwappingBank                0x08003bd5   Thumb Code     6  stm32f4xx_syscfg.o(.text)
    SYSCFG_EXTILineConfig                    0x08003bdb   Thumb Code    66  stm32f4xx_syscfg.o(.text)
    SYSCFG_ETH_MediaInterfaceConfig          0x08003c1d   Thumb Code     8  stm32f4xx_syscfg.o(.text)
    SYSCFG_CompensationCellCmd               0x08003c25   Thumb Code     6  stm32f4xx_syscfg.o(.text)
    SYSCFG_GetCompensationCellStatus         0x08003c2b   Thumb Code    22  stm32f4xx_syscfg.o(.text)
    disk_initialize                          0x08003c4d   Thumb Code    20  diskio.o(.text)
    disk_status                              0x08003c61   Thumb Code    12  diskio.o(.text)
    disk_read                                0x08003c6d   Thumb Code    72  diskio.o(.text)
    disk_write                               0x08003cb5   Thumb Code    70  diskio.o(.text)
    disk_ioctl                               0x08003cfb   Thumb Code   104  diskio.o(.text)
    get_fattime                              0x08003d63   Thumb Code     4  diskio.o(.text)
    clust2sect                               0x08003ed5   Thumb Code    26  ff.o(.text)
    get_fat                                  0x08003eef   Thumb Code   212  ff.o(.text)
    put_fat                                  0x08003fc3   Thumb Code   262  ff.o(.text)
    f_mount                                  0x080050a5   Thumb Code    86  ff.o(.text)
    f_open                                   0x080050fb   Thumb Code   312  ff.o(.text)
    f_read                                   0x08005233   Thumb Code   432  ff.o(.text)
    f_write                                  0x080053e3   Thumb Code   514  ff.o(.text)
    f_sync                                   0x080055e5   Thumb Code   142  ff.o(.text)
    f_close                                  0x08005673   Thumb Code    32  ff.o(.text)
    f_lseek                                  0x08005693   Thumb Code   654  ff.o(.text)
    f_opendir                                0x08005921   Thumb Code   114  ff.o(.text)
    f_closedir                               0x08005993   Thumb Code    22  ff.o(.text)
    f_readdir                                0x080059a9   Thumb Code    96  ff.o(.text)
    f_stat                                   0x08005a09   Thumb Code    64  ff.o(.text)
    f_getfree                                0x08005a49   Thumb Code   234  ff.o(.text)
    f_truncate                               0x08005b33   Thumb Code   184  ff.o(.text)
    f_unlink                                 0x08005beb   Thumb Code   174  ff.o(.text)
    f_mkdir                                  0x08005c99   Thumb Code   328  ff.o(.text)
    f_chmod                                  0x08005de1   Thumb Code    88  ff.o(.text)
    f_utime                                  0x08005e39   Thumb Code    78  ff.o(.text)
    f_rename                                 0x08005e87   Thumb Code   288  ff.o(.text)
    f_mkfs                                   0x08005fa7   Thumb Code  1230  ff.o(.text)
    f_gets                                   0x08006475   Thumb Code    82  ff.o(.text)
    f_putc                                   0x0800650b   Thumb Code    64  ff.o(.text)
    f_puts                                   0x0800654b   Thumb Code    74  ff.o(.text)
    f_printf                                 0x08006595   Thumb Code   638  ff.o(.text)
    ff_convert                               0x08006815   Thumb Code    70  unicode.o(.text)
    ff_wtoupper                              0x0800685b   Thumb Code    46  unicode.o(.text)
    FLASH_SetLatency                         0x08006895   Thumb Code     6  stm32f4xx_flash.o(.text)
    FLASH_PrefetchBufferCmd                  0x0800689b   Thumb Code    30  stm32f4xx_flash.o(.text)
    FLASH_InstructionCacheCmd                0x080068b9   Thumb Code    30  stm32f4xx_flash.o(.text)
    FLASH_DataCacheCmd                       0x080068d7   Thumb Code    30  stm32f4xx_flash.o(.text)
    FLASH_InstructionCacheReset              0x080068f5   Thumb Code    14  stm32f4xx_flash.o(.text)
    FLASH_DataCacheReset                     0x08006903   Thumb Code    14  stm32f4xx_flash.o(.text)
    FLASH_Unlock                             0x08006911   Thumb Code    26  stm32f4xx_flash.o(.text)
    FLASH_Lock                               0x0800692b   Thumb Code    18  stm32f4xx_flash.o(.text)
    FLASH_GetStatus                          0x0800693d   Thumb Code    90  stm32f4xx_flash.o(.text)
    FLASH_WaitForLastOperation               0x08006997   Thumb Code    34  stm32f4xx_flash.o(.text)
    FLASH_EraseSector                        0x080069b9   Thumb Code   140  stm32f4xx_flash.o(.text)
    FLASH_EraseAllSectors                    0x08006a45   Thumb Code   112  stm32f4xx_flash.o(.text)
    FLASH_EraseAllBank1Sectors               0x08006ab5   Thumb Code   112  stm32f4xx_flash.o(.text)
    FLASH_EraseAllBank2Sectors               0x08006b25   Thumb Code   112  stm32f4xx_flash.o(.text)
    FLASH_ProgramDoubleWord                  0x08006b95   Thumb Code    86  stm32f4xx_flash.o(.text)
    FLASH_ProgramWord                        0x08006beb   Thumb Code    82  stm32f4xx_flash.o(.text)
    FLASH_ProgramHalfWord                    0x08006c3d   Thumb Code    96  stm32f4xx_flash.o(.text)
    FLASH_ProgramByte                        0x08006c9d   Thumb Code    70  stm32f4xx_flash.o(.text)
    FLASH_OB_Unlock                          0x08006ce3   Thumb Code    26  stm32f4xx_flash.o(.text)
    FLASH_OB_Lock                            0x08006cfd   Thumb Code    18  stm32f4xx_flash.o(.text)
    FLASH_OB_WRPConfig                       0x08006d0f   Thumb Code    54  stm32f4xx_flash.o(.text)
    FLASH_OB_WRP1Config                      0x08006d45   Thumb Code    54  stm32f4xx_flash.o(.text)
    FLASH_OB_PCROPSelectionConfig            0x08006d7b   Thumb Code    24  stm32f4xx_flash.o(.text)
    FLASH_OB_PCROPConfig                     0x08006d93   Thumb Code    54  stm32f4xx_flash.o(.text)
    FLASH_OB_PCROP1Config                    0x08006dc9   Thumb Code    54  stm32f4xx_flash.o(.text)
    FLASH_OB_RDPConfig                       0x08006dff   Thumb Code    24  stm32f4xx_flash.o(.text)
    FLASH_OB_UserConfig                      0x08006e17   Thumb Code    46  stm32f4xx_flash.o(.text)
    FLASH_OB_BootConfig                      0x08006e45   Thumb Code    26  stm32f4xx_flash.o(.text)
    FLASH_OB_BORConfig                       0x08006e5f   Thumb Code    26  stm32f4xx_flash.o(.text)
    FLASH_OB_Launch                          0x08006e79   Thumb Code    30  stm32f4xx_flash.o(.text)
    FLASH_OB_GetUser                         0x08006e97   Thumb Code    12  stm32f4xx_flash.o(.text)
    FLASH_OB_GetWRP                          0x08006ea3   Thumb Code     8  stm32f4xx_flash.o(.text)
    FLASH_OB_GetWRP1                         0x08006eab   Thumb Code     8  stm32f4xx_flash.o(.text)
    FLASH_OB_GetPCROP                        0x08006eb3   Thumb Code     8  stm32f4xx_flash.o(.text)
    FLASH_OB_GetPCROP1                       0x08006ebb   Thumb Code     8  stm32f4xx_flash.o(.text)
    FLASH_OB_GetRDP                          0x08006ec3   Thumb Code    20  stm32f4xx_flash.o(.text)
    FLASH_OB_GetBOR                          0x08006ed7   Thumb Code    12  stm32f4xx_flash.o(.text)
    FLASH_ITConfig                           0x08006ee3   Thumb Code    26  stm32f4xx_flash.o(.text)
    FLASH_GetFlagStatus                      0x08006efd   Thumb Code    22  stm32f4xx_flash.o(.text)
    FLASH_ClearFlag                          0x08006f13   Thumb Code     8  stm32f4xx_flash.o(.text)
    ADC_DeInit                               0x08006f29   Thumb Code    22  stm32f4xx_adc.o(.text)
    ADC_Init                                 0x08006f3f   Thumb Code    74  stm32f4xx_adc.o(.text)
    ADC_StructInit                           0x08006f89   Thumb Code    20  stm32f4xx_adc.o(.text)
    ADC_CommonInit                           0x08006f9d   Thumb Code    34  stm32f4xx_adc.o(.text)
    ADC_CommonStructInit                     0x08006fbf   Thumb Code    12  stm32f4xx_adc.o(.text)
    ADC_Cmd                                  0x08006fcb   Thumb Code    22  stm32f4xx_adc.o(.text)
    ADC_AnalogWatchdogCmd                    0x08006fe1   Thumb Code    16  stm32f4xx_adc.o(.text)
    ADC_AnalogWatchdogThresholdsConfig       0x08006ff1   Thumb Code     6  stm32f4xx_adc.o(.text)
    ADC_AnalogWatchdogSingleChannelConfig    0x08006ff7   Thumb Code    16  stm32f4xx_adc.o(.text)
    ADC_TempSensorVrefintCmd                 0x08007007   Thumb Code    34  stm32f4xx_adc.o(.text)
    ADC_VBATCmd                              0x08007029   Thumb Code    34  stm32f4xx_adc.o(.text)
    ADC_RegularChannelConfig                 0x0800704b   Thumb Code   184  stm32f4xx_adc.o(.text)
    ADC_SoftwareStartConv                    0x08007103   Thumb Code    10  stm32f4xx_adc.o(.text)
    ADC_GetSoftwareStartConvStatus           0x0800710d   Thumb Code    20  stm32f4xx_adc.o(.text)
    ADC_EOCOnEachRegularChannelCmd           0x08007121   Thumb Code    22  stm32f4xx_adc.o(.text)
    ADC_ContinuousModeCmd                    0x08007137   Thumb Code    22  stm32f4xx_adc.o(.text)
    ADC_DiscModeChannelCountConfig           0x0800714d   Thumb Code    24  stm32f4xx_adc.o(.text)
    ADC_DiscModeCmd                          0x08007165   Thumb Code    22  stm32f4xx_adc.o(.text)
    ADC_GetConversionValue                   0x0800717b   Thumb Code     8  stm32f4xx_adc.o(.text)
    ADC_GetMultiModeConversionValue          0x08007183   Thumb Code     8  stm32f4xx_adc.o(.text)
    ADC_DMACmd                               0x0800718b   Thumb Code    22  stm32f4xx_adc.o(.text)
    ADC_DMARequestAfterLastTransferCmd       0x080071a1   Thumb Code    22  stm32f4xx_adc.o(.text)
    ADC_MultiModeDMARequestAfterLastTransferCmd 0x080071b7   Thumb Code    34  stm32f4xx_adc.o(.text)
    ADC_InjectedChannelConfig                0x080071d9   Thumb Code   130  stm32f4xx_adc.o(.text)
    ADC_InjectedSequencerLengthConfig        0x0800725b   Thumb Code    24  stm32f4xx_adc.o(.text)
    ADC_SetInjectedOffset                    0x08007273   Thumb Code    20  stm32f4xx_adc.o(.text)
    ADC_ExternalTrigInjectedConvConfig       0x08007287   Thumb Code    16  stm32f4xx_adc.o(.text)
    ADC_ExternalTrigInjectedConvEdgeConfig   0x08007297   Thumb Code    16  stm32f4xx_adc.o(.text)
    ADC_SoftwareStartInjectedConv            0x080072a7   Thumb Code    10  stm32f4xx_adc.o(.text)
    ADC_GetSoftwareStartInjectedConvCmdStatus 0x080072b1   Thumb Code    20  stm32f4xx_adc.o(.text)
    ADC_AutoInjectedConvCmd                  0x080072c5   Thumb Code    22  stm32f4xx_adc.o(.text)
    ADC_InjectedDiscModeCmd                  0x080072db   Thumb Code    22  stm32f4xx_adc.o(.text)
    ADC_GetInjectedConversionValue           0x080072f1   Thumb Code    28  stm32f4xx_adc.o(.text)
    ADC_ITConfig                             0x0800730d   Thumb Code    56  stm32f4xx_adc.o(.text)
    ADC_GetFlagStatus                        0x08007345   Thumb Code    18  stm32f4xx_adc.o(.text)
    ADC_ClearFlag                            0x08007357   Thumb Code     6  stm32f4xx_adc.o(.text)
    ADC_GetITStatus                          0x0800735d   Thumb Code    38  stm32f4xx_adc.o(.text)
    ADC_ClearITPendingBit                    0x08007383   Thumb Code    10  stm32f4xx_adc.o(.text)
    __aeabi_ldivmod                          0x0800738d   Thumb Code     0  llsdiv.o(.text)
    _ll_sdiv                                 0x0800738d   Thumb Code    72  llsdiv.o(.text)
    __aeabi_memcpy                           0x080073d5   Thumb Code     0  rt_memcpy_v6.o(.text)
    __rt_memcpy                              0x080073d5   Thumb Code   138  rt_memcpy_v6.o(.text)
    _memcpy_lastbytes                        0x0800743b   Thumb Code     0  rt_memcpy_v6.o(.text)
    __use_two_region_memory                  0x0800745f   Thumb Code     2  heapauxi.o(.text)
    __rt_heap_escrow$2region                 0x08007461   Thumb Code     2  heapauxi.o(.text)
    __rt_heap_expand$2region                 0x08007463   Thumb Code     2  heapauxi.o(.text)
    __aeabi_uldivmod                         0x08007465   Thumb Code     0  lludivv7m.o(.text)
    _ll_udiv                                 0x08007465   Thumb Code   238  lludivv7m.o(.text)
    __aeabi_memcpy4                          0x08007553   Thumb Code     0  rt_memcpy_w.o(.text)
    __aeabi_memcpy8                          0x08007553   Thumb Code     0  rt_memcpy_w.o(.text)
    __rt_memcpy_w                            0x08007553   Thumb Code   100  rt_memcpy_w.o(.text)
    _memcpy_lastbytes_aligned                0x0800759b   Thumb Code     0  rt_memcpy_w.o(.text)
    __user_setup_stackheap                   0x080075b7   Thumb Code    74  sys_stackheap_outer.o(.text)
    exit                                     0x08007601   Thumb Code    12  exit.o(.text)
    __user_libspace                          0x0800760d   Thumb Code     8  libspace.o(.text)
    __user_perproc_libspace                  0x0800760d   Thumb Code     0  libspace.o(.text)
    __user_perthread_libspace                0x0800760d   Thumb Code     0  libspace.o(.text)
    _sys_exit                                0x08007615   Thumb Code     8  sys_exit.o(.text)
    __I$use$semihosting                      0x08007621   Thumb Code     0  use_no_semi.o(.text)
    __use_no_semihosting_swi                 0x08007621   Thumb Code     2  use_no_semi.o(.text)
    __semihosting_library_function           0x08007623   Thumb Code     0  indicate_semi.o(.text)
    __aeabi_dadd                             0x08007625   Thumb Code     0  daddsub_clz.o(x$fpl$dadd)
    _dadd                                    0x08007625   Thumb Code   332  daddsub_clz.o(x$fpl$dadd)
    __fpl_dcmp_Inf                           0x08007775   Thumb Code    24  dcmpi.o(x$fpl$dcmpinf)
    __aeabi_d2uiz                            0x0800778d   Thumb Code     0  dfixu.o(x$fpl$dfixu)
    _dfixu                                   0x0800778d   Thumb Code    90  dfixu.o(x$fpl$dfixu)
    __aeabi_ui2d                             0x080077e7   Thumb Code     0  dflt_clz.o(x$fpl$dfltu)
    _dfltu                                   0x080077e7   Thumb Code    38  dflt_clz.o(x$fpl$dfltu)
    __aeabi_cdcmple                          0x0800780d   Thumb Code     0  dleqf.o(x$fpl$dleqf)
    _dcmple                                  0x0800780d   Thumb Code   120  dleqf.o(x$fpl$dleqf)
    __fpl_dcmple_InfNaN                      0x0800786f   Thumb Code     0  dleqf.o(x$fpl$dleqf)
    __aeabi_dmul                             0x08007885   Thumb Code     0  dmul.o(x$fpl$dmul)
    _dmul                                    0x08007885   Thumb Code   332  dmul.o(x$fpl$dmul)
    __fpl_dnaninf                            0x080079d9   Thumb Code   156  dnaninf.o(x$fpl$dnaninf)
    __fpl_dretinf                            0x08007a75   Thumb Code    12  dretinf.o(x$fpl$dretinf)
    __aeabi_cdrcmple                         0x08007a81   Thumb Code     0  drleqf.o(x$fpl$drleqf)
    _drcmple                                 0x08007a81   Thumb Code   108  drleqf.o(x$fpl$drleqf)
    __aeabi_dsub                             0x08007aed   Thumb Code     0  daddsub_clz.o(x$fpl$dsub)
    _dsub                                    0x08007aed   Thumb Code   464  daddsub_clz.o(x$fpl$dsub)
    __aeabi_f2d                              0x08007cc1   Thumb Code     0  f2d.o(x$fpl$f2d)
    _f2d                                     0x08007cc1   Thumb Code    86  f2d.o(x$fpl$f2d)
    __fpl_fnaninf                            0x08007d17   Thumb Code   140  fnaninf.o(x$fpl$fnaninf)
    _fp_init                                 0x08007da3   Thumb Code    10  fpinit.o(x$fpl$fpinit)
    __fplib_config_fpu_vfp                   0x08007dab   Thumb Code     0  fpinit.o(x$fpl$fpinit)
    __fplib_config_pureend_doubles           0x08007dab   Thumb Code     0  fpinit.o(x$fpl$fpinit)
    __I$use$fp                               0x08007dac   Number         0  usenofp.o(x$fpl$usenofp)
    Region$$Table$$Base                      0x08008328   Number         0  anon$$obj.o(Region$$Table)
    Region$$Table$$Limit                     0x08008348   Number         0  anon$$obj.o(Region$$Table)
    res                                      0x20000000   Data           1  main.o(.data)
    Jump_To_Application                      0x20000004   Data           4  main.o(.data)
    JumpAddress                              0x20000008   Data           4  main.o(.data)
    NVIC_InitStructure                       0x2000000c   Data           4  main.o(.data)
    ADCindex                                 0x20000010   Data           1  main.o(.data)
    Battery_Level_Boot                       0x20000012   Data           2  main.o(.data)
    APPLICATION_ADDRESS_toRun                0x20000014   Data           4  main.o(.data)
    SystemCoreClock                          0x20000018   Data           4  system_stm32f4xx.o(.data)
    AHBPrescTable                            0x2000001c   Data          16  system_stm32f4xx.o(.data)
    Button                                   0x2000002c   Data           2  bsp_gpio.o(.data)
    PowerOn_Released                         0x2000002e   Data           1  bsp_gpio.o(.data)
    TransferError                            0x2000003a   Data           1  bsp_sdio.o(.data)
    TransferEnd                              0x2000003b   Data           1  bsp_sdio.o(.data)
    tempbuff                                 0x2000003c   Data           4  bsp_sdio.o(.data)
    Battery_Level                            0x20000050   Data           1  bsp_adc.o(.data)
    Battery_Voltage                          0x20000058   Data           8  bsp_adc.o(.data)
    FilteredADC                              0x20000060   Data           2  bsp_adc.o(.data)
    Battery_Voltage_Test                     0x20000062   Data           2  bsp_adc.o(.data)
    VotperCount                              0x20000064   Data           4  bsp_adc.o(.data)
    fatfs_SDCARD                             0x20000084   Data         560  bsp_filesystem.o(.bss)
    fatfs_USBDISK                            0x200002b4   Data         560  bsp_filesystem.o(.bss)
    file_sdif                                0x200004e4   Data         552  bsp_filesystem.o(.bss)
    file_read                                0x2000070c   Data         552  bsp_filesystem.o(.bss)
    file_write                               0x20000934   Data         552  bsp_filesystem.o(.bss)
    file_info                                0x20000b5c   Data         552  bsp_filesystem.o(.bss)
    SDIO_InitStructure                       0x20000d88   Data          24  bsp_sdio.o(.bss)
    SDIO_CmdInitStructure                    0x20000da0   Data          20  bsp_sdio.o(.bss)
    SDIO_DataInitStructure                   0x20000db4   Data          24  bsp_sdio.o(.bss)
    SDCardInfo                               0x20000df0   Data          88  bsp_sdio.o(.bss)
    SDIO_DATA_BUFFER                         0x20000e48   Data         512  bsp_sdio.o(.bss)
    fileR                                    0x20009048   Data         552  command.o(.bss)
    dir                                      0x20009270   Data          36  command.o(.bss)
    fno                                      0x20009294   Data          32  command.o(.bss)
    ADC_Value                                0x200092b4   Data         200  bsp_adc.o(.bss)
    __libspace_start                         0x2000937c   Data          96  libspace.o(.bss)
    __temporary_stack_top$libspace           0x200093dc   Data           0  libspace.o(.bss)



==============================================================================

Memory Map of the image

  Image Entry point : 0x08000199

  Load Region LR_IROM1 (Base: 0x08000000, Size: 0x000083cc, Max: 0x00080000, ABSOLUTE)

    Execution Region ER_IROM1 (Base: 0x08000000, Size: 0x00008348, Max: 0x00080000, ABSOLUTE)

    Base Addr    Size         Type   Attr      Idx    E Section Name        Object

    0x08000000   0x00000198   Data   RO          413    RESET               startup_stm32f411xe.o
    0x08000198   0x00000008   Code   RO          827  * !!!main             c_w.l(__main.o)
    0x080001a0   0x00000034   Code   RO         1030    !!!scatter          c_w.l(__scatter.o)
    0x080001d4   0x0000001a   Code   RO         1032    !!handler_copy      c_w.l(__scatter_copy.o)
    0x080001ee   0x00000002   PAD
    0x080001f0   0x0000001c   Code   RO         1034    !!handler_zi        c_w.l(__scatter_zi.o)
    0x0800020c   0x00000002   Code   RO          897    .ARM.Collect$$libinit$$00000000  c_w.l(libinit.o)
    0x0800020e   0x00000004   Code   RO          907    .ARM.Collect$$libinit$$00000001  c_w.l(libinit2.o)
    0x08000212   0x00000000   Code   RO          910    .ARM.Collect$$libinit$$00000004  c_w.l(libinit2.o)
    0x08000212   0x00000000   Code   RO          913    .ARM.Collect$$libinit$$0000000A  c_w.l(libinit2.o)
    0x08000212   0x00000000   Code   RO          915    .ARM.Collect$$libinit$$0000000C  c_w.l(libinit2.o)
    0x08000212   0x00000000   Code   RO          917    .ARM.Collect$$libinit$$0000000E  c_w.l(libinit2.o)
    0x08000212   0x00000000   Code   RO          920    .ARM.Collect$$libinit$$00000011  c_w.l(libinit2.o)
    0x08000212   0x00000000   Code   RO          922    .ARM.Collect$$libinit$$00000013  c_w.l(libinit2.o)
    0x08000212   0x00000000   Code   RO          924    .ARM.Collect$$libinit$$00000015  c_w.l(libinit2.o)
    0x08000212   0x00000000   Code   RO          926    .ARM.Collect$$libinit$$00000017  c_w.l(libinit2.o)
    0x08000212   0x00000000   Code   RO          928    .ARM.Collect$$libinit$$00000019  c_w.l(libinit2.o)
    0x08000212   0x00000000   Code   RO          930    .ARM.Collect$$libinit$$0000001B  c_w.l(libinit2.o)
    0x08000212   0x00000000   Code   RO          932    .ARM.Collect$$libinit$$0000001D  c_w.l(libinit2.o)
    0x08000212   0x00000000   Code   RO          934    .ARM.Collect$$libinit$$0000001F  c_w.l(libinit2.o)
    0x08000212   0x00000000   Code   RO          936    .ARM.Collect$$libinit$$00000021  c_w.l(libinit2.o)
    0x08000212   0x00000000   Code   RO          938    .ARM.Collect$$libinit$$00000023  c_w.l(libinit2.o)
    0x08000212   0x00000000   Code   RO          940    .ARM.Collect$$libinit$$00000025  c_w.l(libinit2.o)
    0x08000212   0x00000000   Code   RO          944    .ARM.Collect$$libinit$$0000002C  c_w.l(libinit2.o)
    0x08000212   0x00000000   Code   RO          946    .ARM.Collect$$libinit$$0000002E  c_w.l(libinit2.o)
    0x08000212   0x00000000   Code   RO          948    .ARM.Collect$$libinit$$00000030  c_w.l(libinit2.o)
    0x08000212   0x00000000   Code   RO          950    .ARM.Collect$$libinit$$00000032  c_w.l(libinit2.o)
    0x08000212   0x00000002   Code   RO          951    .ARM.Collect$$libinit$$00000033  c_w.l(libinit2.o)
    0x08000214   0x00000002   Code   RO          981    .ARM.Collect$$libshutdown$$00000000  c_w.l(libshutdown.o)
    0x08000216   0x00000000   Code   RO          999    .ARM.Collect$$libshutdown$$00000003  c_w.l(libshutdown2.o)
    0x08000216   0x00000000   Code   RO         1002    .ARM.Collect$$libshutdown$$00000006  c_w.l(libshutdown2.o)
    0x08000216   0x00000000   Code   RO         1005    .ARM.Collect$$libshutdown$$00000009  c_w.l(libshutdown2.o)
    0x08000216   0x00000000   Code   RO         1007    .ARM.Collect$$libshutdown$$0000000B  c_w.l(libshutdown2.o)
    0x08000216   0x00000000   Code   RO         1010    .ARM.Collect$$libshutdown$$0000000E  c_w.l(libshutdown2.o)
    0x08000216   0x00000002   Code   RO         1011    .ARM.Collect$$libshutdown$$0000000F  c_w.l(libshutdown2.o)
    0x08000218   0x00000000   Code   RO          851    .ARM.Collect$$rtentry$$00000000  c_w.l(__rtentry.o)
    0x08000218   0x00000000   Code   RO          866    .ARM.Collect$$rtentry$$00000002  c_w.l(__rtentry2.o)
    0x08000218   0x00000006   Code   RO          878    .ARM.Collect$$rtentry$$00000004  c_w.l(__rtentry4.o)
    0x0800021e   0x00000000   Code   RO          868    .ARM.Collect$$rtentry$$00000009  c_w.l(__rtentry2.o)
    0x0800021e   0x00000004   Code   RO          869    .ARM.Collect$$rtentry$$0000000A  c_w.l(__rtentry2.o)
    0x08000222   0x00000000   Code   RO          871    .ARM.Collect$$rtentry$$0000000C  c_w.l(__rtentry2.o)
    0x08000222   0x00000008   Code   RO          872    .ARM.Collect$$rtentry$$0000000D  c_w.l(__rtentry2.o)
    0x0800022a   0x00000002   Code   RO          901    .ARM.Collect$$rtexit$$00000000  c_w.l(rtexit.o)
    0x0800022c   0x00000000   Code   RO          953    .ARM.Collect$$rtexit$$00000002  c_w.l(rtexit2.o)
    0x0800022c   0x00000004   Code   RO          954    .ARM.Collect$$rtexit$$00000003  c_w.l(rtexit2.o)
    0x08000230   0x00000006   Code   RO          955    .ARM.Collect$$rtexit$$00000004  c_w.l(rtexit2.o)
    0x08000236   0x00000002   PAD
    0x08000238   0x000001d4   Code   RO            4    .text               main.o
    0x0800040c   0x00000016   Code   RO          217    .text               stm32f4xx_it.o
    0x08000422   0x00000002   PAD
    0x08000424   0x000001f4   Code   RO          254    .text               system_stm32f4xx.o
    0x08000618   0x0000004a   Code   RO          284    .text               bsp_delay.o
    0x08000662   0x00000002   PAD
    0x08000664   0x00000050   Code   RO          311    .text               bsp_filesystem.o
    0x080006b4   0x0000022c   Code   RO          347    .text               bsp_gpio.o
    0x080008e0   0x00001df4   Code   RO          377    .text               bsp_sdio.o
    0x080026d4   0x00000040   Code   RO          414    .text               startup_stm32f411xe.o
    0x08002714   0x00000120   Code   RO          421    .text               command.o
    0x08002834   0x00000114   Code   RO          458    .text               flash_if.o
    0x08002948   0x0000026c   Code   RO          482    .text               bsp_adc.o
    0x08002bb4   0x000000e0   Code   RO          513    .text               misc.o
    0x08002c94   0x000003a8   Code   RO          537    .text               stm32f4xx_dma.o
    0x0800303c   0x00000110   Code   RO          561    .text               stm32f4xx_exti.o
    0x0800314c   0x00000294   Code   RO          585    .text               stm32f4xx_gpio.o
    0x080033e0   0x000005fc   Code   RO          609    .text               stm32f4xx_rcc.o
    0x080039dc   0x000001dc   Code   RO          635    .text               stm32f4xx_sdio.o
    0x08003bb8   0x00000094   Code   RO          659    .text               stm32f4xx_syscfg.o
    0x08003c4c   0x00000120   Code   RO          683    .text               diskio.o
    0x08003d6c   0x00002aa6   Code   RO          709    .text               ff.o
    0x08006812   0x00000002   PAD
    0x08006814   0x00000080   Code   RO          727    .text               unicode.o
    0x08006894   0x00000694   Code   RO          747    .text               stm32f4xx_flash.o
    0x08006f28   0x00000464   Code   RO          798    .text               stm32f4xx_adc.o
    0x0800738c   0x00000048   Code   RO          821    .text               c_w.l(llsdiv.o)
    0x080073d4   0x0000008a   Code   RO          823    .text               c_w.l(rt_memcpy_v6.o)
    0x0800745e   0x00000006   Code   RO          825    .text               c_w.l(heapauxi.o)
    0x08007464   0x000000ee   Code   RO          852    .text               c_w.l(lludivv7m.o)
    0x08007552   0x00000064   Code   RO          854    .text               c_w.l(rt_memcpy_w.o)
    0x080075b6   0x0000004a   Code   RO          886    .text               c_w.l(sys_stackheap_outer.o)
    0x08007600   0x0000000c   Code   RO          890    .text               c_w.l(exit.o)
    0x0800760c   0x00000008   Code   RO          898    .text               c_w.l(libspace.o)
    0x08007614   0x0000000c   Code   RO          969    .text               c_w.l(sys_exit.o)
    0x08007620   0x00000002   Code   RO          986    .text               c_w.l(use_no_semi.o)
    0x08007622   0x00000000   Code   RO          988    .text               c_w.l(indicate_semi.o)
    0x08007622   0x00000002   PAD
    0x08007624   0x00000150   Code   RO          829    x$fpl$dadd          fz_wm.l(daddsub_clz.o)
    0x08007774   0x00000018   Code   RO          884    x$fpl$dcmpinf       fz_wm.l(dcmpi.o)
    0x0800778c   0x0000005a   Code   RO          835    x$fpl$dfixu         fz_wm.l(dfixu.o)
    0x080077e6   0x00000026   Code   RO          839    x$fpl$dfltu         fz_wm.l(dflt_clz.o)
    0x0800780c   0x00000078   Code   RO          856    x$fpl$dleqf         fz_wm.l(dleqf.o)
    0x08007884   0x00000154   Code   RO          845    x$fpl$dmul          fz_wm.l(dmul.o)
    0x080079d8   0x0000009c   Code   RO          858    x$fpl$dnaninf       fz_wm.l(dnaninf.o)
    0x08007a74   0x0000000c   Code   RO          860    x$fpl$dretinf       fz_wm.l(dretinf.o)
    0x08007a80   0x0000006c   Code   RO          847    x$fpl$drleqf        fz_wm.l(drleqf.o)
    0x08007aec   0x000001d4   Code   RO          831    x$fpl$dsub          fz_wm.l(daddsub_clz.o)
    0x08007cc0   0x00000056   Code   RO          849    x$fpl$f2d           fz_wm.l(f2d.o)
    0x08007d16   0x0000008c   Code   RO          862    x$fpl$fnaninf       fz_wm.l(fnaninf.o)
    0x08007da2   0x0000000a   Code   RO          967    x$fpl$fpinit        fz_wm.l(fpinit.o)
    0x08007dac   0x00000000   Code   RO          864    x$fpl$usenofp       fz_wm.l(usenofp.o)
    0x08007dac   0x000000ba   Data   RO          710    .constdata          ff.o
    0x08007e66   0x000004c0   Data   RO          728    .constdata          unicode.o
    0x08008326   0x00000002   PAD
    0x08008328   0x00000020   Data   RO         1028    Region$$Table       anon$$obj.o


    Execution Region RW_IRAM1 (Base: 0x20000000, Size: 0x000099e0, Max: 0x00020000, ABSOLUTE)

    Base Addr    Size         Type   Attr      Idx    E Section Name        Object

    0x20000000   0x00000018   Data   RW            5    .data               main.o
    0x20000018   0x00000014   Data   RW          255    .data               system_stm32f4xx.o
    0x2000002c   0x00000003   Data   RW          348    .data               bsp_gpio.o
    0x2000002f   0x00000001   PAD
    0x20000030   0x00000010   Data   RW          379    .data               bsp_sdio.o
    0x20000040   0x00000010   Data   RW          423    .data               command.o
    0x20000050   0x00000018   Data   RW          484    .data               bsp_adc.o
    0x20000068   0x00000010   Data   RW          610    .data               stm32f4xx_rcc.o
    0x20000078   0x0000000a   Data   RW          711    .data               ff.o
    0x20000082   0x00000002   PAD
    0x20000084   0x00000d00   Zero   RW          312    .bss                bsp_filesystem.o
    0x20000d84   0x00000004   PAD
    0x20000d88   0x000002c0   Zero   RW          378    .bss                bsp_sdio.o
    0x20001048   0x0000826c   Zero   RW          422    .bss                command.o
    0x200092b4   0x000000c8   Zero   RW          483    .bss                bsp_adc.o
    0x2000937c   0x00000060   Zero   RW          899    .bss                c_w.l(libspace.o)
    0x200093dc   0x00000004   PAD
    0x200093e0   0x00000200   Zero   RW          412    HEAP                startup_stm32f411xe.o
    0x200095e0   0x00000400   Zero   RW          411    STACK               startup_stm32f411xe.o


==============================================================================

Image component sizes


      Code (inc. data)   RO Data    RW Data    ZI Data      Debug   Object Name

       620         86          0         24        200       2233   bsp_adc.o
        74          0          0          0          0       1262   bsp_delay.o
        80         26          0          0       3328       1189   bsp_filesystem.o
       556         18          0          3          0       3374   bsp_gpio.o
      7668        286          0         16        704      27366   bsp_sdio.o
       288         50          0         16      33388      28662   command.o
       288          6          0          0          0       3626   diskio.o
     10918        144        186         10          0      32732   ff.o
       276         30          0          0          0       1747   flash_if.o
       468         78          0         24          0     310161   main.o
       224         20          0          0          0       1977   misc.o
        64         26        408          0       1536        880   startup_stm32f411xe.o
      1124         24          0          0          0      10650   stm32f4xx_adc.o
       936         32          0          0          0       6457   stm32f4xx_dma.o
       272         10          0          0          0       2423   stm32f4xx_exti.o
      1684         28          0          0          0       9314   stm32f4xx_flash.o
       660         44          0          0          0       4253   stm32f4xx_gpio.o
        22          0          0          0          0       1113   stm32f4xx_it.o
      1532         54          0         16          0      12537   stm32f4xx_rcc.o
       476         16          0          0          0       7544   stm32f4xx_sdio.o
       148         12          0          0          0       1917   stm32f4xx_syscfg.o
       500         44          0         20          0       2027   system_stm32f4xx.o
       128         12       1216          0          0       1653   unicode.o

    ----------------------------------------------------------------------
     29012       1046       1844        132      39160     475097   Object Totals
         0          0         32          0          0          0   (incl. Generated)
         6          0          2          3          4          0   (incl. Padding)

    ----------------------------------------------------------------------

      Code (inc. data)   RO Data    RW Data    ZI Data      Debug   Library Member Name

         8          0          0          0          0         68   __main.o
         0          0          0          0          0          0   __rtentry.o
        12          0          0          0          0          0   __rtentry2.o
         6          0          0          0          0          0   __rtentry4.o
        52          8          0          0          0          0   __scatter.o
        26          0          0          0          0          0   __scatter_copy.o
        28          0          0          0          0          0   __scatter_zi.o
        12          0          0          0          0         72   exit.o
         6          0          0          0          0        152   heapauxi.o
         0          0          0          0          0          0   indicate_semi.o
         2          0          0          0          0          0   libinit.o
         6          0          0          0          0          0   libinit2.o
         2          0          0          0          0          0   libshutdown.o
         2          0          0          0          0          0   libshutdown2.o
         8          4          0          0         96         68   libspace.o
        72          0          0          0          0         76   llsdiv.o
       238          0          0          0          0        100   lludivv7m.o
       138          0          0          0          0         68   rt_memcpy_v6.o
       100          0          0          0          0         80   rt_memcpy_w.o
         2          0          0          0          0          0   rtexit.o
        10          0          0          0          0          0   rtexit2.o
        12          4          0          0          0         68   sys_exit.o
        74          0          0          0          0         80   sys_stackheap_outer.o
         2          0          0          0          0         68   use_no_semi.o
       804         16          0          0          0        368   daddsub_clz.o
        24          0          0          0          0        116   dcmpi.o
        90          4          0          0          0        140   dfixu.o
        38          0          0          0          0        116   dflt_clz.o
       120          4          0          0          0        140   dleqf.o
       340         12          0          0          0        152   dmul.o
       156          4          0          0          0        140   dnaninf.o
        12          0          0          0          0        116   dretinf.o
       108          0          0          0          0        128   drleqf.o
        86          4          0          0          0        132   f2d.o
       140          4          0          0          0        132   fnaninf.o
        10          0          0          0          0        116   fpinit.o
         0          0          0          0          0          0   usenofp.o

    ----------------------------------------------------------------------
      2752         64          0          0        100       2696   Library Totals
         6          0          0          0          4          0   (incl. Padding)

    ----------------------------------------------------------------------

      Code (inc. data)   RO Data    RW Data    ZI Data      Debug   Library Name

       818         16          0          0         96        900   c_w.l
      1928         48          0          0          0       1796   fz_wm.l

    ----------------------------------------------------------------------
      2752         64          0          0        100       2696   Library Totals

    ----------------------------------------------------------------------

==============================================================================


      Code (inc. data)   RO Data    RW Data    ZI Data      Debug   

     31764       1110       1844        132      39260     470929   Grand Totals
     31764       1110       1844        132      39260     470929   ELF Image Totals
     31764       1110       1844        132          0          0   ROM Totals

==============================================================================

    Total RO  Size (Code + RO Data)                33608 (  32.82kB)
    Total RW  Size (RW Data + ZI Data)             39392 (  38.47kB)
    Total ROM Size (Code + RO Data + RW Data)      33740 (  32.95kB)

==============================================================================

