Component: ARM Compiler 5.05 update 1 (build 106) Tool: armlink [4d0efa]

==============================================================================

Section Cross References

    main.o(.text) refers to misc.o(.text) for NVIC_SetVectorTable
    main.o(.text) refers to bsp_gpio.o(.text) for bsp_BTPWRInit
    main.o(.text) refers to bsp_delay.o(.text) for ForDelay_nms
    main.o(.text) refers to stm32f4xx_gpio.o(.text) for GPIO_ResetBits
    main.o(.text) refers to bsp_usart.o(.text) for USART2_Init
    main.o(.text) refers to bsp_adc.o(.text) for bsp_AdcInit
    main.o(.text) refers to bsp_filesystem.o(.text) for bsp_FSInit
    main.o(.text) refers to bsp_rtc.o(.text) for RTC_Config
    main.o(.text) refers to queue.o(.text) for xQueueGenericCreate
    main.o(.text) refers to tasks.o(.text) for xTaskGenericCreate
    main.o(.text) refers to main.o(.data) for res
    main.o(.text) refers to system_stm32f4xx.o(.data) for SystemCoreClock
    main.o(.text) refers to task_hardwarecontrol.o(.text) for BSP_Task
    main.o(.text) refers to task_communicate_protocol.o(.text) for USART_L0_RXTask
    stm32f4xx_it.o(.text) refers to usb_dcd_int.o(.text) for USBD_OTG_ISR_Handler
    stm32f4xx_it.o(.text) refers to usb_bsp.o(.bss) for USB_OTG_Core
    task_communicate_protocol.o(.text) refers to tasks.o(.text) for xTaskGetTickCount
    task_communicate_protocol.o(.text) refers to rand.o(.text) for srand
    task_communicate_protocol.o(.text) refers to queue.o(.text) for xQueueGenericSend
    task_communicate_protocol.o(.text) refers to stm32f4xx_usart.o(.text) for USART_ITConfig
    task_communicate_protocol.o(.text) refers to bsp_delay.o(.text) for ForDelay_nms
    task_communicate_protocol.o(.text) refers to memcpya.o(.text) for __aeabi_memcpy
    task_communicate_protocol.o(.text) refers to task_hardwarecontrol.o(.text) for BT_Reset
    task_communicate_protocol.o(.text) refers to crypto.o(i.Crypto_DeInit) for Crypto_DeInit
    task_communicate_protocol.o(.text) refers to bsp_aesecb256.o(.text) for STM32_AES_ECB_Decrypt
    task_communicate_protocol.o(.text) refers to task_communicate_protocol.o(.constdata) for chCRCHTable
    task_communicate_protocol.o(.text) refers to task_communicate_protocol.o(.data) for L1_RxHeader
    task_communicate_protocol.o(.text) refers to main.o(.data) for L0_TxQue
    task_communicate_protocol.o(.text) refers to task_hardwarecontrol.o(.data) for SleepTime
    task_communicate_protocol.o(.text) refers to task_communicate_protocol.o(.bss) for L2_TxKeys
    task_communicate_protocol.o(.text) refers to bsp_aesecb256.o(.data) for Key
    task_communicate_protocol.o(.text) refers to bsp_filesystem.o(.data) for char_ManuName
    task_communicate_protocol.o(.text) refers to bsp_gpio.o(.text) for Ble_Discon
    task_communicate_protocol.o(.text) refers to bsp_filesystem.o(.text) for bsp_SysinfoSave
    task_communicate_protocol.o(.text) refers to bsp_adc.o(.data) for Battery_Level
    task_communicate_protocol.o(.text) refers to bsp_usart.o(.data) for STX_Received
    task_communicate_protocol.o(.data) refers to task_communicate_protocol.o(.bss) for L1_RxBuffer
    system_stm32f4xx.o(.text) refers to system_stm32f4xx.o(.data) for SystemCoreClock
    task_hardwarecontrol.o(.text) refers to bsp_gpio.o(.text) for Ble_Discon
    task_hardwarecontrol.o(.text) refers to bsp_delay.o(.text) for ForDelay_nms
    task_hardwarecontrol.o(.text) refers to bsp_usart.o(.text) for USART2_Init
    task_hardwarecontrol.o(.text) refers to stm32f4xx_rcc.o(.text) for RCC_AHB2PeriphResetCmd
    task_hardwarecontrol.o(.text) refers to stm32f4xx_gpio.o(.text) for GPIO_Init
    task_hardwarecontrol.o(.text) refers to stm32f4xx_usart.o(.text) for USART_Cmd
    task_hardwarecontrol.o(.text) refers to stm32f4xx_adc.o(.text) for ADC_Cmd
    task_hardwarecontrol.o(.text) refers to stm32f4xx_sdio.o(.text) for SDIO_DeInit
    task_hardwarecontrol.o(.text) refers to bsp_sdio.o(.text) for SDIO_Register_Deinit
    task_hardwarecontrol.o(.text) refers to stm32f4xx_tim.o(.text) for TIM_Cmd
    task_hardwarecontrol.o(.text) refers to stm32f4xx_dma.o(.text) for DMA_Cmd
    task_hardwarecontrol.o(.text) refers to stm32f4xx_syscfg.o(.text) for SYSCFG_EXTILineConfig
    task_hardwarecontrol.o(.text) refers to stm32f4xx_exti.o(.text) for EXTI_Init
    task_hardwarecontrol.o(.text) refers to misc.o(.text) for NVIC_Init
    task_hardwarecontrol.o(.text) refers to usbd_core.o(.text) for USBD_DeInit
    task_hardwarecontrol.o(.text) refers to stm32f4xx_pwr.o(.text) for PWR_EnterSTOPMode
    task_hardwarecontrol.o(.text) refers to system_stm32f4xx.o(.text) for SetSysClock
    task_hardwarecontrol.o(.text) refers to bsp_adc.o(.text) for bsp_AdcInit
    task_hardwarecontrol.o(.text) refers to bsp_usart.o(.data) for BT_IsReady
    task_hardwarecontrol.o(.text) refers to task_hardwarecontrol.o(.data) for BT_Machine
    task_hardwarecontrol.o(.text) refers to usb_bsp.o(.bss) for USB_OTG_Core
[...]
    f_puts                                   0x0804d7df   Thumb Code    74  ff.o(.text)
    f_printf                                 0x0804d829   Thumb Code   638  ff.o(.text)
    ff_convert                               0x0804daa9   Thumb Code    70  unicode.o(.text)
    ff_wtoupper                              0x0804daef   Thumb Code    46  unicode.o(.text)
    NVIC_PriorityGroupConfig                 0x0804db29   Thumb Code    10  misc.o(.text)
    NVIC_Init                                0x0804db33   Thumb Code   106  misc.o(.text)
    NVIC_SetVectorTable                      0x0804db9d   Thumb Code    14  misc.o(.text)
    NVIC_SystemLPConfig                      0x0804dbab   Thumb Code    34  misc.o(.text)
    SysTick_CLKSourceConfig                  0x0804dbcd   Thumb Code    40  misc.o(.text)
    ADC_DeInit                               0x0804dc09   Thumb Code    22  stm32f4xx_adc.o(.text)
    ADC_Init                                 0x0804dc1f   Thumb Code    74  stm32f4xx_adc.o(.text)
    ADC_StructInit                           0x0804dc69   Thumb Code    20  stm32f4xx_adc.o(.text)
    ADC_CommonInit                           0x0804dc7d   Thumb Code    34  stm32f4xx_adc.o(.text)
    ADC_CommonStructInit                     0x0804dc9f   Thumb Code    12  stm32f4xx_adc.o(.text)
    ADC_Cmd                                  0x0804dcab   Thumb Code    22  stm32f4xx_adc.o(.text)
    ADC_AnalogWatchdogCmd                    0x0804dcc1   Thumb Code    16  stm32f4xx_adc.o(.text)
    ADC_AnalogWatchdogThresholdsConfig       0x0804dcd1   Thumb Code     6  stm32f4xx_adc.o(.text)
    ADC_AnalogWatchdogSingleChannelConfig    0x0804dcd7   Thumb Code    16  stm32f4xx_adc.o(.text)
    ADC_TempSensorVrefintCmd                 0x0804dce7   Thumb Code    34  stm32f4xx_adc.o(.text)
    ADC_VBATCmd                              0x0804dd09   Thumb Code    34  stm32f4xx_adc.o(.text)
    ADC_RegularChannelConfig                 0x0804dd2b   Thumb Code   184  stm32f4xx_adc.o(.text)
    ADC_SoftwareStartConv                    0x0804dde3   Thumb Code    10  stm32f4xx_adc.o(.text)
    ADC_GetSoftwareStartConvStatus           0x0804dded   Thumb Code    20  stm32f4xx_adc.o(.text)
    ADC_EOCOnEachRegularChannelCmd           0x0804de01   Thumb Code    22  stm32f4xx_adc.o(.text)
    ADC_ContinuousModeCmd                    0x0804de17   Thumb Code    22  stm32f4xx_adc.o(.text)
    ADC_DiscModeChannelCountConfig           0x0804de2d   Thumb Code    24  stm32f4xx_adc.o(.text)
    ADC_DiscModeCmd                          0x0804de45   Thumb Code    22  stm32f4xx_adc.o(.text)
    ADC_GetConversionValue                   0x0804de5b   Thumb Code     8  stm32f4xx_adc.o(.text)
    ADC_GetMultiModeConversionValue          0x0804de63   Thumb Code     8  stm32f4xx_adc.o(.text)
    ADC_DMACmd                               0x0804de6b   Thumb Code    22  stm32f4xx_adc.o(.text)
    ADC_DMARequestAfterLastTransferCmd       0x0804de81   Thumb Code    22  stm32f4xx_adc.o(.text)
    ADC_MultiModeDMARequestAfterLastTransferCmd 0x0804de97   Thumb Code    34  stm32f4xx_adc.o(.text)
    ADC_InjectedChannelConfig                0x0804deb9   Thumb Code   130  stm32f4xx_adc.o(.text)
    ADC_InjectedSequencerLengthConfig        0x0804df3b   Thumb Code    24  stm32f4xx_adc.o(.text)
    ADC_SetInjectedOffset                    0x0804df53   Thumb Code    20  stm32f4xx_adc.o(.text)
    ADC_ExternalTrigInjectedConvConfig       0x0804df67   Thumb Code    16  stm32f4xx_adc.o(.text)
    ADC_ExternalTrigInjectedConvEdgeConfig   0x0804df77   Thumb Code    16  stm32f4xx_adc.o(.text)
    ADC_SoftwareStartInjectedConv            0x0804df87   Thumb Code    10  stm32f4xx_adc.o(.text)
    ADC_GetSoftwareStartInjectedConvCmdStatus 0x0804df91   Thumb Code    20  stm32f4xx_adc.o(.text)
    ADC_AutoInjectedConvCmd                  0x0804dfa5   Thumb Code    22  stm32f4xx_adc.o(.text)
    ADC_InjectedDiscModeCmd                  0x0804dfbb   Thumb Code    22  stm32f4xx_adc.o(.text)
    ADC_GetInjectedConversionValue           0x0804dfd1   Thumb Code    28  stm32f4xx_adc.o(.text)
    ADC_ITConfig                             0x0804dfed   Thumb Code    56  stm32f4xx_adc.o(.text)
    ADC_GetFlagStatus                        0x0804e025   Thumb Code    18  stm32f4xx_adc.o(.text)
    ADC_ClearFlag                            0x0804e037   Thumb Code     6  stm32f4xx_adc.o(.text)
    ADC_GetITStatus                          0x0804e03d   Thumb Code    38  stm32f4xx_adc.o(.text)
    ADC_ClearITPendingBit                    0x0804e063   Thumb Code    10  stm32f4xx_adc.o(.text)
    DMA_DeInit                               0x0804e06d   Thumb Code   324  stm32f4xx_dma.o(.text)
    DMA_Init                                 0x0804e1b1   Thumb Code    82  stm32f4xx_dma.o(.text)
    DMA_StructInit                           0x0804e203   Thumb Code    34  stm32f4xx_dma.o(.text)
    DMA_Cmd                                  0x0804e225   Thumb Code    22  stm32f4xx_dma.o(.text)
    DMA_PeriphIncOffsetSizeConfig            0x0804e23b   Thumb Code    22  stm32f4xx_dma.o(.text)
    DMA_FlowControllerConfig                 0x0804e251   Thumb Code    22  stm32f4xx_dma.o(.text)
    DMA_SetCurrDataCounter                   0x0804e267   Thumb Code     4  stm32f4xx_dma.o(.text)
    DMA_GetCurrDataCounter                   0x0804e26b   Thumb Code     8  stm32f4xx_dma.o(.text)
    DMA_DoubleBufferModeConfig               0x0804e273   Thumb Code    24  stm32f4xx_dma.o(.text)
    DMA_DoubleBufferModeCmd                  0x0804e28b   Thumb Code    22  stm32f4xx_dma.o(.text)
    DMA_MemoryTargetConfig                   0x0804e2a1   Thumb Code    10  stm32f4xx_dma.o(.text)
    DMA_GetCurrentMemoryTarget               0x0804e2ab   Thumb Code    20  stm32f4xx_dma.o(.text)
    DMA_GetCmdStatus                         0x0804e2bf   Thumb Code    20  stm32f4xx_dma.o(.text)
    DMA_GetFIFOStatus                        0x0804e2d3   Thumb Code    12  stm32f4xx_dma.o(.text)
    DMA_GetFlagStatus                        0x0804e2df   Thumb Code    56  stm32f4xx_dma.o(.text)
    DMA_ClearFlag                            0x0804e317   Thumb Code    40  stm32f4xx_dma.o(.text)
    DMA_ITConfig                             0x0804e33f   Thumb Code    58  stm32f4xx_dma.o(.text)
    DMA_GetITStatus                          0x0804e379   Thumb Code    84  stm32f4xx_dma.o(.text)
    DMA_ClearITPendingBit                    0x0804e3cd   Thumb Code    40  stm32f4xx_dma.o(.text)
    EXTI_DeInit                              0x0804e415   Thumb Code    28  stm32f4xx_exti.o(.text)
    EXTI_Init                                0x0804e431   Thumb Code   142  stm32f4xx_exti.o(.text)
    EXTI_StructInit                          0x0804e4bf   Thumb Code    16  stm32f4xx_exti.o(.text)
    EXTI_GenerateSWInterrupt                 0x0804e4cf   Thumb Code    16  stm32f4xx_exti.o(.text)
    EXTI_GetFlagStatus                       0x0804e4df   Thumb Code    22  stm32f4xx_exti.o(.text)
    EXTI_ClearFlag                           0x0804e4f5   Thumb Code     8  stm32f4xx_exti.o(.text)
    EXTI_GetITStatus                         0x0804e4fd   Thumb Code    22  stm32f4xx_exti.o(.text)
    EXTI_ClearITPendingBit                   0x0804e513   Thumb Code     8  stm32f4xx_exti.o(.text)
    FLASH_SetLatency                         0x0804e525   Thumb Code     6  stm32f4xx_flash.o(.text)
    FLASH_PrefetchBufferCmd                  0x0804e52b   Thumb Code    30  stm32f4xx_flash.o(.text)
    FLASH_InstructionCacheCmd                0x0804e549   Thumb Code    30  stm32f4xx_flash.o(.text)
    FLASH_DataCacheCmd                       0x0804e567   Thumb Code    30  stm32f4xx_flash.o(.text)
    FLASH_InstructionCacheReset              0x0804e585   Thumb Code    14  stm32f4xx_flash.o(.text)
    FLASH_DataCacheReset                     0x0804e593   Thumb Code    14  stm32f4xx_flash.o(.text)
    FLASH_Unlock                             0x0804e5a1   Thumb Code    26  stm32f4xx_flash.o(.text)
    FLASH_Lock                               0x0804e5bb   Thumb Code    18  stm32f4xx_flash.o(.text)
    FLASH_GetStatus                          0x0804e5cd   Thumb Code    90  stm32f4xx_flash.o(.text)
    FLASH_WaitForLastOperation               0x0804e627   Thumb Code    34  stm32f4xx_flash.o(.text)
    FLASH_EraseSector                        0x0804e649   Thumb Code   140  stm32f4xx_flash.o(.text)
    FLASH_EraseAllSectors                    0x0804e6d5   Thumb Code   112  stm32f4xx_flash.o(.text)
    FLASH_EraseAllBank1Sectors               0x0804e745   Thumb Code   112  stm32f4xx_flash.o(.text)
    FLASH_EraseAllBank2Sectors               0x0804e7b5   Thumb Code   112  stm32f4xx_flash.o(.text)
    FLASH_ProgramDoubleWord                  0x0804e825   Thumb Code    86  stm32f4xx_flash.o(.text)
    FLASH_ProgramWord                        0x0804e87b   Thumb Code    82  stm32f4xx_flash.o(.text)
    FLASH_ProgramHalfWord                    0x0804e8cd   Thumb Code    96  stm32f4xx_flash.o(.text)
    FLASH_ProgramByte                        0x0804e92d   Thumb Code    70  stm32f4xx_flash.o(.text)
    FLASH_OB_Unlock                          0x0804e973   Thumb Code    26  stm32f4xx_flash.o(.text)
    FLASH_OB_Lock                            0x0804e98d   Thumb Code    18  stm32f4xx_flash.o(.text)
    FLASH_OB_WRPConfig                       0x0804e99f   Thumb Code    54  stm32f4xx_flash.o(.text)
    FLASH_OB_WRP1Config                      0x0804e9d5   Thumb Code    54  stm32f4xx_flash.o(.text)
    FLASH_OB_PCROPSelectionConfig            0x0804ea0b   Thumb Code    24  stm32f4xx_flash.o(.text)
    FLASH_OB_PCROPConfig                     0x0804ea23   Thumb Code    54  stm32f4xx_flash.o(.text)
    FLASH_OB_PCROP1Config                    0x0804ea59   Thumb Code    54  stm32f4xx_flash.o(.text)
    FLASH_OB_RDPConfig                       0x0804ea8f   Thumb Code    24  stm32f4xx_flash.o(.text)
    FLASH_OB_UserConfig                      0x0804eaa7   Thumb Code    46  stm32f4xx_flash.o(.text)
    FLASH_OB_BootConfig                      0x0804ead5   Thumb Code    26  stm32f4xx_flash.o(.text)
    FLASH_OB_BORConfig                       0x0804eaef   Thumb Code    26  stm32f4xx_flash.o(.text)
    FLASH_OB_Launch                          0x0804eb09   Thumb Code    30  stm32f4xx_flash.o(.text)
    FLASH_OB_GetUser                         0x0804eb27   Thumb Code    12  stm32f4xx_flash.o(.text)
    FLASH_OB_GetWRP                          0x0804eb33   Thumb Code     8  stm32f4xx_flash.o(.text)
    FLASH_OB_GetWRP1                         0x0804eb3b   Thumb Code     8  stm32f4xx_flash.o(.text)
    FLASH_OB_GetPCROP                        0x0804eb43   Thumb Code     8  stm32f4xx_flash.o(.text)
    FLASH_OB_GetPCROP1                       0x0804eb4b   Thumb Code     8  stm32f4xx_flash.o(.text)
    FLASH_OB_GetRDP                          0x0804eb53   Thumb Code    20  stm32f4xx_flash.o(.text)
    FLASH_OB_GetBOR                          0x0804eb67   Thumb Code    12  stm32f4xx_flash.o(.text)
    FLASH_ITConfig                           0x0804eb73   Thumb Code    26  stm32f4xx_flash.o(.text)
    FLASH_GetFlagStatus                      0x0804eb8d   Thumb Code    22  stm32f4xx_flash.o(.text)
    FLASH_ClearFlag                          0x0804eba3   Thumb Code     8  stm32f4xx_flash.o(.text)
    GPIO_DeInit                              0x0804ebb9   Thumb Code   268  stm32f4xx_gpio.o(.text)
    GPIO_Init                                0x0804ecc5   Thumb Code   144  stm32f4xx_gpio.o(.text)
    GPIO_StructInit                          0x0804ed55   Thumb Code    18  stm32f4xx_gpio.o(.text)
    GPIO_PinLockConfig                       0x0804ed67   Thumb Code    34  stm32f4xx_gpio.o(.text)
    GPIO_ReadInputDataBit                    0x0804ed89   Thumb Code    18  stm32f4xx_gpio.o(.text)
    GPIO_ReadInputData                       0x0804ed9b   Thumb Code     8  stm32f4xx_gpio.o(.text)
    GPIO_ReadOutputDataBit                   0x0804eda3   Thumb Code    18  stm32f4xx_gpio.o(.text)
    GPIO_ReadOutputData                      0x0804edb5   Thumb Code     8  stm32f4xx_gpio.o(.text)
    GPIO_SetBits                             0x0804edbd   Thumb Code     4  stm32f4xx_gpio.o(.text)
    GPIO_ResetBits                           0x0804edc1   Thumb Code     4  stm32f4xx_gpio.o(.text)
    GPIO_WriteBit                            0x0804edc5   Thumb Code    10  stm32f4xx_gpio.o(.text)
    GPIO_Write                               0x0804edcf   Thumb Code     4  stm32f4xx_gpio.o(.text)
    GPIO_ToggleBits                          0x0804edd3   Thumb Code     8  stm32f4xx_gpio.o(.text)
    GPIO_PinAFConfig                         0x0804eddb   Thumb Code    70  stm32f4xx_gpio.o(.text)
    IWDG_WriteAccessCmd                      0x0804ee4d   Thumb Code     6  stm32f4xx_iwdg.o(.text)
    IWDG_SetPrescaler                        0x0804ee53   Thumb Code     6  stm32f4xx_iwdg.o(.text)
    IWDG_SetReload                           0x0804ee59   Thumb Code     6  stm32f4xx_iwdg.o(.text)
    IWDG_ReloadCounter                       0x0804ee5f   Thumb Code    10  stm32f4xx_iwdg.o(.text)
    IWDG_Enable                              0x0804ee69   Thumb Code    10  stm32f4xx_iwdg.o(.text)
    IWDG_GetFlagStatus                       0x0804ee73   Thumb Code    20  stm32f4xx_iwdg.o(.text)
    PWR_DeInit                               0x0804ee8d   Thumb Code    22  stm32f4xx_pwr.o(.text)
    PWR_BackupAccessCmd                      0x0804eea3   Thumb Code     6  stm32f4xx_pwr.o(.text)
    PWR_PVDLevelConfig                       0x0804eea9   Thumb Code    18  stm32f4xx_pwr.o(.text)
    PWR_PVDCmd                               0x0804eebb   Thumb Code     6  stm32f4xx_pwr.o(.text)
    PWR_WakeUpPinCmd                         0x0804eec1   Thumb Code     8  stm32f4xx_pwr.o(.text)
    PWR_BackupRegulatorCmd                   0x0804eec9   Thumb Code     8  stm32f4xx_pwr.o(.text)
    PWR_MainRegulatorModeConfig              0x0804eed1   Thumb Code    18  stm32f4xx_pwr.o(.text)
    PWR_OverDriveCmd                         0x0804eee3   Thumb Code     6  stm32f4xx_pwr.o(.text)
    PWR_OverDriveSWCmd                       0x0804eee9   Thumb Code     6  stm32f4xx_pwr.o(.text)
    PWR_UnderDriveCmd                        0x0804eeef   Thumb Code    30  stm32f4xx_pwr.o(.text)
    PWR_MainRegulatorLowVoltageCmd           0x0804ef0d   Thumb Code    18  stm32f4xx_pwr.o(.text)
    PWR_LowRegulatorLowVoltageCmd            0x0804ef1f   Thumb Code    18  stm32f4xx_pwr.o(.text)
    PWR_FlashPowerDownCmd                    0x0804ef31   Thumb Code     6  stm32f4xx_pwr.o(.text)
    PWR_EnterSTOPMode                        0x0804ef37   Thumb Code    58  stm32f4xx_pwr.o(.text)
    PWR_EnterUnderDriveSTOPMode              0x0804ef71   Thumb Code    58  stm32f4xx_pwr.o(.text)
    PWR_EnterSTANDBYMode                     0x0804efab   Thumb Code    32  stm32f4xx_pwr.o(.text)
    PWR_GetFlagStatus                        0x0804efcb   Thumb Code    20  stm32f4xx_pwr.o(.text)
    PWR_ClearFlag                            0x0804efdf   Thumb Code    14  stm32f4xx_pwr.o(.text)
    RCC_DeInit                               0x0804eff9   Thumb Code    82  stm32f4xx_rcc.o(.text)
    RCC_HSEConfig                            0x0804f04b   Thumb Code    14  stm32f4xx_rcc.o(.text)
    RCC_GetFlagStatus                        0x0804f059   Thumb Code    60  stm32f4xx_rcc.o(.text)
    RCC_WaitForHSEStartUp                    0x0804f095   Thumb Code    56  stm32f4xx_rcc.o(.text)
    RCC_AdjustHSICalibrationValue            0x0804f0cd   Thumb Code    20  stm32f4xx_rcc.o(.text)
    RCC_HSICmd                               0x0804f0e1   Thumb Code     6  stm32f4xx_rcc.o(.text)
    RCC_LSEConfig                            0x0804f0e7   Thumb Code    46  stm32f4xx_rcc.o(.text)
    RCC_LSICmd                               0x0804f115   Thumb Code     6  stm32f4xx_rcc.o(.text)
    RCC_PLLConfig                            0x0804f11b   Thumb Code    32  stm32f4xx_rcc.o(.text)
    RCC_PLLCmd                               0x0804f13b   Thumb Code     6  stm32f4xx_rcc.o(.text)
    RCC_PLLI2SConfig                         0x0804f141   Thumb Code    18  stm32f4xx_rcc.o(.text)
    RCC_PLLI2SCmd                            0x0804f153   Thumb Code     6  stm32f4xx_rcc.o(.text)
    RCC_PLLSAIConfig                         0x0804f159   Thumb Code    20  stm32f4xx_rcc.o(.text)
    RCC_PLLSAICmd                            0x0804f16d   Thumb Code     6  stm32f4xx_rcc.o(.text)
    RCC_ClockSecuritySystemCmd               0x0804f173   Thumb Code     6  stm32f4xx_rcc.o(.text)
    RCC_MCO1Config                           0x0804f179   Thumb Code    28  stm32f4xx_rcc.o(.text)
    RCC_MCO2Config                           0x0804f195   Thumb Code    28  stm32f4xx_rcc.o(.text)
    RCC_SYSCLKConfig                         0x0804f1b1   Thumb Code    20  stm32f4xx_rcc.o(.text)
    RCC_GetSYSCLKSource                      0x0804f1c5   Thumb Code    12  stm32f4xx_rcc.o(.text)
    RCC_HCLKConfig                           0x0804f1d1   Thumb Code    20  stm32f4xx_rcc.o(.text)
    RCC_PCLK1Config                          0x0804f1e5   Thumb Code    20  stm32f4xx_rcc.o(.text)
    RCC_PCLK2Config                          0x0804f1f9   Thumb Code    22  stm32f4xx_rcc.o(.text)
    RCC_GetClocksFreq                        0x0804f20f   Thumb Code   222  stm32f4xx_rcc.o(.text)
    RCC_RTCCLKConfig                         0x0804f2ed   Thumb Code    54  stm32f4xx_rcc.o(.text)
    RCC_RTCCLKCmd                            0x0804f323   Thumb Code     8  stm32f4xx_rcc.o(.text)
    RCC_BackupResetCmd                       0x0804f32b   Thumb Code     8  stm32f4xx_rcc.o(.text)
    RCC_I2SCLKConfig                         0x0804f333   Thumb Code     6  stm32f4xx_rcc.o(.text)
    RCC_SAIBlockACLKConfig                   0x0804f339   Thumb Code    20  stm32f4xx_rcc.o(.text)
    RCC_SAIBlockBCLKConfig                   0x0804f34d   Thumb Code    20  stm32f4xx_rcc.o(.text)
    RCC_SAIPLLI2SClkDivConfig                0x0804f361   Thumb Code    26  stm32f4xx_rcc.o(.text)
    RCC_SAIPLLSAIClkDivConfig                0x0804f37b   Thumb Code    28  stm32f4xx_rcc.o(.text)
    RCC_LTDCCLKDivConfig                     0x0804f397   Thumb Code    20  stm32f4xx_rcc.o(.text)
    RCC_TIMCLKPresConfig                     0x0804f3ab   Thumb Code     6  stm32f4xx_rcc.o(.text)
    RCC_AHB1PeriphClockCmd                   0x0804f3b1   Thumb Code    34  stm32f4xx_rcc.o(.text)
    RCC_AHB2PeriphClockCmd                   0x0804f3d3   Thumb Code    78  stm32f4xx_rcc.o(.text)
    RCC_APB1PeriphClockCmd                   0x0804f421   Thumb Code    34  stm32f4xx_rcc.o(.text)
    RCC_APB2PeriphClockCmd                   0x0804f443   Thumb Code    34  stm32f4xx_rcc.o(.text)
    RCC_AHB1PeriphResetCmd                   0x0804f465   Thumb Code    34  stm32f4xx_rcc.o(.text)
    RCC_AHB2PeriphResetCmd                   0x0804f487   Thumb Code    34  stm32f4xx_rcc.o(.text)
    RCC_APB1PeriphResetCmd                   0x0804f4a9   Thumb Code    34  stm32f4xx_rcc.o(.text)
    RCC_APB2PeriphResetCmd                   0x0804f4cb   Thumb Code    34  stm32f4xx_rcc.o(.text)
    RCC_AHB1PeriphClockLPModeCmd             0x0804f4ed   Thumb Code    34  stm32f4xx_rcc.o(.text)
    RCC_AHB2PeriphClockLPModeCmd             0x0804f50f   Thumb Code    34  stm32f4xx_rcc.o(.text)
    RCC_APB1PeriphClockLPModeCmd             0x0804f531   Thumb Code    34  stm32f4xx_rcc.o(.text)
    RCC_APB2PeriphClockLPModeCmd             0x0804f553   Thumb Code    34  stm32f4xx_rcc.o(.text)
    RCC_LSEModeConfig                        0x0804f575   Thumb Code    40  stm32f4xx_rcc.o(.text)
    RCC_ITConfig                             0x0804f59d   Thumb Code    34  stm32f4xx_rcc.o(.text)
    RCC_ClearFlag                            0x0804f5bf   Thumb Code    18  stm32f4xx_rcc.o(.text)
    RCC_GetITStatus                          0x0804f5d1   Thumb Code    22  stm32f4xx_rcc.o(.text)
    RCC_ClearITPendingBit                    0x0804f5e7   Thumb Code     8  stm32f4xx_rcc.o(.text)
    RTC_WaitForSynchro                       0x0804f5f5   Thumb Code    92  stm32f4xx_rtc.o(.text)
    RTC_EnterInitMode                        0x0804f651   Thumb Code    84  stm32f4xx_rtc.o(.text)
    RTC_DeInit                               0x0804f6a5   Thumb Code   204  stm32f4xx_rtc.o(.text)
    RTC_ExitInitMode                         0x0804f771   Thumb Code    18  stm32f4xx_rtc.o(.text)
    RTC_Init                                 0x0804f783   Thumb Code    94  stm32f4xx_rtc.o(.text)
    RTC_StructInit                           0x0804f7e1   Thumb Code    14  stm32f4xx_rtc.o(.text)
    RTC_WriteProtectionCmd                   0x0804f7ef   Thumb Code    22  stm32f4xx_rtc.o(.text)
    RTC_RefClockCmd                          0x0804f805   Thumb Code    76  stm32f4xx_rtc.o(.text)
    RTC_BypassShadowCmd                      0x0804f851   Thumb Code    54  stm32f4xx_rtc.o(.text)
    RTC_SetTime                              0x0804f8b9   Thumb Code   200  stm32f4xx_rtc.o(.text)
    RTC_TimeStructInit                       0x0804f981   Thumb Code    12  stm32f4xx_rtc.o(.text)
    RTC_GetTime                              0x0804f98d   Thumb Code    74  stm32f4xx_rtc.o(.text)
    RTC_GetSubSecond                         0x0804f9d7   Thumb Code    30  stm32f4xx_rtc.o(.text)
    RTC_SetDate                              0x0804f9f5   Thumb Code   190  stm32f4xx_rtc.o(.text)
    RTC_DateStructInit                       0x0804fab3   Thumb Code    14  stm32f4xx_rtc.o(.text)
    RTC_GetDate                              0x0804fac1   Thumb Code    70  stm32f4xx_rtc.o(.text)
    RTC_SetAlarm                             0x0804fb07   Thumb Code   230  stm32f4xx_rtc.o(.text)
    RTC_AlarmStructInit                      0x0804fbed   Thumb Code    22  stm32f4xx_rtc.o(.text)
    RTC_GetAlarm                             0x0804fc03   Thumb Code   114  stm32f4xx_rtc.o(.text)
    RTC_AlarmCmd                             0x0804fc75   Thumb Code   112  stm32f4xx_rtc.o(.text)
    RTC_AlarmSubSecondConfig                 0x0804fce5   Thumb Code    46  stm32f4xx_rtc.o(.text)
    RTC_GetAlarmSubSecond                    0x0804fd13   Thumb Code    34  stm32f4xx_rtc.o(.text)
    RTC_WakeUpClockConfig                    0x0804fd35   Thumb Code    42  stm32f4xx_rtc.o(.text)
    RTC_SetWakeUpCounter                     0x0804fd5f   Thumb Code    22  stm32f4xx_rtc.o(.text)
    RTC_GetWakeUpCounter                     0x0804fd75   Thumb Code    10  stm32f4xx_rtc.o(.text)
    RTC_WakeUpCmd                            0x0804fd7f   Thumb Code   116  stm32f4xx_rtc.o(.text)
    RTC_DayLightSavingConfig                 0x0804fdf3   Thumb Code    50  stm32f4xx_rtc.o(.text)
    RTC_GetStoreOperation                    0x0804fe25   Thumb Code    12  stm32f4xx_rtc.o(.text)
    RTC_OutputConfig                         0x0804fe31   Thumb Code    60  stm32f4xx_rtc.o(.text)
    RTC_CoarseCalibConfig                    0x0804fe6d   Thumb Code    52  stm32f4xx_rtc.o(.text)
    RTC_CoarseCalibCmd                       0x0804fea1   Thumb Code    76  stm32f4xx_rtc.o(.text)
    RTC_CalibOutputCmd                       0x0804feed   Thumb Code    54  stm32f4xx_rtc.o(.text)
    RTC_CalibOutputConfig                    0x0804ff23   Thumb Code    42  stm32f4xx_rtc.o(.text)
    RTC_SmoothCalibConfig                    0x0804ff4d   Thumb Code    90  stm32f4xx_rtc.o(.text)
    RTC_TimeStampCmd                         0x0804ffa7   Thumb Code    54  stm32f4xx_rtc.o(.text)
    RTC_GetTimeStamp                         0x0804ffdd   Thumb Code   144  stm32f4xx_rtc.o(.text)
    RTC_GetTimeStampSubSecond                0x0805006d   Thumb Code     8  stm32f4xx_rtc.o(.text)
    RTC_TamperTriggerConfig                  0x08050075   Thumb Code    38  stm32f4xx_rtc.o(.text)
    RTC_TamperCmd                            0x0805009b   Thumb Code    34  stm32f4xx_rtc.o(.text)
    RTC_TamperFilterConfig                   0x080500bd   Thumb Code    26  stm32f4xx_rtc.o(.text)
    RTC_TamperSamplingFreqConfig             0x080500d7   Thumb Code    26  stm32f4xx_rtc.o(.text)
    RTC_TamperPinsPrechargeDuration          0x080500f1   Thumb Code    26  stm32f4xx_rtc.o(.text)
    RTC_TimeStampOnTamperDetectionCmd        0x0805010b   Thumb Code    38  stm32f4xx_rtc.o(.text)
    RTC_TamperPullUpCmd                      0x08050131   Thumb Code    38  stm32f4xx_rtc.o(.text)
    RTC_WriteBackupRegister                  0x08050157   Thumb Code    26  stm32f4xx_rtc.o(.text)
    RTC_ReadBackupRegister                   0x08050171   Thumb Code    28  stm32f4xx_rtc.o(.text)
    RTC_TamperPinSelection                   0x0805018d   Thumb Code    26  stm32f4xx_rtc.o(.text)
    RTC_TimeStampPinSelection                0x080501a7   Thumb Code    26  stm32f4xx_rtc.o(.text)
    RTC_OutputTypeConfig                     0x080501c1   Thumb Code    26  stm32f4xx_rtc.o(.text)
    RTC_SynchroShiftConfig                   0x080501db   Thumb Code   130  stm32f4xx_rtc.o(.text)
    RTC_ITConfig                             0x0805025d   Thumb Code    94  stm32f4xx_rtc.o(.text)
    RTC_GetFlagStatus                        0x080502bb   Thumb Code    34  stm32f4xx_rtc.o(.text)
    RTC_ClearFlag                            0x080502dd   Thumb Code    28  stm32f4xx_rtc.o(.text)
    RTC_GetITStatus                          0x080502f9   Thumb Code    60  stm32f4xx_rtc.o(.text)
    RTC_ClearITPendingBit                    0x08050335   Thumb Code    32  stm32f4xx_rtc.o(.text)
    SDIO_DeInit                              0x0805035d   Thumb Code    22  stm32f4xx_sdio.o(.text)
    SDIO_Init                                0x08050373   Thumb Code    42  stm32f4xx_sdio.o(.text)
    SDIO_StructInit                          0x0805039d   Thumb Code    16  stm32f4xx_sdio.o(.text)
    SDIO_ClockCmd                            0x080503ad   Thumb Code     6  stm32f4xx_sdio.o(.text)
    SDIO_SetPowerState                       0x080503b3   Thumb Code     8  stm32f4xx_sdio.o(.text)
    SDIO_GetPowerState                       0x080503bb   Thumb Code    12  stm32f4xx_sdio.o(.text)
    SDIO_SendCommand                         0x080503c7   Thumb Code    42  stm32f4xx_sdio.o(.text)
    SDIO_CmdStructInit                       0x080503f1   Thumb Code    14  stm32f4xx_sdio.o(.text)
    SDIO_GetCommandResponse                  0x080503ff   Thumb Code    10  stm32f4xx_sdio.o(.text)
    SDIO_GetResponse                         0x08050409   Thumb Code    22  stm32f4xx_sdio.o(.text)
    SDIO_DataConfig                          0x0805041f   Thumb Code    48  stm32f4xx_sdio.o(.text)
    SDIO_DataStructInit                      0x0805044f   Thumb Code    20  stm32f4xx_sdio.o(.text)
    SDIO_GetDataCounter                      0x08050463   Thumb Code     8  stm32f4xx_sdio.o(.text)
    SDIO_ReadData                            0x0805046b   Thumb Code     8  stm32f4xx_sdio.o(.text)
    SDIO_WriteData                           0x08050473   Thumb Code     8  stm32f4xx_sdio.o(.text)
    SDIO_GetFIFOCount                        0x0805047b   Thumb Code     8  stm32f4xx_sdio.o(.text)
    SDIO_StartSDIOReadWait                   0x08050483   Thumb Code     6  stm32f4xx_sdio.o(.text)
    SDIO_StopSDIOReadWait                    0x08050489   Thumb Code     8  stm32f4xx_sdio.o(.text)
    SDIO_SetSDIOReadWaitMode                 0x08050491   Thumb Code     8  stm32f4xx_sdio.o(.text)
    SDIO_SetSDIOOperation                    0x08050499   Thumb Code     8  stm32f4xx_sdio.o(.text)
    SDIO_SendSDIOSuspendCmd                  0x080504a1   Thumb Code     6  stm32f4xx_sdio.o(.text)
    SDIO_CommandCompletionCmd                0x080504a7   Thumb Code     8  stm32f4xx_sdio.o(.text)
    SDIO_CEATAITCmd                          0x080504af   Thumb Code    12  stm32f4xx_sdio.o(.text)
    SDIO_SendCEATACmd                        0x080504bb   Thumb Code     8  stm32f4xx_sdio.o(.text)
    SDIO_DMACmd                              0x080504c3   Thumb Code     8  stm32f4xx_sdio.o(.text)
    SDIO_ITConfig                            0x080504cb   Thumb Code    34  stm32f4xx_sdio.o(.text)
    SDIO_GetFlagStatus                       0x080504ed   Thumb Code    22  stm32f4xx_sdio.o(.text)
    SDIO_ClearFlag                           0x08050503   Thumb Code     8  stm32f4xx_sdio.o(.text)
    SDIO_GetITStatus                         0x0805050b   Thumb Code    22  stm32f4xx_sdio.o(.text)
    SDIO_ClearITPendingBit                   0x08050521   Thumb Code     8  stm32f4xx_sdio.o(.text)
    SYSCFG_DeInit                            0x08050539   Thumb Code    22  stm32f4xx_syscfg.o(.text)
    SYSCFG_MemoryRemapConfig                 0x0805054f   Thumb Code     6  stm32f4xx_syscfg.o(.text)
    SYSCFG_MemorySwappingBank                0x08050555   Thumb Code     6  stm32f4xx_syscfg.o(.text)
    SYSCFG_EXTILineConfig                    0x0805055b   Thumb Code    66  stm32f4xx_syscfg.o(.text)
    SYSCFG_ETH_MediaInterfaceConfig          0x0805059d   Thumb Code     8  stm32f4xx_syscfg.o(.text)
    SYSCFG_CompensationCellCmd               0x080505a5   Thumb Code     6  stm32f4xx_syscfg.o(.text)
    SYSCFG_GetCompensationCellStatus         0x080505ab   Thumb Code    22  stm32f4xx_syscfg.o(.text)
    TIM_DeInit                               0x080505cd   Thumb Code   346  stm32f4xx_tim.o(.text)
    TIM_TimeBaseInit                         0x08050727   Thumb Code   104  stm32f4xx_tim.o(.text)
    TIM_TimeBaseStructInit                   0x0805078f   Thumb Code    18  stm32f4xx_tim.o(.text)
    TIM_PrescalerConfig                      0x080507a1   Thumb Code     6  stm32f4xx_tim.o(.text)
    TIM_CounterModeConfig                    0x080507a7   Thumb Code    18  stm32f4xx_tim.o(.text)
    TIM_SetCounter                           0x080507b9   Thumb Code     4  stm32f4xx_tim.o(.text)
    TIM_SetAutoreload                        0x080507bd   Thumb Code     4  stm32f4xx_tim.o(.text)
    TIM_GetCounter                           0x080507c1   Thumb Code     6  stm32f4xx_tim.o(.text)
    TIM_GetPrescaler                         0x080507c7   Thumb Code     6  stm32f4xx_tim.o(.text)
    TIM_UpdateDisableConfig                  0x080507cd   Thumb Code    24  stm32f4xx_tim.o(.text)
    TIM_UpdateRequestConfig                  0x080507e5   Thumb Code    24  stm32f4xx_tim.o(.text)
    TIM_ARRPreloadConfig                     0x080507fd   Thumb Code    24  stm32f4xx_tim.o(.text)
    TIM_SelectOnePulseMode                   0x08050815   Thumb Code    18  stm32f4xx_tim.o(.text)
    TIM_SetClockDivision                     0x08050827   Thumb Code    18  stm32f4xx_tim.o(.text)
    TIM_Cmd                                  0x08050839   Thumb Code    24  stm32f4xx_tim.o(.text)
    TIM_OC1Init                              0x08050851   Thumb Code   114  stm32f4xx_tim.o(.text)
    TIM_OC2Init                              0x080508c3   Thumb Code   154  stm32f4xx_tim.o(.text)
    TIM_OC3Init                              0x0805095d   Thumb Code   204  stm32f4xx_tim.o(.text)
    TIM_OC4Init                              0x08050a29   Thumb Code   112  stm32f4xx_tim.o(.text)
    TIM_OCStructInit                         0x08050a99   Thumb Code    20  stm32f4xx_tim.o(.text)
    TIM_SelectOCxM                           0x08050aad   Thumb Code    86  stm32f4xx_tim.o(.text)
    TIM_SetCompare1                          0x08050b03   Thumb Code     4  stm32f4xx_tim.o(.text)
    TIM_SetCompare2                          0x08050b07   Thumb Code     4  stm32f4xx_tim.o(.text)
    TIM_SetCompare3                          0x08050b0b   Thumb Code     4  stm32f4xx_tim.o(.text)
    TIM_SetCompare4                          0x08050b0f   Thumb Code     4  stm32f4xx_tim.o(.text)
    TIM_ForcedOC1Config                      0x08050b13   Thumb Code    18  stm32f4xx_tim.o(.text)
    TIM_ForcedOC2Config                      0x08050b25   Thumb Code    26  stm32f4xx_tim.o(.text)
    TIM_ForcedOC3Config                      0x08050b3f   Thumb Code    18  stm32f4xx_tim.o(.text)
    TIM_ForcedOC4Config                      0x08050b51   Thumb Code    26  stm32f4xx_tim.o(.text)
    TIM_OC1PreloadConfig                     0x08050b6b   Thumb Code    18  stm32f4xx_tim.o(.text)
    TIM_OC2PreloadConfig                     0x08050b7d   Thumb Code    26  stm32f4xx_tim.o(.text)
    TIM_OC3PreloadConfig                     0x08050b97   Thumb Code    18  stm32f4xx_tim.o(.text)
    TIM_OC4PreloadConfig                     0x08050ba9   Thumb Code    26  stm32f4xx_tim.o(.text)
    TIM_OC1FastConfig                        0x08050bc3   Thumb Code    18  stm32f4xx_tim.o(.text)
    TIM_OC2FastConfig                        0x08050bd5   Thumb Code    26  stm32f4xx_tim.o(.text)
    TIM_OC3FastConfig                        0x08050bef   Thumb Code    18  stm32f4xx_tim.o(.text)
    TIM_OC4FastConfig                        0x08050c01   Thumb Code    26  stm32f4xx_tim.o(.text)
    TIM_ClearOC1Ref                          0x08050c1b   Thumb Code    18  stm32f4xx_tim.o(.text)
    TIM_ClearOC2Ref                          0x08050c2d   Thumb Code    24  stm32f4xx_tim.o(.text)
    TIM_ClearOC3Ref                          0x08050c45   Thumb Code    18  stm32f4xx_tim.o(.text)
    TIM_ClearOC4Ref                          0x08050c57   Thumb Code    24  stm32f4xx_tim.o(.text)
    TIM_OC1PolarityConfig                    0x08050c6f   Thumb Code    18  stm32f4xx_tim.o(.text)
    TIM_OC1NPolarityConfig                   0x08050c81   Thumb Code    18  stm32f4xx_tim.o(.text)
    TIM_OC2PolarityConfig                    0x08050c93   Thumb Code    26  stm32f4xx_tim.o(.text)
    TIM_OC2NPolarityConfig                   0x08050cad   Thumb Code    26  stm32f4xx_tim.o(.text)
    TIM_OC3PolarityConfig                    0x08050cc7   Thumb Code    26  stm32f4xx_tim.o(.text)
    TIM_OC3NPolarityConfig                   0x08050ce1   Thumb Code    26  stm32f4xx_tim.o(.text)
    TIM_OC4PolarityConfig                    0x08050cfb   Thumb Code    26  stm32f4xx_tim.o(.text)
    TIM_CCxCmd                               0x08050d15   Thumb Code    30  stm32f4xx_tim.o(.text)
    TIM_CCxNCmd                              0x08050d33   Thumb Code    30  stm32f4xx_tim.o(.text)
    TIM_SetIC4Prescaler                      0x08050d51   Thumb Code    26  stm32f4xx_tim.o(.text)
    TIM_SetIC3Prescaler                      0x08050dbb   Thumb Code    18  stm32f4xx_tim.o(.text)
    TIM_SetIC2Prescaler                      0x08050e15   Thumb Code    26  stm32f4xx_tim.o(.text)
    TIM_SetIC1Prescaler                      0x08050e89   Thumb Code    18  stm32f4xx_tim.o(.text)
    TIM_ICInit                               0x08050ed5   Thumb Code   110  stm32f4xx_tim.o(.text)
    TIM_ICStructInit                         0x08050f43   Thumb Code    18  stm32f4xx_tim.o(.text)
    TIM_PWMIConfig                           0x08050f55   Thumb Code   124  stm32f4xx_tim.o(.text)
    TIM_GetCapture1                          0x08050fd1   Thumb Code     6  stm32f4xx_tim.o(.text)
    TIM_GetCapture2                          0x08050fd7   Thumb Code     6  stm32f4xx_tim.o(.text)
    TIM_GetCapture3                          0x08050fdd   Thumb Code     6  stm32f4xx_tim.o(.text)
    TIM_GetCapture4                          0x08050fe3   Thumb Code     6  stm32f4xx_tim.o(.text)
    TIM_BDTRConfig                           0x08050fe9   Thumb Code    32  stm32f4xx_tim.o(.text)
    TIM_BDTRStructInit                       0x08051009   Thumb Code    18  stm32f4xx_tim.o(.text)
    TIM_CtrlPWMOutputs                       0x0805101b   Thumb Code    30  stm32f4xx_tim.o(.text)
    TIM_SelectCOM                            0x08051039   Thumb Code    24  stm32f4xx_tim.o(.text)
    TIM_CCPreloadControl                     0x08051051   Thumb Code    24  stm32f4xx_tim.o(.text)
    TIM_ITConfig                             0x08051069   Thumb Code    18  stm32f4xx_tim.o(.text)
    TIM_GenerateEvent                        0x0805107b   Thumb Code     4  stm32f4xx_tim.o(.text)
    TIM_GetFlagStatus                        0x0805107f   Thumb Code    18  stm32f4xx_tim.o(.text)
    TIM_ClearFlag                            0x08051091   Thumb Code     6  stm32f4xx_tim.o(.text)
    TIM_GetITStatus                          0x08051097   Thumb Code    34  stm32f4xx_tim.o(.text)
    TIM_ClearITPendingBit                    0x080510b9   Thumb Code     6  stm32f4xx_tim.o(.text)
    TIM_DMAConfig                            0x080510bf   Thumb Code    10  stm32f4xx_tim.o(.text)
    TIM_DMACmd                               0x080510c9   Thumb Code    18  stm32f4xx_tim.o(.text)
    TIM_SelectCCDMA                          0x080510db   Thumb Code    24  stm32f4xx_tim.o(.text)
    TIM_InternalClockConfig                  0x080510f3   Thumb Code    12  stm32f4xx_tim.o(.text)
    TIM_SelectInputTrigger                   0x080510ff   Thumb Code    18  stm32f4xx_tim.o(.text)
    TIM_ITRxExternalClockConfig              0x08051111   Thumb Code    24  stm32f4xx_tim.o(.text)
    TIM_TIxExternalClockConfig               0x08051129   Thumb Code    62  stm32f4xx_tim.o(.text)
    TIM_ETRConfig                            0x08051167   Thumb Code    28  stm32f4xx_tim.o(.text)
    TIM_ETRClockMode1Config                  0x08051183   Thumb Code    54  stm32f4xx_tim.o(.text)
    TIM_ETRClockMode2Config                  0x080511b9   Thumb Code    32  stm32f4xx_tim.o(.text)
    TIM_SelectOutputTrigger                  0x080511d9   Thumb Code    18  stm32f4xx_tim.o(.text)
    TIM_SelectSlaveMode                      0x080511eb   Thumb Code    18  stm32f4xx_tim.o(.text)
    TIM_SelectMasterSlaveMode                0x080511fd   Thumb Code    18  stm32f4xx_tim.o(.text)
    TIM_EncoderInterfaceConfig               0x0805120f   Thumb Code    66  stm32f4xx_tim.o(.text)
    TIM_SelectHallSensor                     0x08051251   Thumb Code    24  stm32f4xx_tim.o(.text)
    TIM_RemapConfig                          0x08051269   Thumb Code     6  stm32f4xx_tim.o(.text)
    USART_DeInit                             0x08051271   Thumb Code   206  stm32f4xx_usart.o(.text)
    USART_Init                               0x0805133f   Thumb Code   204  stm32f4xx_usart.o(.text)
    USART_StructInit                         0x0805140b   Thumb Code    24  stm32f4xx_usart.o(.text)
    USART_ClockInit                          0x08051423   Thumb Code    32  stm32f4xx_usart.o(.text)
    USART_ClockStructInit                    0x08051443   Thumb Code    12  stm32f4xx_usart.o(.text)
    USART_Cmd                                0x0805144f   Thumb Code    24  stm32f4xx_usart.o(.text)
    USART_SetPrescaler                       0x08051467   Thumb Code    16  stm32f4xx_usart.o(.text)
    USART_OverSampling8Cmd                   0x08051477   Thumb Code    22  stm32f4xx_usart.o(.text)
    USART_OneBitMethodCmd                    0x0805148d   Thumb Code    24  stm32f4xx_usart.o(.text)
    USART_SendData                           0x080514a5   Thumb Code     8  stm32f4xx_usart.o(.text)
    USART_ReceiveData                        0x080514ad   Thumb Code    10  stm32f4xx_usart.o(.text)
    USART_SetAddress                         0x080514b7   Thumb Code    18  stm32f4xx_usart.o(.text)
    USART_ReceiverWakeUpCmd                  0x080514c9   Thumb Code    24  stm32f4xx_usart.o(.text)
    USART_WakeUpConfig                       0x080514e1   Thumb Code    18  stm32f4xx_usart.o(.text)
    USART_LINBreakDetectLengthConfig         0x080514f3   Thumb Code    18  stm32f4xx_usart.o(.text)
    USART_LINCmd                             0x08051505   Thumb Code    24  stm32f4xx_usart.o(.text)
    USART_SendBreak                          0x0805151d   Thumb Code    10  stm32f4xx_usart.o(.text)
    USART_HalfDuplexCmd                      0x08051527   Thumb Code    24  stm32f4xx_usart.o(.text)
    USART_SetGuardTime                       0x0805153f   Thumb Code    16  stm32f4xx_usart.o(.text)
    USART_SmartCardCmd                       0x0805154f   Thumb Code    24  stm32f4xx_usart.o(.text)
    USART_SmartCardNACKCmd                   0x08051567   Thumb Code    24  stm32f4xx_usart.o(.text)
    USART_IrDAConfig                         0x0805157f   Thumb Code    18  stm32f4xx_usart.o(.text)
    USART_IrDACmd                            0x08051591   Thumb Code    24  stm32f4xx_usart.o(.text)
    USART_DMACmd                             0x080515a9   Thumb Code    18  stm32f4xx_usart.o(.text)
    USART_ITConfig                           0x080515bb   Thumb Code    74  stm32f4xx_usart.o(.text)
    USART_GetFlagStatus                      0x08051605   Thumb Code    26  stm32f4xx_usart.o(.text)
    USART_ClearFlag                          0x0805161f   Thumb Code    18  stm32f4xx_usart.o(.text)
    USART_GetITStatus                        0x08051631   Thumb Code   118  stm32f4xx_usart.o(.text)
    USART_ClearITPendingBit                  0x080516a7   Thumb Code    30  stm32f4xx_usart.o(.text)
    __aeabi_ldivmod                          0x080516c5   Thumb Code    98  ldiv.o(.text)
    rand                                     0x08051729   Thumb Code    20  rand.o(.text)
    srand                                    0x0805173d   Thumb Code     6  rand.o(.text)
    __aeabi_memcpy                           0x0805174d   Thumb Code    36  memcpya.o(.text)
    __aeabi_memcpy4                          0x0805174d   Thumb Code     0  memcpya.o(.text)
    __aeabi_memcpy8                          0x0805174d   Thumb Code     0  memcpya.o(.text)
    __aeabi_memset                           0x08051771   Thumb Code    14  memseta.o(.text)
    __aeabi_memset4                          0x08051771   Thumb Code     0  memseta.o(.text)
    __aeabi_memset8                          0x08051771   Thumb Code     0  memseta.o(.text)
    __aeabi_memclr                           0x0805177f   Thumb Code     4  memseta.o(.text)
    __aeabi_memclr4                          0x0805177f   Thumb Code     0  memseta.o(.text)
    __aeabi_memclr8                          0x0805177f   Thumb Code     0  memseta.o(.text)
    _memset$wrapper                          0x08051783   Thumb Code    18  memseta.o(.text)
    __aeabi_dadd                             0x08051795   Thumb Code   322  dadd.o(.text)
    __aeabi_dsub                             0x080518d7   Thumb Code     6  dadd.o(.text)
    __aeabi_drsub                            0x080518dd   Thumb Code     6  dadd.o(.text)
    __aeabi_dmul                             0x080518e3   Thumb Code   228  dmul.o(.text)
    __aeabi_ddiv                             0x080519c7   Thumb Code   222  ddiv.o(.text)
    __aeabi_ui2d                             0x08051aa5   Thumb Code    26  dfltui.o(.text)
    __aeabi_d2uiz                            0x08051abf   Thumb Code    50  dfixui.o(.text)
    __aeabi_f2d                              0x08051af1   Thumb Code    38  f2d.o(.text)
    __aeabi_cdrcmple                         0x08051b19   Thumb Code    48  cdrcmple.o(.text)
    __aeabi_d2f                              0x08051b49   Thumb Code    56  d2f.o(.text)
    __aeabi_uldivmod                         0x08051b81   Thumb Code    98  uldiv.o(.text)
    __aeabi_llsl                             0x08051be3   Thumb Code    30  llshl.o(.text)
    _ll_shift_l                              0x08051be3   Thumb Code     0  llshl.o(.text)
    __aeabi_llsr                             0x08051c01   Thumb Code    32  llushr.o(.text)
    _ll_ushift_r                             0x08051c01   Thumb Code     0  llushr.o(.text)
    __aeabi_lasr                             0x08051c21   Thumb Code    36  llsshr.o(.text)
    _ll_sshift_r                             0x08051c21   Thumb Code     0  llsshr.o(.text)
    __I$use$fp                               0x08051c45   Thumb Code     0  iusefp.o(.text)
    _float_round                             0x08051c45   Thumb Code    18  fepilogue.o(.text)
    _float_epilogue                          0x08051c57   Thumb Code    92  fepilogue.o(.text)
    _double_round                            0x08051cb3   Thumb Code    30  depilogue.o(.text)
    _double_epilogue                         0x08051cd1   Thumb Code   156  depilogue.o(.text)
    __scatterload                            0x08051d6d   Thumb Code    28  init.o(.text)
    __scatterload_rt2                        0x08051d6d   Thumb Code     0  init.o(.text)
    __decompress                             0x08051d91   Thumb Code     0  __dczerorl2.o(.text)
    __decompress1                            0x08051d91   Thumb Code    86  __dczerorl2.o(.text)
    AES128_decrypt                           0x08051de9   Thumb Code   758  crypto.o(i.AES128_decrypt)
    AES128_encrypt                           0x080520ed   Thumb Code   776  crypto.o(i.AES128_encrypt)
    AES128_keyschedule_dec                   0x08052401   Thumb Code   302  crypto.o(i.AES128_keyschedule_dec)
    AES128_keyschedule_enc                   0x08052535   Thumb Code   112  crypto.o(i.AES128_keyschedule_enc)
    AES192_decrypt                           0x080525a9   Thumb Code   754  crypto.o(i.AES192_decrypt)
    AES192_encrypt                           0x080528a9   Thumb Code   776  crypto.o(i.AES192_encrypt)
    AES192_keyschedule_dec                   0x08052bbd   Thumb Code   284  crypto.o(i.AES192_keyschedule_dec)
    AES192_keyschedule_enc                   0x08052cdd   Thumb Code   148  crypto.o(i.AES192_keyschedule_enc)
    AES256_decrypt                           0x08052d75   Thumb Code   758  crypto.o(i.AES256_decrypt)
    AES256_encrypt                           0x08053079   Thumb Code   778  crypto.o(i.AES256_encrypt)
    AES256_keyschedule_dec                   0x08053391   Thumb Code   284  crypto.o(i.AES256_keyschedule_dec)
    AES256_keyschedule_enc                   0x080534b1   Thumb Code   210  crypto.o(i.AES256_keyschedule_enc)
    AES_ECB_Decrypt_Append                   0x0805358d   Thumb Code   196  crypto.o(i.AES_ECB_Decrypt_Append)
    AES_ECB_Decrypt_Finish                   0x08053651   Thumb Code    26  crypto.o(i.AES_ECB_Decrypt_Finish)
    AES_ECB_Decrypt_Init                     0x0805366b   Thumb Code     6  crypto.o(i.AES_ECB_Decrypt_Init)
    AES_ECB_Encrypt_Append                   0x08053671   Thumb Code   196  crypto.o(i.AES_ECB_Encrypt_Append)
    AES_ECB_Encrypt_Finish                   0x08053735   Thumb Code    26  crypto.o(i.AES_ECB_Encrypt_Finish)
    AES_ECB_Encrypt_Init                     0x0805374f   Thumb Code     6  crypto.o(i.AES_ECB_Encrypt_Init)
    Crypto_DeInit                            0x080538f9   Thumb Code     8  crypto.o(i.Crypto_DeInit)
    __0printf$2                              0x08053901   Thumb Code    22  printf2.o(i.__0printf$2)
    __1printf$2                              0x08053901   Thumb Code     0  printf2.o(i.__0printf$2)
    __2printf                                0x08053901   Thumb Code     0  printf2.o(i.__0printf$2)
    __scatterload_copy                       0x08053921   Thumb Code    14  handlers.o(i.__scatterload_copy)
    __scatterload_null                       0x0805392f   Thumb Code     2  handlers.o(i.__scatterload_null)
    __scatterload_zeroinit                   0x08053931   Thumb Code    14  handlers.o(i.__scatterload_zeroinit)
    chCRCHTable                              0x08053a14   Data         256  task_communicate_protocol.o(.constdata)
    chCRCLTable                              0x08053b14   Data         256  task_communicate_protocol.o(.constdata)
    MSC_Page00_Inquiry_Data                  0x08053c14   Data           7  usbd_msc_data.o(.constdata)
    MSC_Mode_Sense6_data                     0x08053c1b   Data           8  usbd_msc_data.o(.constdata)
    MSC_Mode_Sense10_data                    0x08053c23   Data           8  usbd_msc_data.o(.constdata)
    Sbox                                     0x080541a8   Data         256  crypto.o(.constdata)
    InvSbox                                  0x080542a8   Data         256  crypto.o(.constdata)
    rcon                                     0x080543a8   Data          40  crypto.o(.constdata)
    enc_table                                0x080543d0   Data        1024  crypto.o(.constdata)
    dec_table                                0x080547d0   Data        1024  crypto.o(.constdata)
    SP1                                      0x08054df0   Data         256  crypto.o(.constdata)
    SP2                                      0x08054ef0   Data         256  crypto.o(.constdata)
    SP3                                      0x08054ff0   Data         256  crypto.o(.constdata)
    SP4                                      0x080550f0   Data         256  crypto.o(.constdata)
    SP5                                      0x080551f0   Data         256  crypto.o(.constdata)
    SP6                                      0x080552f0   Data         256  crypto.o(.constdata)
    SP7                                      0x080553f0   Data         256  crypto.o(.constdata)
    SP8                                      0x080554f0   Data         256  crypto.o(.constdata)
    K256                                     0x080555f0   Data         256  crypto.o(.constdata)
    Region$$Table$$Base                      0x08055940   Number         0  anon$$obj.o(Region$$Table)
    Region$$Table$$Limit                     0x08055960   Number         0  anon$$obj.o(Region$$Table)
    BSP_Task_Handle                          0x20000000   Data           4  main.o(.data)
    USART_Task_Handle                        0x20000004   Data           4  main.o(.data)
    USB_Task_Handle                          0x20000008   Data           4  main.o(.data)
    USART_L0_RXTask_Handle                   0x2000000c   Data           4  main.o(.data)
    USART_L0_TXTask_Handle                   0x20000010   Data           4  main.o(.data)
    USART_L1_RXTask_Handle                   0x20000014   Data           4  main.o(.data)
    USART_L1_TXTask_Handle                   0x20000018   Data           4  main.o(.data)
    L0_RxQue                                 0x2000001c   Data           4  main.o(.data)
    L0_TxQue                                 0x20000020   Data           4  main.o(.data)
    L1_TxQue                                 0x20000024   Data           4  main.o(.data)
    usart1_TxQue                             0x20000028   Data           4  main.o(.data)
    res                                      0x2000002c   Data           1  main.o(.data)
    i                                        0x20000030   Data           4  main.o(.data)
    L1_TxBuffer                              0x20000034   Data        2100  task_communicate_protocol.o(.data)
    L2_TxBuffer                              0x20000868   Data           4  task_communicate_protocol.o(.data)
    L2_RxBuffer                              0x2000086c   Data           4  task_communicate_protocol.o(.data)
    L2_TxKeyBuffer                           0x20000870   Data           4  task_communicate_protocol.o(.data)
    SD_IN                                    0x20000874   Data           1  task_communicate_protocol.o(.data)
    L1_ACK_Buffer                            0x20000875   Data          20  task_communicate_protocol.o(.data)
    L1_RcvSta                                0x20000889   Data           1  task_communicate_protocol.o(.data)
    L1_TxSta                                 0x2000088a   Data           1  task_communicate_protocol.o(.data)
    L1_RxHeader                              0x2000088c   Data           8  task_communicate_protocol.o(.data)
    L1_TxHeader                              0x20000894   Data           8  task_communicate_protocol.o(.data)
    L2_RxHeader                              0x2000089c   Data           6  task_communicate_protocol.o(.data)
    L2_TxHeader                              0x200008a2   Data           6  task_communicate_protocol.o(.data)
    ACCESS_STATUS                            0x200008a8   Data           1  task_communicate_protocol.o(.data)
    L1_Resend_Times                          0x200008a9   Data           1  task_communicate_protocol.o(.data)
    L1_Tx_Sempaphore                         0x200008aa   Data           1  task_communicate_protocol.o(.data)
    L2_TxKeys_Number                         0x200008ab   Data           1  task_communicate_protocol.o(.data)
    Crp_Sta                                  0x200008ac   Data           4  task_communicate_protocol.o(.data)
    Crp_Length                               0x200008b0   Data           4  task_communicate_protocol.o(.data)
    RNG_Number                               0x200008b4   Data           4  task_communicate_protocol.o(.data)
    KN_Rcv                                   0x200008b8   Data           4  task_communicate_protocol.o(.data)
    Tx_SequenceID                            0x200008bc   Data           2  task_communicate_protocol.o(.data)
    Delay_20Bytes                            0x200008be   Data           1  task_communicate_protocol.o(.data)
    WAKEUPSEMA_RCV                           0x200008bf   Data           1  task_communicate_protocol.o(.data)
    WAKEUPSEMA_SEND                          0x200008c0   Data           1  task_communicate_protocol.o(.data)
    Battery_Test                             0x200008c1   Data           2  task_communicate_protocol.o(.data)
    MCU_ReadLength                           0x200008c4   Data           2  task_communicate_protocol.o(.data)
    controlkey                               0x200008c8   Data           4  task_communicate_protocol.o(.data)
    controlkeyindex                          0x200008cc   Data           1  task_communicate_protocol.o(.data)
    SystemCoreClock                          0x200008d4   Data           4  system_stm32f4xx.o(.data)
    AHBPrescTable                            0x200008d8   Data          16  system_stm32f4xx.o(.data)
    LEDRed                                   0x200008e8   Data          16  task_hardwarecontrol.o(.data)
    LEDGreen                                 0x200008f8   Data          16  task_hardwarecontrol.o(.data)
    LEDBlue                                  0x20000908   Data          16  task_hardwarecontrol.o(.data)
    LEDRed_APPCon                            0x20000918   Data          16  task_hardwarecontrol.o(.data)
    LEDGreen_APPCon                          0x20000928   Data          16  task_hardwarecontrol.o(.data)
    LEDBlue_APPCon                           0x20000938   Data          16  task_hardwarecontrol.o(.data)
    LEDRed_Act                               0x20000948   Data           4  task_hardwarecontrol.o(.data)
    LEDGreen_Act                             0x2000094c   Data           4  task_hardwarecontrol.o(.data)
    LEDBlue_Act                              0x20000950   Data           4  task_hardwarecontrol.o(.data)
    BUZZ                                     0x20000954   Data          16  task_hardwarecontrol.o(.data)
    BUZZ_APPCon                              0x20000964   Data          16  task_hardwarecontrol.o(.data)
    BUZZ_Act                                 0x20000974   Data           4  task_hardwarecontrol.o(.data)
    MCU_JUSTEXITStop_Flag                    0x20000978   Data           1  task_hardwarecontrol.o(.data)
    BlinkStepR                               0x20000979   Data           1  task_hardwarecontrol.o(.data)
    BlinkStepG                               0x2000097a   Data           1  task_hardwarecontrol.o(.data)
    BlinkStepB                               0x2000097b   Data           1  task_hardwarecontrol.o(.data)
    BeepStep                                 0x2000097c   Data           1  task_hardwarecontrol.o(.data)
    BT_NameFlag                              0x2000097d   Data           1  task_hardwarecontrol.o(.data)
    BT_Machine                               0x2000097e   Data           1  task_hardwarecontrol.o(.data)
    ledrticks                                0x20000980   Data           2  task_hardwarecontrol.o(.data)
    beepticks                                0x20000982   Data           2  task_hardwarecontrol.o(.data)
    ledgticks                                0x20000984   Data           2  task_hardwarecontrol.o(.data)
    ledbticks                                0x20000986   Data           2  task_hardwarecontrol.o(.data)
    batteryticks                             0x20000988   Data           2  task_hardwarecontrol.o(.data)
    buttonticks                              0x2000098a   Data           2  task_hardwarecontrol.o(.data)
    onoffticks                               0x2000098c   Data           2  task_hardwarecontrol.o(.data)
    rcvticks                                 0x2000098e   Data           2  task_hardwarecontrol.o(.data)
    BTticks                                  0x20000990   Data           2  task_hardwarecontrol.o(.data)
    accesstick                               0x20000992   Data           2  task_hardwarecontrol.o(.data)
    BT_ADV_Time                              0x20000994   Data           2  task_hardwarecontrol.o(.data)
    ExitClear_Time                           0x20000996   Data           2  task_hardwarecontrol.o(.data)
    SleepTime                                0x20000998   Data           2  task_hardwarecontrol.o(.data)
    timesbeeped                              0x2000099a   Data           1  task_hardwarecontrol.o(.data)
    timesledrblinked                         0x2000099b   Data           1  task_hardwarecontrol.o(.data)
    timesledgblinked                         0x2000099c   Data           1  task_hardwarecontrol.o(.data)
    timesledbblinked                         0x2000099d   Data           1  task_hardwarecontrol.o(.data)
    BT_Timeout                               0x2000099e   Data           2  task_hardwarecontrol.o(.data)
    Battery_Alarmed                          0x200009a0   Data           1  task_hardwarecontrol.o(.data)
    ButtonControl                            0x200009a1   Data           1  task_hardwarecontrol.o(.data)
    LEDRControl                              0x200009a2   Data           1  task_hardwarecontrol.o(.data)
    ButtonFirstRelease                       0x200009a3   Data           1  task_hardwarecontrol.o(.data)
    MCU_STOP_Flag                            0x200009a4   Data           1  task_hardwarecontrol.o(.data)
    ControlNeedStop                          0x200009a5   Data           1  task_hardwarecontrol.o(.data)
    BTtimes                                  0x200009a6   Data           2  task_hardwarecontrol.o(.data)
    USB_INIT_FINISHED                        0x200009a8   Data           1  task_hardwarecontrol.o(.data)
    blue_bw                                  0x200009ac   Data           4  task_hardwarecontrol.o(.data)
    blue_res                                 0x200009b0   Data           1  task_hardwarecontrol.o(.data)
    BT_State_ascii                           0x200009b1   Data           1  task_hardwarecontrol.o(.data)
    BT_Initialed                             0x200009b2   Data           1  task_hardwarecontrol.o(.data)
    VoltagetoCapacity                        0x200009b8   Data         724  bsp_adc.o(.data)
    Battery_Level                            0x20000c8c   Data           1  bsp_adc.o(.data)
    Battery_Voltage                          0x20000c90   Data           8  bsp_adc.o(.data)
    FilteredADC                              0x20000c98   Data           2  bsp_adc.o(.data)
    Battery_Voltage_Test                     0x20000c9a   Data           2  bsp_adc.o(.data)
    VotperCount                              0x20000c9c   Data           4  bsp_adc.o(.data)
    Key                                      0x20000ca0   Data          32  bsp_aesecb256.o(.data)
    bw                                       0x20000cc0   Data           4  bsp_filesystem.o(.data)
    br                                       0x20000cc4   Data           4  bsp_filesystem.o(.data)
    char_ManuName                            0x20000cc8   Data           5  bsp_filesystem.o(.data)
    char_ModelNum                            0x20000ccd   Data           6  bsp_filesystem.o(.data)
    char_SN                                  0x20000cd3   Data          13  bsp_filesystem.o(.data)
    char_HardRev                             0x20000ce0   Data           6  bsp_filesystem.o(.data)
    char_FirmRev                             0x20000ce6   Data           6  bsp_filesystem.o(.data)
    char_SoftRev                             0x20000cec   Data           6  bsp_filesystem.o(.data)
    char_SysID                               0x20000cf2   Data           6  bsp_filesystem.o(.data)
    MCU_WriteStatus                          0x20000cf8   Data           1  bsp_filesystem.o(.data)
    MCU_ReadStatus                           0x20000cf9   Data           1  bsp_filesystem.o(.data)
    char_SysID_Length                        0x20000cfa   Data           1  bsp_filesystem.o(.data)
    Key_Sound                                0x20000cfb   Data           1  bsp_filesystem.o(.data)
    Battery_Threshold                        0x20000cfc   Data           1  bsp_filesystem.o(.data)
    SDTEST_WriteBuffer                       0x20000cfd   Data         512  bsp_filesystem.o(.data)
    SDTEST_ReadBuffer                        0x20000efd   Data         512  bsp_filesystem.o(.data)
    Sysinfo                                  0x20001100   Data          32  bsp_filesystem.o(.data)
    TransferError                            0x2000112a   Data           1  bsp_sdio.o(.data)
    TransferEnd                              0x2000112b   Data           1  bsp_sdio.o(.data)
    tempbuff                                 0x2000112c   Data           4  bsp_sdio.o(.data)
    BT_CMDBufferIndex                        0x20001130   Data           1  bsp_usart.o(.data)
    DTS                                      0x20001131   Data           1  bsp_usart.o(.data)
    L0_RxCount                               0x20001132   Data           1  bsp_usart.o(.data)
    L0_TxCount                               0x20001133   Data           1  bsp_usart.o(.data)
    BT_IsReady                               0x20001134   Data           1  bsp_usart.o(.data)
    BT_State                                 0x20001135   Data           1  bsp_usart.o(.data)
    BT_State_old                             0x20001136   Data           1  bsp_usart.o(.data)
    BT_CMDBuffer_Index                       0x20001137   Data           1  bsp_usart.o(.data)
    BTCMD_State                              0x20001138   Data           1  bsp_usart.o(.data)
    BT_Respond                               0x20001139   Data           1  bsp_usart.o(.data)
    STX_Received                             0x2000113a   Data           1  bsp_usart.o(.data)
    Version_Received                         0x2000113b   Data           1  bsp_usart.o(.data)
    BT_INIT_FINISHED                         0x2000113c   Data           1  bsp_usart.o(.data)
    BT_SLDN_FINISHED                         0x2000113d   Data           1  bsp_usart.o(.data)
    BT_RST_FINISHED                          0x2000113e   Data           1  bsp_usart.o(.data)
    BT_ADV_FINISHED                          0x2000113f   Data           1  bsp_usart.o(.data)
    BT_STATE_FINISHED                        0x20001140   Data           1  bsp_usart.o(.data)
    BT_ADDRESS_FINISHED                      0x20001141   Data           1  bsp_usart.o(.data)
    APPTest_Buffer                           0x20001142   Data        2097  bsp_usart.o(.data)
    __stdout                                 0x20001974   Data           4  bsp_usart.o(.data)
    PowerOn_Released                         0x20001978   Data           1  bsp_gpio.o(.data)
    EXIT_FromRTC                             0x20001979   Data           1  bsp_rtc.o(.data)
    pxCurrentTCB                             0x20001998   Data           4  tasks.o(.data)
    USB_MS                                   0x200019d0   Data           3  usb_bsp.o(.data)
    SET_TEST_MODE                            0x200019d4   Data           4  usbd_core.o(.data)
    USBD_DCD_INT_cb                          0x200019d8   Data          44  usbd_core.o(.data)
    USBD_DCD_INT_fops                        0x20001a04   Data           4  usbd_core.o(.data)
    USR_desc                                 0x20001a08   Data          28  usbd_desc.o(.data)
    USBD_DeviceDesc                          0x20001a24   Data          18  usbd_desc.o(.data)
    USBD_DeviceQualifierDesc                 0x20001a36   Data          10  usbd_desc.o(.data)
    USBD_LangIDDesc                          0x20001a40   Data           4  usbd_desc.o(.data)
    MSC_BOT_DataLen                          0x20001a44   Data           2  usbd_msc_bot.o(.data)
    MSC_BOT_State                            0x20001a46   Data           1  usbd_msc_bot.o(.data)
    MSC_BOT_Status                           0x20001a47   Data           1  usbd_msc_bot.o(.data)
    USBD_MSC_cb                              0x20001a48   Data          44  usbd_msc_core.o(.data)
    USBD_MSC_CfgDesc                         0x20001a74   Data          32  usbd_msc_core.o(.data)
    SCSI_Sense_Head                          0x20001a98   Data           1  usbd_msc_scsi.o(.data)
    SCSI_Sense_Tail                          0x20001a99   Data           1  usbd_msc_scsi.o(.data)
    SCSI_blk_size                            0x20001a9c   Data           4  usbd_msc_scsi.o(.data)
    SCSI_blk_nbr                             0x20001aa0   Data           4  usbd_msc_scsi.o(.data)
    SCSI_blk_addr                            0x20001aa4   Data           4  usbd_msc_scsi.o(.data)
    SCSI_blk_len                             0x20001aa8   Data           4  usbd_msc_scsi.o(.data)
    cdev                                     0x20001aac   Data           4  usbd_msc_scsi.o(.data)
    USBD_ep_status                           0x20001ab0   Data           4  usbd_req.o(.data)
    USBD_default_cfg                         0x20001ab4   Data           4  usbd_req.o(.data)
    USBD_cfg_status                          0x20001ab8   Data           4  usbd_req.o(.data)
    USB_STATUS_REG                           0x20001ac0   Data           1  usbd_storage.o(.data)
    STORAGE_Inquirydata                      0x20001ac1   Data          72  usbd_storage.o(.data)
    USBD_MICRO_SDIO_fops                     0x20001b0c   Data          32  usbd_storage.o(.data)
    USBD_STORAGE_fops                        0x20001b2c   Data           4  usbd_storage.o(.data)
    UDISK_CONNECTED                          0x20001b30   Data           1  usbd_usr.o(.data)
    UDISK_SUSPENDED                          0x20001b31   Data           1  usbd_usr.o(.data)
    USRD_cb                                  0x20001b34   Data          28  usbd_usr.o(.data)
    L0_RxBuffer                              0x20001b70   Data          20  task_communicate_protocol.o(.bss)
    L0_RxBuffer_Temp                         0x20001b84   Data          20  task_communicate_protocol.o(.bss)
    L0_TxBuffer                              0x20001b98   Data          20  task_communicate_protocol.o(.bss)
    L0_TxBuffer_Temp                         0x20001bac   Data          20  task_communicate_protocol.o(.bss)
    L1_RxBuffer                              0x20001bc0   Data        2100  task_communicate_protocol.o(.bss)
    L2_RxKeys                                0x200023f4   Data          80  task_communicate_protocol.o(.bss)
    L2_TxKeys                                0x20002444   Data          80  task_communicate_protocol.o(.bss)
    Decrp_Buffer                             0x20002494   Data          32  task_communicate_protocol.o(.bss)
    Encrp_Buffer                             0x200024b4   Data          32  task_communicate_protocol.o(.bss)
    Blank_Buffer                             0x200024d4   Data          11  task_hardwarecontrol.o(.bss)
    BT_ADDRESS                               0x200024df   Data          12  task_hardwarecontrol.o(.bss)
    file_blue                                0x200024ec   Data         552  task_hardwarecontrol.o(.bss)
    fatfs_SDCARD                             0x20002714   Data         560  bsp_filesystem.o(.bss)
    fatfs_USBDISK                            0x20002944   Data         560  bsp_filesystem.o(.bss)
    file_sdif                                0x20002b74   Data         552  bsp_filesystem.o(.bss)
    file_read                                0x20002d9c   Data         552  bsp_filesystem.o(.bss)
    file_write                               0x20002fc4   Data         552  bsp_filesystem.o(.bss)
    file_info                                0x200031ec   Data         552  bsp_filesystem.o(.bss)
    file_test                                0x20003414   Data         552  bsp_filesystem.o(.bss)
    SDIF_Read                                0x2000363c   Data        2049  bsp_filesystem.o(.bss)
    MCU_ROM_Read                             0x20003e3d   Data         513  bsp_filesystem.o(.bss)
    MCU_ROM_Write                            0x2000403e   Data        1040  bsp_filesystem.o(.bss)
    SDTEST_BlankBuffer                       0x2000444e   Data         512  bsp_filesystem.o(.bss)
    SDIO_InitStructure                       0x20004650   Data          24  bsp_sdio.o(.bss)
    SDIO_CmdInitStructure                    0x20004668   Data          20  bsp_sdio.o(.bss)
    SDIO_DataInitStructure                   0x2000467c   Data          24  bsp_sdio.o(.bss)
    SDCardInfo                               0x200046b8   Data          88  bsp_sdio.o(.bss)
    SDIO_DATA_BUFFER                         0x20004710   Data         512  bsp_sdio.o(.bss)
    BT_CMDBufferRx                           0x20004910   Data          40  bsp_usart.o(.bss)
    Button                                   0x20004938   Data          12  bsp_gpio.o(.bss)
    xQueueRegistry                           0x20014944   Data          64  queue.o(.bss)
    USB_OTG_Core                             0x20014b14   Data        2704  usb_bsp.o(.bss)
    MSC_BOT_Data                             0x200155a4   Data        4096  usbd_msc_bot.o(.bss)
    MSC_BOT_cbw                              0x200165a4   Data          32  usbd_msc_bot.o(.bss)
    MSC_BOT_csw                              0x200165c4   Data          16  usbd_msc_bot.o(.bss)
    SCSI_Sense                               0x200165d4   Data          32  usbd_msc_scsi.o(.bss)
    USBD_StrDesc                             0x200165f4   Data          64  usbd_req.o(.bss)
    __initial_sp                             0x20016a38   Data           0  startup_stm32f411xe.o(STACK)



==============================================================================

Memory Map of the image

  Image Entry point : 0x08040199

  Load Region LR_IROM1 (Base: 0x08040000, Size: 0x000174d0, Max: 0x00020000, ABSOLUTE, COMPRESSED[0x00015e44])

    Execution Region ER_IROM1 (Base: 0x08040000, Size: 0x00015960, Max: 0x00020000, ABSOLUTE)

    Base Addr    Size         Type   Attr      Idx    E Section Name        Object

    0x08040000   0x00000198   Data   RO          699    RESET               startup_stm32f411xe.o
    0x08040198   0x00000000   Code   RO         2211  * .ARM.Collect$$$$00000000  mc_w.l(entry.o)
    0x08040198   0x00000004   Code   RO         2502    .ARM.Collect$$$$00000001  mc_w.l(entry2.o)
    0x0804019c   0x00000004   Code   RO         2505    .ARM.Collect$$$$00000004  mc_w.l(entry5.o)
    0x080401a0   0x00000000   Code   RO         2507    .ARM.Collect$$$$00000008  mc_w.l(entry7b.o)
    0x080401a0   0x00000000   Code   RO         2509    .ARM.Collect$$$$0000000A  mc_w.l(entry8b.o)
    0x080401a0   0x00000008   Code   RO         2510    .ARM.Collect$$$$0000000B  mc_w.l(entry9a.o)
    0x080401a8   0x00000000   Code   RO         2512    .ARM.Collect$$$$0000000D  mc_w.l(entry10a.o)
    0x080401a8   0x00000000   Code   RO         2514    .ARM.Collect$$$$0000000F  mc_w.l(entry11a.o)
    0x080401a8   0x00000004   Code   RO         2503    .ARM.Collect$$$$00002712  mc_w.l(entry2.o)
    0x080401ac   0x000000c6   Code   RO          776    .emb_text           port.o
    0x08040272   0x00000002   PAD
    0x08040274   0x0000018c   Code   RO            4    .text               main.o
    0x08040400   0x00000024   Code   RO          323    .text               stm32f4xx_it.o
    0x08040424   0x000014e8   Code   RO          364    .text               task_communicate_protocol.o
    0x0804190c   0x000001f4   Code   RO          406    .text               system_stm32f4xx.o
    0x08041b00   0x00001300   Code   RO          436    .text               task_hardwarecontrol.o
    0x08042e00   0x000003d8   Code   RO          472    .text               bsp_adc.o
    0x080431d8   0x000000ec   Code   RO          502    .text               bsp_aesecb256.o
    0x080432c4   0x0000004a   Code   RO          535    .text               bsp_delay.o
    0x0804330e   0x00000002   PAD
    0x08043310   0x00000394   Code   RO          562    .text               bsp_filesystem.o
    0x080436a4   0x00001d8c   Code   RO          598    .text               bsp_sdio.o
    0x08045430   0x00000528   Code   RO          629    .text               bsp_usart.o
    0x08045958   0x00000440   Code   RO          668    .text               bsp_gpio.o
    0x08045d98   0x00000024   Code   RO          700    .text               startup_stm32f411xe.o
    0x08045dbc   0x000000f8   Code   RO          707    .text               bsp_rtc.o
    0x08045eb4   0x00000124   Code   RO          736    .text               heap_2.o
    0x08045fd8   0x00000094   Code   RO          764    .text               list.o
    0x0804606c   0x000000fc   Code   RO          777    .text               port.o
    0x08046168   0x000005b0   Code   RO          794    .text               queue.o
    0x08046718   0x00000ba8   Code   RO          812    .text               tasks.o
    0x080472c0   0x000000d8   Code   RO          837    .text               usb_bsp.o
    0x08047398   0x00001786   Code   RO          873    .text               usb_core.o
    0x08048b1e   0x0000037e   Code   RO          897    .text               usb_dcd.o
    0x08048e9c   0x00000770   Code   RO          921    .text               usb_dcd_int.o
    0x0804960c   0x000002f8   Code   RO          945    .text               usbd_core.o
    0x08049904   0x0000013c   Code   RO          978    .text               usbd_desc.o
    0x08049a40   0x000000f4   Code   RO         1009    .text               usbd_ioreq.o
    0x08049b34   0x00000294   Code   RO         1033    .text               usbd_msc_bot.o
    0x08049dc8   0x000001a4   Code   RO         1073    .text               usbd_msc_core.o
    0x08049f6c   0x00000750   Code   RO         1131    .text               usbd_msc_scsi.o
    0x0804a6bc   0x000006c0   Code   RO         1167    .text               usbd_req.o
    0x0804ad7c   0x00000100   Code   RO         1200    .text               usbd_storage.o
    0x0804ae7c   0x00000054   Code   RO         1234    .text               usbd_usr.o
    0x0804aed0   0x00000130   Code   RO         1266    .text               diskio.o
    0x0804b000   0x00002aa6   Code   RO         1297    .text               ff.o
    0x0804daa6   0x00000002   PAD
    0x0804daa8   0x00000080   Code   RO         1315    .text               unicode.o
    0x0804db28   0x000000e0   Code   RO         1335    .text               misc.o
    0x0804dc08   0x00000464   Code   RO         1359    .text               stm32f4xx_adc.o
    0x0804e06c   0x000003a8   Code   RO         1407    .text               stm32f4xx_dma.o
    0x0804e414   0x00000110   Code   RO         1431    .text               stm32f4xx_exti.o
    0x0804e524   0x00000694   Code   RO         1455    .text               stm32f4xx_flash.o
    0x0804ebb8   0x00000294   Code   RO         1479    .text               stm32f4xx_gpio.o
    0x0804ee4c   0x00000040   Code   RO         1530    .text               stm32f4xx_iwdg.o
    0x0804ee8c   0x0000016c   Code   RO         1554    .text               stm32f4xx_pwr.o
    0x0804eff8   0x000005fc   Code   RO         1578    .text               stm32f4xx_rcc.o
    0x0804f5f4   0x00000d68   Code   RO         1628    .text               stm32f4xx_rtc.o
    0x0805035c   0x000001dc   Code   RO         1652    .text               stm32f4xx_sdio.o
    0x08050538   0x00000094   Code   RO         1703    .text               stm32f4xx_syscfg.o
    0x080505cc   0x00000ca2   Code   RO         1727    .text               stm32f4xx_tim.o
    0x0805126e   0x00000002   PAD
    0x08051270   0x00000454   Code   RO         1751    .text               stm32f4xx_usart.o
    0x080516c4   0x00000062   Code   RO         2214    .text               mc_w.l(ldiv.o)
    0x08051726   0x00000002   PAD
    0x08051728   0x00000024   Code   RO         2216    .text               mc_w.l(rand.o)
    0x0805174c   0x00000024   Code   RO         2219    .text               mc_w.l(memcpya.o)
    0x08051770   0x00000024   Code   RO         2221    .text               mc_w.l(memseta.o)
    0x08051794   0x0000014e   Code   RO         2486    .text               mf_w.l(dadd.o)
    0x080518e2   0x000000e4   Code   RO         2488    .text               mf_w.l(dmul.o)
    0x080519c6   0x000000de   Code   RO         2490    .text               mf_w.l(ddiv.o)
    0x08051aa4   0x0000001a   Code   RO         2492    .text               mf_w.l(dfltui.o)
    0x08051abe   0x00000032   Code   RO         2494    .text               mf_w.l(dfixui.o)
    0x08051af0   0x00000026   Code   RO         2496    .text               mf_w.l(f2d.o)
    0x08051b16   0x00000002   PAD
    0x08051b18   0x00000030   Code   RO         2498    .text               mf_w.l(cdrcmple.o)
    0x08051b48   0x00000038   Code   RO         2500    .text               mf_w.l(d2f.o)
    0x08051b80   0x00000062   Code   RO         2518    .text               mc_w.l(uldiv.o)
    0x08051be2   0x0000001e   Code   RO         2520    .text               mc_w.l(llshl.o)
    0x08051c00   0x00000020   Code   RO         2522    .text               mc_w.l(llushr.o)
    0x08051c20   0x00000024   Code   RO         2524    .text               mc_w.l(llsshr.o)
    0x08051c44   0x00000000   Code   RO         2526    .text               mc_w.l(iusefp.o)
    0x08051c44   0x0000006e   Code   RO         2527    .text               mf_w.l(fepilogue.o)
    0x08051cb2   0x000000ba   Code   RO         2529    .text               mf_w.l(depilogue.o)
    0x08051d6c   0x00000024   Code   RO         2533    .text               mc_w.l(init.o)
    0x08051d90   0x00000056   Code   RO         2543    .text               mc_w.l(__dczerorl2.o)
    0x08051de6   0x00000002   PAD
    0x08051de8   0x00000304   Code   RO         1774    i.AES128_decrypt    M4_CryptoFW_RngHW_2_0_6.lib(crypto.o)
    0x080520ec   0x00000314   Code   RO         1775    i.AES128_encrypt    M4_CryptoFW_RngHW_2_0_6.lib(crypto.o)
    0x08052400   0x00000134   Code   RO         1776    i.AES128_keyschedule_dec  M4_CryptoFW_RngHW_2_0_6.lib(crypto.o)
    0x08052534   0x00000074   Code   RO         1777    i.AES128_keyschedule_enc  M4_CryptoFW_RngHW_2_0_6.lib(crypto.o)
    0x080525a8   0x00000300   Code   RO         1778    i.AES192_decrypt    M4_CryptoFW_RngHW_2_0_6.lib(crypto.o)
    0x080528a8   0x00000314   Code   RO         1779    i.AES192_encrypt    M4_CryptoFW_RngHW_2_0_6.lib(crypto.o)
    0x08052bbc   0x00000120   Code   RO         1780    i.AES192_keyschedule_dec  M4_CryptoFW_RngHW_2_0_6.lib(crypto.o)
    0x08052cdc   0x00000098   Code   RO         1781    i.AES192_keyschedule_enc  M4_CryptoFW_RngHW_2_0_6.lib(crypto.o)
    0x08052d74   0x00000304   Code   RO         1782    i.AES256_decrypt    M4_CryptoFW_RngHW_2_0_6.lib(crypto.o)
    0x08053078   0x00000318   Code   RO         1783    i.AES256_encrypt    M4_CryptoFW_RngHW_2_0_6.lib(crypto.o)
    0x08053390   0x00000120   Code   RO         1784    i.AES256_keyschedule_dec  M4_CryptoFW_RngHW_2_0_6.lib(crypto.o)
    0x080534b0   0x000000dc   Code   RO         1785    i.AES256_keyschedule_enc  M4_CryptoFW_RngHW_2_0_6.lib(crypto.o)
    0x0805358c   0x000000c4   Code   RO         1811    i.AES_ECB_Decrypt_Append  M4_CryptoFW_RngHW_2_0_6.lib(crypto.o)
    0x08053650   0x0000001a   Code   RO         1812    i.AES_ECB_Decrypt_Finish  M4_CryptoFW_RngHW_2_0_6.lib(crypto.o)
    0x0805366a   0x00000006   Code   RO         1813    i.AES_ECB_Decrypt_Init  M4_CryptoFW_RngHW_2_0_6.lib(crypto.o)
    0x08053670   0x000000c4   Code   RO         1814    i.AES_ECB_Encrypt_Append  M4_CryptoFW_RngHW_2_0_6.lib(crypto.o)
    0x08053734   0x0000001a   Code   RO         1815    i.AES_ECB_Encrypt_Finish  M4_CryptoFW_RngHW_2_0_6.lib(crypto.o)
    0x0805374e   0x00000006   Code   RO         1816    i.AES_ECB_Encrypt_Init  M4_CryptoFW_RngHW_2_0_6.lib(crypto.o)
    0x08053754   0x000001a4   Code   RO         1832    i.AESstdInit        M4_CryptoFW_RngHW_2_0_6.lib(crypto.o)
    0x080538f8   0x00000008   Code   RO         1847    i.Crypto_DeInit     M4_CryptoFW_RngHW_2_0_6.lib(crypto.o)
    0x08053900   0x00000020   Code   RO         2292    i.__0printf$2       mc_w.l(printf2.o)
    0x08053920   0x0000000e   Code   RO         2537    i.__scatterload_copy  mc_w.l(handlers.o)
    0x0805392e   0x00000002   Code   RO         2538    i.__scatterload_null  mc_w.l(handlers.o)
    0x08053930   0x0000000e   Code   RO         2539    i.__scatterload_zeroinit  mc_w.l(handlers.o)
    0x0805393e   0x000000d6   Code   RO         2299    i._printf_core      mc_w.l(printf2.o)
    0x08053a14   0x00000200   Data   RO          366    .constdata          task_communicate_protocol.o
    0x08053c14   0x00000017   Data   RO         1107    .constdata          usbd_msc_data.o
    0x08053c2b   0x00000001   PAD
    0x08053c2c   0x000000ba   Data   RO         1298    .constdata          ff.o
    0x08053ce6   0x000004c0   Data   RO         1316    .constdata          unicode.o
    0x080541a6   0x00000002   PAD
    0x080541a8   0x00001798   Data   RO         1991    .constdata          M4_CryptoFW_RngHW_2_0_6.lib(crypto.o)
    0x08055940   0x00000020   Data   RO         2535    Region$$Table       anon$$obj.o


    Execution Region RW_IRAM1 (Base: 0x20000000, Size: 0x00016a38, Max: 0x00020000, ABSOLUTE, COMPRESSED[0x000004e4])

    Base Addr    Size         Type   Attr      Idx    E Section Name        Object

    0x20000000   0x00000034   Data   RW            5    .data               main.o
    0x20000034   0x0000089d   Data   RW          367    .data               task_communicate_protocol.o
    0x200008d1   0x00000003   PAD
    0x200008d4   0x00000014   Data   RW          407    .data               system_stm32f4xx.o
    0x200008e8   0x000000cb   Data   RW          438    .data               task_hardwarecontrol.o
    0x200009b3   0x00000005   PAD
    0x200009b8   0x000002e8   Data   RW          473    .data               bsp_adc.o
    0x20000ca0   0x00000020   Data   RW          503    .data               bsp_aesecb256.o
    0x20000cc0   0x00000460   Data   RW          565    .data               bsp_filesystem.o
    0x20001120   0x00000010   Data   RW          600    .data               bsp_sdio.o
    0x20001130   0x00000848   Data   RW          631    .data               bsp_usart.o
    0x20001978   0x00000001   Data   RW          670    .data               bsp_gpio.o
    0x20001979   0x00000001   Data   RW          708    .data               bsp_rtc.o
    0x2000197a   0x00000002   PAD
    0x2000197c   0x00000018   Data   RW          738    .data               heap_2.o
    0x20001994   0x00000004   Data   RW          778    .data               port.o
    0x20001998   0x00000038   Data   RW          814    .data               tasks.o
    0x200019d0   0x00000003   Data   RW          839    .data               usb_bsp.o
    0x200019d3   0x00000001   PAD
    0x200019d4   0x00000034   Data   RW          946    .data               usbd_core.o
    0x20001a08   0x0000003c   Data   RW          979    .data               usbd_desc.o
    0x20001a44   0x00000004   Data   RW         1035    .data               usbd_msc_bot.o
    0x20001a48   0x0000004e   Data   RW         1074    .data               usbd_msc_core.o
    0x20001a96   0x00000002   PAD
    0x20001a98   0x00000018   Data   RW         1133    .data               usbd_msc_scsi.o
    0x20001ab0   0x0000000d   Data   RW         1169    .data               usbd_req.o
    0x20001abd   0x00000003   PAD
    0x20001ac0   0x00000070   Data   RW         1201    .data               usbd_storage.o
    0x20001b30   0x00000020   Data   RW         1235    .data               usbd_usr.o
    0x20001b50   0x0000000a   Data   RW         1299    .data               ff.o
    0x20001b5a   0x00000010   Data   RW         1579    .data               stm32f4xx_rcc.o
    0x20001b6a   0x00000002   PAD
    0x20001b6c   0x00000004   Data   RW         2217    .data               mc_w.l(rand.o)
    0x20001b70   0x00000964   Zero   RW          365    .bss                task_communicate_protocol.o
    0x200024d4   0x00000240   Zero   RW          437    .bss                task_hardwarecontrol.o
    0x20002714   0x00001f3a   Zero   RW          563    .bss                bsp_filesystem.o
    0x2000464e   0x00000002   PAD
    0x20004650   0x000002c0   Zero   RW          599    .bss                bsp_sdio.o
    0x20004910   0x00000028   Zero   RW          630    .bss                bsp_usart.o
    0x20004938   0x0000000c   Zero   RW          669    .bss                bsp_gpio.o
    0x20004944   0x00010000   Zero   RW          737    .bss                heap_2.o
    0x20014944   0x00000040   Zero   RW          795    .bss                queue.o
    0x20014984   0x00000190   Zero   RW          813    .bss                tasks.o
    0x20014b14   0x00000a90   Zero   RW          838    .bss                usb_bsp.o
    0x200155a4   0x00001030   Zero   RW         1034    .bss                usbd_msc_bot.o
    0x200165d4   0x00000020   Zero   RW         1132    .bss                usbd_msc_scsi.o
    0x200165f4   0x00000040   Zero   RW         1168    .bss                usbd_req.o
    0x20016634   0x00000004   PAD
    0x20016638   0x00000400   Zero   RW          697    STACK               startup_stm32f411xe.o


==============================================================================

Image component sizes


      Code (inc. data)   RO Data    RW Data    ZI Data      Debug   Object Name

       984        138          0        744          0       2693   bsp_adc.o
       236          0          0         32          0       2662   bsp_aesecb256.o
        74          0          0          0          0       1254   bsp_delay.o
       916        104          0       1120       7994       7418   bsp_filesystem.o
      1088         28          0          1         12       5001   bsp_gpio.o
       248          6          0          1          0       1290   bsp_rtc.o
      7564        288          0         16        704      25662   bsp_sdio.o
      1320        144          0       2120         40       5991   bsp_usart.o
       304         10          0          0          0       3838   diskio.o
     10918        144        186         10          0      32720   ff.o
       292         20          0         24      65536       4772   heap_2.o
       148          0          0          0          0       2026   list.o
       396         82          0         52          0     393484   main.o
       224         20          0          0          0       1969   misc.o
       450         38          0          4          0       4907   port.o
      1456          6          0          0         64       9079   queue.o
        36          8        408          0       1024        868   startup_stm32f411xe.o
      1124         24          0          0          0      10642   stm32f4xx_adc.o
       936         32          0          0          0       6441   stm32f4xx_dma.o
       272         10          0          0          0       2415   stm32f4xx_exti.o
      1684         28          0          0          0       9302   stm32f4xx_flash.o
       660         44          0          0          0       4241   stm32f4xx_gpio.o
        36          6          0          0          0       3553   stm32f4xx_it.o
        64          6          0          0          0       1393   stm32f4xx_iwdg.o
       364         12          0          0          0       3803   stm32f4xx_pwr.o
      1532         54          0         16          0      12525   stm32f4xx_rcc.o
      3432         44          0          0          0      15200   stm32f4xx_rtc.o
       476         16          0          0          0       7536   stm32f4xx_sdio.o
       148         12          0          0          0       1913   stm32f4xx_syscfg.o
      3234         60          0          0          0      22444   stm32f4xx_tim.o
      1108         34          0          0          0       7944   stm32f4xx_usart.o
       500         44          0         20          0       1927   system_stm32f4xx.o
      5352        540        512       2205       2404       8189   task_communicate_protocol.o
      4864        642          0        203        576      35822   task_hardwarecontrol.o
      2984        200          0         56        400      13980   tasks.o
       128         12       1216          0          0       1641   unicode.o
       216          6          0          3       2704      30024   usb_bsp.o
      6022         10          0          0          0      16942   usb_core.o
       894          0          0          0          0       4468   usb_dcd.o
      1904         22          0          0          0       4991   usb_dcd_int.o
       760          6          0         52          0       5422   usbd_core.o
       316        140          0         60          0       3688   usbd_desc.o
       244          0          0          0          0       2714   usbd_ioreq.o
       660         36          0          4       4144       4613   usbd_msc_bot.o
       420         18          0         78          0       2955   usbd_msc_core.o
         0          0         23          0          0        821   usbd_msc_data.o
      1872        104          0         24         32       8611   usbd_msc_scsi.o
      1728         50          0         13         64       5473   usbd_req.o
       256          8          0        112          0       4069   usbd_storage.o
        84         16          0         32          0       1858   usbd_usr.o

    ----------------------------------------------------------------------
     70936       3272       2380       7020      85704     773194   Object Totals
         0          0         32          0          0          0   (incl. Generated)
         8          0          3         18          6          0   (incl. Padding)

    ----------------------------------------------------------------------

      Code (inc. data)   RO Data    RW Data    ZI Data      Debug   Library Member Name

      6936        112       6040          0          0       2744   crypto.o
        86          0          0          0          0          0   __dczerorl2.o
         0          0          0          0          0          0   entry.o
         0          0          0          0          0          0   entry10a.o
         0          0          0          0          0          0   entry11a.o
         8          4          0          0          0          0   entry2.o
         4          0          0          0          0          0   entry5.o
         0          0          0          0          0          0   entry7b.o
         0          0          0          0          0          0   entry8b.o
         8          4          0          0          0          0   entry9a.o
        30          0          0          0          0          0   handlers.o
        36          8          0          0          0         68   init.o
         0          0          0          0          0          0   iusefp.o
        98          0          0          0          0         84   ldiv.o
        30          0          0          0          0         68   llshl.o
        36          0          0          0          0         68   llsshr.o
        32          0          0          0          0         68   llushr.o
        36          0          0          0          0         68   memcpya.o
        36          0          0          0          0        108   memseta.o
       246         10          0          0          0        176   printf2.o
        36         10          0          4          0        136   rand.o
        98          0          0          0          0         92   uldiv.o
        48          0          0          0          0         68   cdrcmple.o
        56          0          0          0          0         88   d2f.o
       334          0          0          0          0        148   dadd.o
       222          0          0          0          0        100   ddiv.o
       186          0          0          0          0        176   depilogue.o
        50          0          0          0          0         76   dfixui.o
        26          0          0          0          0         76   dfltui.o
       228          0          0          0          0         96   dmul.o
        38          0          0          0          0         68   f2d.o
       110          0          0          0          0        168   fepilogue.o

    ----------------------------------------------------------------------
      9060        148       6040          4          0       4744   Library Totals
         6          0          0          0          0          0   (incl. Padding)

    ----------------------------------------------------------------------

      Code (inc. data)   RO Data    RW Data    ZI Data      Debug   Library Name

      6936        112       6040          0          0       2744   M4_CryptoFW_RngHW_2_0_6.lib
       820         36          0          4          0        936   mc_w.l
      1298          0          0          0          0       1064   mf_w.l

    ----------------------------------------------------------------------
      9060        148       6040          4          0       4744   Library Totals

    ----------------------------------------------------------------------

==============================================================================


      Code (inc. data)   RO Data    RW Data    ZI Data      Debug   

     79996       3420       8420       7024      85704     762234   Grand Totals
     79996       3420       8420       1252      85704     762234   ELF Image Totals (compressed)
     79996       3420       8420       1252          0          0   ROM Totals

==============================================================================

    Total RO  Size (Code + RO Data)                88416 (  86.34kB)
    Total RW  Size (RW Data + ZI Data)             92728 (  90.55kB)
    Total ROM Size (Code + RO Data + RW Data)      89668 (  87.57kB)

==============================================================================

